yarn run v1.22.22
$ ts-node -r tsconfig-paths/register test/test.config.ts --unit
Using MockDB...

[0m[0m
MongoModel Asset
MongoModel ConfigIndexer
MongoModel Dao
MongoModel DaoMemberMapping
MongoModel DaoPermission
MongoModel Jwt
MongoModel Lock
MongoModel LogMetadata
MongoModel LogPluginSetupProcessor
MongoModel Member
MongoModel MemberBalance
MongoModel MemberMetrics
MongoModel MemberTransaction
MongoModel Migration
MongoModel Plugin
MongoModel PluginRepo
MongoModel PluginSlug
MongoModel Proposal
MongoModel SelectorPermission
MongoModel Setting
MongoModel TaskRun
MongoModel TaskService
MongoModel Token
MongoModel Transaction
MongoModel Vote
Indexes synchronized for model: PluginSlug
Indexes synchronized for model: Lock
Indexes synchronized for model: Asset
Indexes synchronized for model: Setting
Indexes synchronized for model: Jwt
Indexes synchronized for model: PluginRepo
Indexes synchronized for model: MemberMetrics
Indexes synchronized for model: LogMetadata
Indexes synchronized for model: ConfigIndexer
Indexes synchronized for model: LogPluginSetupProcessor
Indexes synchronized for model: Migration
Indexes synchronized for model: DaoPermission
Indexes synchronized for model: MemberTransaction
Indexes synchronized for model: Member
Indexes synchronized for model: TaskRun
Indexes synchronized for model: TaskService
Indexes synchronized for model: Transaction
Indexes synchronized for model: MemberBalance
Indexes synchronized for model: SelectorPermission
Indexes synchronized for model: Plugin
Indexes synchronized for model: DaoMemberMapping
Indexes synchronized for model: Vote
Indexes synchronized for model: Proposal
Indexes synchronized for model: Token
Indexes synchronized for model: Dao
[0m  Modules: TaskSchedulerState[0m
  [32m  ✔[0m[90m should enforce a singleton pattern[0m
  [32m  ✔[0m[90m should extend TaskScheduler[0m
  [32m  ✔[0m[90m should inherit methods from TaskScheduler[0m

[0m  State: ConfigState[0m
  [32m  ✔[0m[90m should enforce a singleton pattern[0m
  [32m  ✔[0m[90m should allow setting and getting a config item[0m
  [32m  ✔[0m[90m should emit CONFIG_UPDATED on setConfigItem[0m
  [32m  ✔[0m[90m should allow removing a config item[0m
  [32m  ✔[0m[90m should emit CONFIG_ITEM_REMOVED on removeConfigItem[0m
  [32m  ✔[0m[90m should correctly manage event listeners[0m
  [32m  ✔[0m[90m should return all config items correctly[0m

[0m  Modules: TaskScheduler[0m
2025-07-21T10:15:30.900Z [[31merror[39m] Task execution error
Detail : {
  "service": "service:TaskScheduler",
  "key": "indexer-1753092930818-1",
  "taskName": "logPluginRepoRegistry",
  "error": "Service failed",
  "environment": "development",
  "tags": [
    "aragon-api"
  ]
}
2025-07-21T10:15:30.936Z [[32minfo[39m] Keeping task run due to errors
Detail : {
  "service": "service:TaskScheduler",
  "key": "indexer-1753092930818-1",
  "taskRunId": "687e1342d1d0c394bf14d6cf",
  "environment": "development",
  "tags": [
    "aragon-api"
  ]
}
2025-07-21T10:15:30.992Z [[31merror[39m] Task execution error
Detail : {
  "service": "service:TaskScheduler",
  "key": "indexer-1753092930818-1",
  "taskName": "logPluginRepoRegistry",
  "error": "Service failed",
  "environment": "development",
  "tags": [
    "aragon-api"
  ]
}
2025-07-21T10:15:31.033Z [[32minfo[39m] Keeping task run due to errors
Detail : {
  "service": "service:TaskScheduler",
  "key": "indexer-1753092930818-1",
  "taskRunId": "687e1342d1d0c394bf14d6eb",
  "environment": "development",
  "tags": [
    "aragon-api"
  ]
}
2025-07-21T10:15:31.080Z [[31merror[39m] Task execution error
Detail : {
  "service": "service:TaskScheduler",
  "key": "indexer-1753092930818-1",
  "taskName": "logPluginRepoRegistry",
  "error": "Service failed",
  "environment": "development",
  "tags": [
    "aragon-api"
  ]
}
2025-07-21T10:15:31.115Z [[32minfo[39m] Keeping task run due to errors
Detail : {
  "service": "service:TaskScheduler",
  "key": "indexer-1753092930818-1",
  "taskRunId": "687e1343d1d0c394bf14d70b",
  "environment": "development",
  "tags": [
    "aragon-api"
  ]
}
2025-07-21T10:15:31.161Z [[31merror[39m] Task execution error
Detail : {
  "service": "service:TaskScheduler",
  "key": "indexer-1753092930818-1",
  "taskName": "logPluginRepoRegistry",
  "error": "Service failed",
  "environment": "development",
  "tags": [
    "aragon-api"
  ]
}
2025-07-21T10:15:31.202Z [[32minfo[39m] Keeping task run due to errors
Detail : {
  "service": "service:TaskScheduler",
  "key": "indexer-1753092930818-1",
  "taskRunId": "687e1343d1d0c394bf14d72b",
  "environment": "development",
  "tags": [
    "aragon-api"
  ]
}
2025-07-21T10:15:31.240Z [[31merror[39m] Task execution error
Detail : {
  "service": "service:TaskScheduler",
  "key": "indexer-1753092930818-1",
  "taskName": "logPluginRepoRegistry",
  "error": "Service failed",
  "environment": "development",
  "tags": [
    "aragon-api"
  ]
}
2025-07-21T10:15:31.291Z [[32minfo[39m] Keeping task run due to errors
Detail : {
  "service": "service:TaskScheduler",
  "key": "indexer-1753092930818-1",
  "taskRunId": "687e1343d1d0c394bf14d74b",
  "environment": "development",
  "tags": [
    "aragon-api"
  ]
}
2025-07-21T10:15:31.329Z [[31merror[39m] Task execution error
Detail : {
  "service": "service:TaskScheduler",
  "key": "indexer-1753092930818-1",
  "taskName": "logPluginRepoRegistry",
  "error": "Service failed",
  "environment": "development",
  "tags": [
    "aragon-api"
  ]
}
2025-07-21T10:15:31.380Z [[32minfo[39m] Keeping task run due to errors
Detail : {
  "service": "service:TaskScheduler",
  "key": "indexer-1753092930818-1",
  "taskRunId": "687e1343d1d0c394bf14d76b",
  "environment": "development",
  "tags": [
    "aragon-api"
  ]
}
2025-07-21T10:15:31.430Z [[31merror[39m] Task execution error
Detail : {
  "service": "service:TaskScheduler",
  "key": "indexer-1753092930818-1",
  "taskName": "logPluginRepoRegistry",
  "error": "Service failed",
  "environment": "development",
  "tags": [
    "aragon-api"
  ]
}
2025-07-21T10:15:31.474Z [[32minfo[39m] Keeping task run due to errors
Detail : {
  "service": "service:TaskScheduler",
  "key": "indexer-1753092930818-1",
  "taskRunId": "687e1343d1d0c394bf14d78d",
  "environment": "development",
  "tags": [
    "aragon-api"
  ]
}
2025-07-21T10:15:31.514Z [[31merror[39m] Task execution error
Detail : {
  "service": "service:TaskScheduler",
  "key": "indexer-1753092930818-1",
  "taskName": "logPluginRepoRegistry",
  "error": "Service failed",
  "environment": "development",
  "tags": [
    "aragon-api"
  ]
}
2025-07-21T10:15:31.558Z [[32minfo[39m] Keeping task run due to errors
Detail : {
  "service": "service:TaskScheduler",
  "key": "indexer-1753092930818-1",
  "taskRunId": "687e1343d1d0c394bf14d7ad",
  "environment": "development",
  "tags": [
    "aragon-api"
  ]
}
2025-07-21T10:15:31.609Z [[31merror[39m] Task execution error
Detail : {
  "service": "service:TaskScheduler",
  "key": "indexer-1753092930818-1",
  "taskName": "logPluginRepoRegistry",
  "error": "Service failed",
  "environment": "development",
  "tags": [
    "aragon-api"
  ]
}
2025-07-21T10:15:31.663Z [[32minfo[39m] Keeping task run due to errors
Detail : {
  "service": "service:TaskScheduler",
  "key": "indexer-1753092930818-1",
  "taskRunId": "687e1343d1d0c394bf14d7ce",
  "environment": "development",
  "tags": [
    "aragon-api"
  ]
}
2025-07-21T10:15:31.711Z [[31merror[39m] Task execution error
Detail : {
  "service": "service:TaskScheduler",
  "key": "indexer-1753092930818-1",
  "taskName": "logPluginRepoRegistry",
  "error": "Service failed",
  "environment": "development",
  "tags": [
    "aragon-api"
  ]
}
2025-07-21T10:15:31.760Z [[32minfo[39m] Keeping task run due to errors
Detail : {
  "service": "service:TaskScheduler",
  "key": "indexer-1753092930818-1",
  "taskRunId": "687e1343d1d0c394bf14d7f0",
  "environment": "development",
  "tags": [
    "aragon-api"
  ]
}
2025-07-21T10:15:31.775Z [[32minfo[39m] indexer-1753092930818-1 task stopped
Detail : {
  "service": "service:TaskScheduler",
  "environment": "development",
  "tags": [
    "aragon-api"
  ]
}
  [32m  ✔[0m[90m should run task immediately and at the next interval[0m[31m (1021ms)[0m
2025-07-21T10:15:31.964Z [[31merror[39m] Task execution error
Detail : {
  "service": "service:TaskScheduler",
  "key": "indexer2-1753092931856-2",
  "taskName": "logPluginRepoRegistry",
  "error": "Service failed",
  "environment": "development",
  "tags": [
    "aragon-api"
  ]
}
2025-07-21T10:15:31.983Z [[32minfo[39m] Keeping task run due to errors
Detail : {
  "service": "service:TaskScheduler",
  "key": "indexer2-1753092931856-2",
  "taskRunId": "687e1343d1d0c394bf14d879",
  "environment": "development",
  "tags": [
    "aragon-api"
  ]
}
2025-07-21T10:15:32.048Z [[31merror[39m] Task execution error
Detail : {
  "service": "service:TaskScheduler",
  "key": "indexer2-1753092931856-2",
  "taskName": "logPluginRepoRegistry",
  "error": "Service failed",
  "environment": "development",
  "tags": [
    "aragon-api"
  ]
}
2025-07-21T10:15:32.069Z [[32minfo[39m] Keeping task run due to errors
Detail : {
  "service": "service:TaskScheduler",
  "key": "indexer2-1753092931856-2",
  "taskRunId": "687e1344d1d0c394bf14d88d",
  "environment": "development",
  "tags": [
    "aragon-api"
  ]
}
2025-07-21T10:15:32.128Z [[31merror[39m] Task execution error
Detail : {
  "service": "service:TaskScheduler",
  "key": "indexer2-1753092931856-2",
  "taskName": "logPluginRepoRegistry",
  "error": "Service failed",
  "environment": "development",
  "tags": [
    "aragon-api"
  ]
}
2025-07-21T10:15:32.149Z [[32minfo[39m] Keeping task run due to errors
Detail : {
  "service": "service:TaskScheduler",
  "key": "indexer2-1753092931856-2",
  "taskRunId": "687e1344d1d0c394bf14d8a1",
  "environment": "development",
  "tags": [
    "aragon-api"
  ]
}
2025-07-21T10:15:32.189Z [[31merror[39m] Task execution error
Detail : {
  "service": "service:TaskScheduler",
  "key": "indexer2-1753092931856-2",
  "taskName": "logPluginRepoRegistry",
  "error": "Service failed",
  "environment": "development",
  "tags": [
    "aragon-api"
  ]
}
2025-07-21T10:15:32.208Z [[32minfo[39m] Keeping task run due to errors
Detail : {
  "service": "service:TaskScheduler",
  "key": "indexer2-1753092931856-2",
  "taskRunId": "687e1344d1d0c394bf14d8b4",
  "environment": "development",
  "tags": [
    "aragon-api"
  ]
}
2025-07-21T10:15:32.249Z [[31merror[39m] Task execution error
Detail : {
  "service": "service:TaskScheduler",
  "key": "indexer2-1753092931856-2",
  "taskName": "logPluginRepoRegistry",
  "error": "Service failed",
  "environment": "development",
  "tags": [
    "aragon-api"
  ]
}
2025-07-21T10:15:32.271Z [[32minfo[39m] Keeping task run due to errors
Detail : {
  "service": "service:TaskScheduler",
  "key": "indexer2-1753092931856-2",
  "taskRunId": "687e1344d1d0c394bf14d8c7",
  "environment": "development",
  "tags": [
    "aragon-api"
  ]
}
2025-07-21T10:15:32.312Z [[31merror[39m] Task execution error
Detail : {
  "service": "service:TaskScheduler",
  "key": "indexer2-1753092931856-2",
  "taskName": "logPluginRepoRegistry",
  "error": "Service failed",
  "environment": "development",
  "tags": [
    "aragon-api"
  ]
}
2025-07-21T10:15:32.329Z [[32minfo[39m] Keeping task run due to errors
Detail : {
  "service": "service:TaskScheduler",
  "key": "indexer2-1753092931856-2",
  "taskRunId": "687e1344d1d0c394bf14d8da",
  "environment": "development",
  "tags": [
    "aragon-api"
  ]
}
2025-07-21T10:15:32.374Z [[31merror[39m] Task execution error
Detail : {
  "service": "service:TaskScheduler",
  "key": "indexer2-1753092931856-2",
  "taskName": "logPluginRepoRegistry",
  "error": "Service failed",
  "environment": "development",
  "tags": [
    "aragon-api"
  ]
}
2025-07-21T10:15:32.390Z [[32minfo[39m] Keeping task run due to errors
Detail : {
  "service": "service:TaskScheduler",
  "key": "indexer2-1753092931856-2",
  "taskRunId": "687e1344d1d0c394bf14d8ed",
  "environment": "development",
  "tags": [
    "aragon-api"
  ]
}
2025-07-21T10:15:32.432Z [[31merror[39m] Task execution error
Detail : {
  "service": "service:TaskScheduler",
  "key": "indexer2-1753092931856-2",
  "taskName": "logPluginRepoRegistry",
  "error": "Service failed",
  "environment": "development",
  "tags": [
    "aragon-api"
  ]
}
2025-07-21T10:15:32.452Z [[32minfo[39m] Keeping task run due to errors
Detail : {
  "service": "service:TaskScheduler",
  "key": "indexer2-1753092931856-2",
  "taskRunId": "687e1344d1d0c394bf14d900",
  "environment": "development",
  "tags": [
    "aragon-api"
  ]
}
2025-07-21T10:15:32.489Z [[31merror[39m] Task execution error
Detail : {
  "service": "service:TaskScheduler",
  "key": "indexer2-1753092931856-2",
  "taskName": "logPluginRepoRegistry",
  "error": "Service failed",
  "environment": "development",
  "tags": [
    "aragon-api"
  ]
}
2025-07-21T10:15:32.511Z [[32minfo[39m] Keeping task run due to errors
Detail : {
  "service": "service:TaskScheduler",
  "key": "indexer2-1753092931856-2",
  "taskRunId": "687e1344d1d0c394bf14d913",
  "environment": "development",
  "tags": [
    "aragon-api"
  ]
}
2025-07-21T10:15:32.553Z [[31merror[39m] Task execution error
Detail : {
  "service": "service:TaskScheduler",
  "key": "indexer2-1753092931856-2",
  "taskName": "logPluginRepoRegistry",
  "error": "Service failed",
  "environment": "development",
  "tags": [
    "aragon-api"
  ]
}
2025-07-21T10:15:32.568Z [[32minfo[39m] Keeping task run due to errors
Detail : {
  "service": "service:TaskScheduler",
  "key": "indexer2-1753092931856-2",
  "taskRunId": "687e1344d1d0c394bf14d926",
  "environment": "development",
  "tags": [
    "aragon-api"
  ]
}
2025-07-21T10:15:32.615Z [[31merror[39m] Task execution error
Detail : {
  "service": "service:TaskScheduler",
  "key": "indexer2-1753092931856-2",
  "taskName": "logPluginRepoRegistry",
  "error": "Service failed",
  "environment": "development",
  "tags": [
    "aragon-api"
  ]
}
2025-07-21T10:15:32.633Z [[32minfo[39m] Keeping task run due to errors
Detail : {
  "service": "service:TaskScheduler",
  "key": "indexer2-1753092931856-2",
  "taskRunId": "687e1344d1d0c394bf14d939",
  "environment": "development",
  "tags": [
    "aragon-api"
  ]
}
2025-07-21T10:15:32.663Z [[32minfo[39m] indexer2-1753092931856-2 task stopped
Detail : {
  "service": "service:TaskScheduler",
  "environment": "development",
  "tags": [
    "aragon-api"
  ]
}
2025-07-21T10:15:32.672Z [[31merror[39m] Task execution error
Detail : {
  "service": "service:TaskScheduler",
  "key": "indexer2-1753092931856-2",
  "taskName": "logPluginRepoRegistry",
  "error": "Service failed",
  "environment": "development",
  "tags": [
    "aragon-api"
  ]
}
2025-07-21T10:15:32.693Z [[32minfo[39m] Keeping task run due to errors
Detail : {
  "service": "service:TaskScheduler",
  "key": "indexer2-1753092931856-2",
  "taskRunId": "687e1344d1d0c394bf14d94c",
  "environment": "development",
  "tags": [
    "aragon-api"
  ]
}
  [32m  ✔[0m[90m should run task at least twice at the specified interval when runNow is false[0m[31m (1621ms)[0m
  [32m  ✔[0m[90m should allow manual execution of a task via runTaskNow[0m[31m (136ms)[0m
2025-07-21T10:15:33.625Z [[32minfo[39m] manualRun-1753092933490-3 task stopped
Detail : {
  "service": "service:TaskScheduler",
  "environment": "development",
  "tags": [
    "aragon-api"
  ]
}
  [32m  ✔[0m[90m should handle errors correctly and call onError[0m[31m (152ms)[0m
2025-07-21T10:15:33.787Z [[32minfo[39m] errorTask-1753092933634-4 task stopped
Detail : {
  "service": "service:TaskScheduler",
  "environment": "development",
  "tags": [
    "aragon-api"
  ]
}
2025-07-21T10:15:33.887Z [[32minfo[39m] statusTest-1753092933803-5 task stopped
Detail : {
  "service": "service:TaskScheduler",
  "environment": "development",
  "tags": [
    "aragon-api"
  ]
}
  [32m  ✔[0m[90m should return the correct status of scheduled tasks[0m[31m (96ms)[0m
2025-07-21T10:15:33.899Z [[32minfo[39m] statusTest-1753092933803-5 task stopped
Detail : {
  "service": "service:TaskScheduler",
  "environment": "development",
  "tags": [
    "aragon-api"
  ]
}
  [32m  ✔[0m[90m should prevent task duplication[0m[33m (67ms)[0m
2025-07-21T10:15:33.978Z [[32minfo[39m] duplicateTest-1753092933912-6 task stopped
Detail : {
  "service": "service:TaskScheduler",
  "environment": "development",
  "tags": [
    "aragon-api"
  ]
}
  [32m  ✔[0m[90m should not run task if it is already running (locked in database)[0m[33m (61ms)[0m
2025-07-21T10:15:34.049Z [[32minfo[39m] lockTest-1753092933988-7 task stopped
Detail : {
  "service": "service:TaskScheduler",
  "environment": "development",
  "tags": [
    "aragon-api"
  ]
}
  [32m  ✔[0m[90m should return true if no task service exists for shouldRunTask[0m
  [32m  ✔[0m[90m should update existing task service in initializeTaskService[0m
  [32m  ✔[0m[90m should not run task if shouldRunTask returns false[0m
2025-07-21T10:15:34.093Z [[32minfo[39m] shouldRunTest-1753092934073-8 task stopped
Detail : {
  "service": "service:TaskScheduler",
  "environment": "development",
  "tags": [
    "aragon-api"
  ]
}
  [32m  ✔[0m[90m should handle successful tasks by deleting them from database[0m[31m (158ms)[0m
2025-07-21T10:15:34.262Z [[32minfo[39m] successTest-1753092934103-9 task stopped
Detail : {
  "service": "service:TaskScheduler",
  "environment": "development",
  "tags": [
    "aragon-api"
  ]
}
2025-07-21T10:15:34.317Z [[31merror[39m] Task execution error
Detail : {
  "service": "service:TaskScheduler",
  "key": "errorKeepTest-1753092934276-10",
  "taskName": "failingTask",
  "error": "Task failed",
  "environment": "development",
  "tags": [
    "aragon-api"
  ]
}
2025-07-21T10:15:34.324Z [[32minfo[39m] Keeping task run due to errors
Detail : {
  "service": "service:TaskScheduler",
  "key": "errorKeepTest-1753092934276-10",
  "taskRunId": "687e1346d1d0c394bf14dada",
  "environment": "development",
  "tags": [
    "aragon-api"
  ]
}
  [32m  ✔[0m[90m should keep error tasks in database[0m[31m (160ms)[0m
2025-07-21T10:15:34.436Z [[32minfo[39m] errorKeepTest-1753092934276-10 task stopped
Detail : {
  "service": "service:TaskScheduler",
  "environment": "development",
  "tags": [
    "aragon-api"
  ]
}
2025-07-21T10:15:34.491Z [[31merror[39m] Task execution error
Detail : {
  "service": "service:TaskScheduler",
  "key": "mixedTest-1753092934451-11",
  "taskName": "failTask",
  "error": "Failed",
  "environment": "development",
  "tags": [
    "aragon-api"
  ]
}
2025-07-21T10:15:34.497Z [[32minfo[39m] Keeping task run due to errors
Detail : {
  "service": "service:TaskScheduler",
  "key": "mixedTest-1753092934451-11",
  "taskRunId": "687e1346d1d0c394bf14db01",
  "environment": "development",
  "tags": [
    "aragon-api"
  ]
}
  [32m  ✔[0m[90m should handle mixed success and error tasks correctly[0m[31m (158ms)[0m
2025-07-21T10:15:34.608Z [[32minfo[39m] mixedTest-1753092934451-11 task stopped
Detail : {
  "service": "service:TaskScheduler",
  "environment": "development",
  "tags": [
    "aragon-api"
  ]
}

[0m  Module: runner[0m
  [36m  - should start all apps and open connections[0m
  [36m  - handles errors when starting apps[0m

[0m  Modules:RateModule[0m
[0m    fetchRate[0m
    [32m  ✔[0m[90m should fetchRate with Covalent[0m
[0m    fetchRateWithCovalent[0m
    [32m  ✔[0m[90m should fetchRateWithCovalent[0m
[0m    fetchHistoricalRate[0m
    [32m  ✔[0m[90m should fetch historical rate with address[0m
    [32m  ✔[0m[90m should fetch historical rate with symbol[0m[31m (94ms)[0m
    [32m  ✔[0m[90m should return "0" when axios request fails[0m[31m (96ms)[0m
    [32m  ✔[0m[90m should return "0" for test networks[0m

[0m  Modules: RabbitMQ[0m
[0m    connect[0m
2025-07-21T10:15:34.893Z [[32minfo[39m] RabbitMQ connected
Detail : {
  "service": "rabbitmq",
  "uri": "amqp://user:password@rabbitmq:5672",
  "environment": "development",
  "tags": [
    "aragon-api"
  ]
}
    [32m  ✔[0m[90m should establish a connection and set up channels[0m
    [32m  ✔[0m[90m should handle disconnection and log an error[0m
    [32m  ✔[0m[90m should not reconnect if already connected[0m
[0m    getChannel[0m
    [32m  ✔[0m[90m should return the correct channel for a queue[0m
    [32m  ✔[0m[90m should throw an error if RabbitMQ is not connected[0m
    [32m  ✔[0m[90m should throw an error if no channel exists for a queue[0m
[0m    close[0m
    [32m  ✔[0m[90m should close the connection and log the event[0m
2025-07-21T10:15:34.961Z [[32minfo[39m] RabbitMQ connected
Detail : {
  "service": "rabbitmq",
  "uri": "amqp://user:password@rabbitmq:5672",
  "environment": "development",
  "tags": [
    "aragon-api"
  ]
}
2025-07-21T10:15:34.961Z [[32minfo[39m] Starting noop interval
Detail : {
  "service": "rabbitmq",
  "intervalMs": 15000,
  "environment": "development",
  "tags": [
    "aragon-api"
  ]
}
2025-07-21T10:15:34.962Z [[36mverbose[39m] Stopped noop interval
Detail : {
  "service": "rabbitmq",
  "environment": "development",
  "tags": [
    "aragon-api"
  ]
}
    [32m  ✔[0m[90m should log a warning if an error occurs during closing[0m
[0m    startNoopInterval[0m
2025-07-21T10:15:34.970Z [[36mverbose[39m] Channel set up for queue
Detail : {
  "service": "rabbitmq",
  "queueName": "dao.assets",
  "environment": "development",
  "tags": [
    "aragon-api"
  ]
}
2025-07-21T10:15:34.970Z [[36mverbose[39m] Channel set up for queue
Detail : {
  "service": "rabbitmq",
  "queueName": "dao.metrics",
  "environment": "development",
  "tags": [
    "aragon-api"
  ]
}
2025-07-21T10:15:34.970Z [[36mverbose[39m] Channel set up for queue
Detail : {
  "service": "rabbitmq",
  "queueName": "can.create.proposal",
  "environment": "development",
  "tags": [
    "aragon-api"
  ]
}
2025-07-21T10:15:34.970Z [[36mverbose[39m] Channel set up for queue
Detail : {
  "service": "rabbitmq",
  "queueName": "proposal.token.metrics",
  "environment": "development",
  "tags": [
    "aragon-api"
  ]
}
2025-07-21T10:15:34.971Z [[36mverbose[39m] Channel set up for queue
Detail : {
  "service": "rabbitmq",
  "queueName": "contract.info",
  "environment": "development",
  "tags": [
    "aragon-api"
  ]
}
2025-07-21T10:15:34.971Z [[36mverbose[39m] Channel set up for queue
Detail : {
  "service": "rabbitmq",
  "queueName": "log.plugins",
  "environment": "development",
  "tags": [
    "aragon-api"
  ]
}
2025-07-21T10:15:34.971Z [[36mverbose[39m] Channel set up for queue
Detail : {
  "service": "rabbitmq",
  "queueName": "vote.info",
  "environment": "development",
  "tags": [
    "aragon-api"
  ]
}
2025-07-21T10:15:34.971Z [[36mverbose[39m] Channel set up for queue
Detail : {
  "service": "rabbitmq",
  "queueName": "dao.transactions",
  "environment": "development",
  "tags": [
    "aragon-api"
  ]
}
2025-07-21T10:15:34.971Z [[36mverbose[39m] Channel set up for queue
Detail : {
  "service": "rabbitmq",
  "queueName": "all.metrics",
  "environment": "development",
  "tags": [
    "aragon-api"
  ]
}
2025-07-21T10:15:34.971Z [[36mverbose[39m] Channel set up for queue
Detail : {
  "service": "rabbitmq",
  "queueName": "plugin.installation.data",
  "environment": "development",
  "tags": [
    "aragon-api"
  ]
}
2025-07-21T10:15:34.971Z [[36mverbose[39m] Channel set up for queue
Detail : {
  "service": "rabbitmq",
  "queueName": "member.votingPower",
  "environment": "development",
  "tags": [
    "aragon-api"
  ]
}
2025-07-21T10:15:34.971Z [[36mverbose[39m] Channel set up for queue
Detail : {
  "service": "rabbitmq",
  "queueName": "log.selector.permission",
  "environment": "development",
  "tags": [
    "aragon-api"
  ]
}
2025-07-21T10:15:34.971Z [[36mverbose[39m] Channel set up for queue
Detail : {
  "service": "rabbitmq",
  "queueName": "token.info",
  "environment": "development",
  "tags": [
    "aragon-api"
  ]
}
2025-07-21T10:15:34.971Z [[36mverbose[39m] Channel set up for queue
Detail : {
  "service": "rabbitmq",
  "queueName": "proposal.multisig.metrics",
  "environment": "development",
  "tags": [
    "aragon-api"
  ]
}
2025-07-21T10:15:34.971Z [[36mverbose[39m] Channel set up for queue
Detail : {
  "service": "rabbitmq",
  "queueName": "proposal.actions",
  "environment": "development",
  "tags": [
    "aragon-api"
  ]
}
2025-07-21T10:15:34.971Z [[36mverbose[39m] Channel set up for queue
Detail : {
  "service": "rabbitmq",
  "queueName": "contract.decoder",
  "environment": "development",
  "tags": [
    "aragon-api"
  ]
}
2025-07-21T10:15:34.971Z [[36mverbose[39m] Channel set up for queue
Detail : {
  "service": "rabbitmq",
  "queueName": "log.dao",
  "environment": "development",
  "tags": [
    "aragon-api"
  ]
}
2025-07-21T10:15:34.971Z [[36mverbose[39m] Channel set up for queue
Detail : {
  "service": "rabbitmq",
  "queueName": "member.lockVotingPowerBatch",
  "environment": "development",
  "tags": [
    "aragon-api"
  ]
}
2025-07-21T10:15:34.971Z [[36mverbose[39m] Channel set up for queue
Detail : {
  "service": "rabbitmq",
  "queueName": "member.balance",
  "environment": "development",
  "tags": [
    "aragon-api"
  ]
}
    [32m  ✔[0m[90m should create an interval and perform noop operations[0m[31m (502ms)[0m
    [32m  ✔[0m[90m should handle errors during noop operation[0m[31m (502ms)[0m
2025-07-21T10:15:35.994Z [[36mverbose[39m] Stopped noop interval
Detail : {
  "service": "rabbitmq",
  "environment": "development",
  "tags": [
    "aragon-api"
  ]
}
    [32m  ✔[0m[90m should clear existing interval before creating a new one[0m
[0m    stopNoopInterval[0m
    [32m  ✔[0m[90m should clear interval and log verbose message[0m

[0m  Module: ProxyWeb3[0m
[0m    getNativeBalance[0m
    [32m  ✔[0m[90m should return the balance of an address[0m
2025-07-21T10:15:36.115Z [[31merror[39m] token not found balance 0
Detail : {
  "service": "helpers:ProxyWeb3",
  "environment": "development",
  "tags": [
    "aragon-api"
  ]
}
    [32m  ✔[0m[90m should return "0" when token is not saved[0m[31m (92ms)[0m
    [32m  ✔[0m[90m should return "0" on error[0m[31m (93ms)[0m
[0m    getTokenBalances[0m
    [32m  ✔[0m[90m should return token balances of an address[0m[31m (93ms)[0m
    [32m  ✔[0m[90m should return an empty array on error[0m[31m (87ms)[0m

[0m  Modules: ProxyToken[0m
[0m    saveAndGetToken[0m
    [32m  ✔[0m[90m should return existing token and update if needed[0m
    [32m  ✔[0m[90m should create new token when no existing token is found[0m
    [32m  ✔[0m[90m should handle errors and return null[0m
    [32m  ✔[0m[90m should pass forceUpdate parameter correctly[0m
    [32m  ✔[0m[90m should use tokenAddress when parseAddress returns null[0m
[0m    updateTokenMetrics[0m
    [32m  ✔[0m[90m should not update if token was recently updated and forceUpdate is false[0m
    [32m  ✔[0m[90m should update if token was not recently updated[0m
2025-07-21T10:15:37.088Z [[31merror[39m] Error in Covalent RPC Call
Detail : {
  "service": "covalent",
  "path": "/pricing/historical_by_addresses_v2/eth-mainnet/USD/0x123456789abcdef/?from=2025-07-20",
  "error": {
    "message": "Request failed with status code 401",
    "name": "AxiosError",
    "stack": "AxiosError: Request failed with status code 401
    at settle (/Users/sishirpokhrel/Projects/aragon/app-backend/node_modules/axios/lib/core/settle.js:19:12)
    at IncomingMessage.handleStreamEnd (/Users/sishirpokhrel/Projects/aragon/app-backend/node_modules/axios/lib/adapters/http.js:599:11)
    at IncomingMessage.emit (node:events:519:35)
    at IncomingMessage.emit (node:domain:489:12)
    at endReadableNT (node:internal/streams/readable:1701:12)
    at processTicksAndRejections (node:internal/process/task_queues:90:21)
    at Axios.request (/Users/sishirpokhrel/Projects/aragon/app-backend/node_modules/axios/lib/core/Axios.js:45:41)
    at processTicksAndRejections (node:internal/process/task_queues:105:5)",
    "config": {
      "transitional": {
        "silentJSONParsing": true,
        "forcedJSONParsing": true,
        "clarifyTimeoutError": false
      },
      "adapter": [
        "xhr",
        "http",
        "fetch"
      ],
      "transformRequest": [
        null
      ],
      "transformResponse": [
        null
      ],
      "timeout": 0,
      "xsrfCookieName": "XSRF-TOKEN",
      "xsrfHeaderName": "X-XSRF-TOKEN",
      "maxContentLength": -1,
      "maxBodyLength": -1,
      "env": {},
      "headers": {
        "Accept": "application/json, text/plain, */*",
        "Content-Type": "application/json",
        "Authorization": "Basic bnVsbDo=",
        "User-Agent": "axios/1.8.3",
        "Accept-Encoding": "gzip, compress, deflate, br"
      },
      "baseURL": "https://api.covalenthq.com/v1",
      "method": "get",
      "url": "https://api.covalenthq.com/v1/pricing/historical_by_addresses_v2/eth-mainnet/USD/0x123456789abcdef/?from=2025-07-20",
      "allowAbsoluteUrls": true
    },
    "code": "ERR_BAD_REQUEST",
    "status": 401
  },
  "errorCode": "ERR_BAD_REQUEST",
  "errorStack": "AxiosError: Request failed with status code 401
    at settle (/Users/sishirpokhrel/Projects/aragon/app-backend/node_modules/axios/lib/core/settle.js:19:12)
    at IncomingMessage.handleStreamEnd (/Users/sishirpokhrel/Projects/aragon/app-backend/node_modules/axios/lib/adapters/http.js:599:11)
    at IncomingMessage.emit (node:events:519:35)
    at IncomingMessage.emit (node:domain:489:12)
    at endReadableNT (node:internal/streams/readable:1701:12)
    at processTicksAndRejections (node:internal/process/task_queues:90:21)
    at Axios.request (/Users/sishirpokhrel/Projects/aragon/app-backend/node_modules/axios/lib/core/Axios.js:45:41)
    at processTicksAndRejections (node:internal/process/task_queues:105:5)",
  "errorMessage": "Request failed with status code 401",
  "environment": "development",
  "tags": [
    "aragon-api"
  ]
}
    [32m  ✔[0m[90m should update if forceUpdate is true even if token was recently updated[0m[31m (511ms)[0m
    [32m  ✔[0m[90m should not update if token.skipFetchRate is true and forceUpdate is false[0m
    [32m  ✔[0m[90m should update native token with only price information[0m
    [32m  ✔[0m[90m should handle when session is undefined[0m
[0m    wrapTokenDetails[0m
    [32m  ✔[0m[90m should fetch basic token info for non-escrowAdapter tokens[0m
    [32m  ✔[0m[90m should handle escrowAdapter tokens by fetching underlying token[0m
    [32m  ✔[0m[90m should handle escrowAdapter tokens when plugin is not found[0m
    [32m  ✔[0m[90m should handle escrowAdapter tokens when plugin has no votingEscrow[0m
    [32m  ✔[0m[90m should handle when fetchBasicTokenInfo returns null[0m
    [32m  ✔[0m[90m should not modify non-escrowAdapter token when basicToken is null[0m
[0m    createNewToken[0m
    [32m  ✔[0m[90m should create a new token with all fields populated[0m
2025-07-21T10:15:37.265Z [[36mverbose[39m] New Token Created
Detail : {
  "service": "modules:ProxyToken",
  "logId": "new-token-123",
  "environment": "development",
  "tags": [
    "aragon-api"
  ]
}
    [32m  ✔[0m[90m should handle tokens with unknown type[0m
2025-07-21T10:15:37.277Z [[36mverbose[39m] New Token Created
Detail : {
  "service": "modules:ProxyToken",
  "logId": "new-token-123",
  "environment": "development",
  "tags": [
    "aragon-api"
  ]
}
    [32m  ✔[0m[90m should handle escrowAdapter tokens correctly[0m
    [32m  ✔[0m[90m should return null if non-escrowAdapter token is not syncable[0m
2025-07-21T10:15:37.305Z [[36mverbose[39m] New Token Created
Detail : {
  "service": "modules:ProxyToken",
  "logId": "new-token-123",
  "environment": "development",
  "tags": [
    "aragon-api"
  ]
}
    [32m  ✔[0m[90m should not check isTokenSyncable for escrowAdapter tokens[0m
    [32m  ✔[0m[90m should return null if token is not syncable[0m
2025-07-21T10:15:37.329Z [[36mverbose[39m] New Token Created
Detail : {
  "service": "modules:ProxyToken",
  "logId": "new-token-123",
  "environment": "development",
  "tags": [
    "aragon-api"
  ]
}
    [32m  ✔[0m[90m should handle native tokens differently[0m
2025-07-21T10:15:37.347Z [[36mverbose[39m] New Token Created
Detail : {
  "service": "modules:ProxyToken",
  "logId": "new-token-123",
  "environment": "development",
  "tags": [
    "aragon-api"
  ]
}
    [32m  ✔[0m[90m should update type when tokenDetails.type is unknown but tokenTypeInfo.type is not[0m
2025-07-21T10:15:37.360Z [[36mverbose[39m] New Token Created
Detail : {
  "service": "modules:ProxyToken",
  "logId": "new-token-123",
  "environment": "development",
  "tags": [
    "aragon-api"
  ]
}
    [32m  ✔[0m[90m should update type when rawToken.type is unknown but tokenTypeInfo.type is not[0m
2025-07-21T10:15:37.374Z [[36mverbose[39m] New Token Created
Detail : {
  "service": "modules:ProxyToken",
  "logId": "new-token-123",
  "environment": "development",
  "tags": [
    "aragon-api"
  ]
}
    [32m  ✔[0m[90m should fetch name when not provided but hasName is true[0m
2025-07-21T10:15:37.389Z [[36mverbose[39m] New Token Created
Detail : {
  "service": "modules:ProxyToken",
  "logId": "new-token-123",
  "environment": "development",
  "tags": [
    "aragon-api"
  ]
}
    [32m  ✔[0m[90m should fetch symbol when not provided but hasSymbol is true[0m
2025-07-21T10:15:37.404Z [[36mverbose[39m] New Token Created
Detail : {
  "service": "modules:ProxyToken",
  "logId": "new-token-123",
  "environment": "development",
  "tags": [
    "aragon-api"
  ]
}
    [32m  ✔[0m[90m should fetch decimals when not provided but hasDecimals is true[0m
2025-07-21T10:15:37.420Z [[36mverbose[39m] New Token Created
Detail : {
  "service": "modules:ProxyToken",
  "logId": "new-token-123",
  "environment": "development",
  "tags": [
    "aragon-api"
  ]
}
    [32m  ✔[0m[90m should fetch totalSupply when not provided but hasTotalSupply is true[0m
2025-07-21T10:15:37.433Z [[36mverbose[39m] New Token Created
Detail : {
  "service": "modules:ProxyToken",
  "logId": "new-token-123",
  "environment": "development",
  "tags": [
    "aragon-api"
  ]
}
    [32m  ✔[0m[90m should fetch underlying when hasUnderlying is true[0m
2025-07-21T10:15:37.446Z [[36mverbose[39m] New Token Created
Detail : {
  "service": "modules:ProxyToken",
  "logId": "new-token-123",
  "environment": "development",
  "tags": [
    "aragon-api"
  ]
}
    [32m  ✔[0m[90m should fetch contract creation info for governance tokens[0m
2025-07-21T10:15:37.459Z [[36mverbose[39m] New Token Created
Detail : {
  "service": "modules:ProxyToken",
  "logId": "new-token-123",
  "environment": "development",
  "tags": [
    "aragon-api"
  ]
}
    [32m  ✔[0m[90m should not fetch contract creation info for non-governance and non-whitelisted tokens[0m
2025-07-21T10:15:37.472Z [[36mverbose[39m] New Token Created
Detail : {
  "service": "modules:ProxyToken",
  "logId": "new-token-123",
  "environment": "development",
  "tags": [
    "aragon-api"
  ]
}
    [32m  ✔[0m[90m should fetch contract creation info for whitelisted tokens[0m
2025-07-21T10:15:37.484Z [[36mverbose[39m] New Token Created
Detail : {
  "service": "modules:ProxyToken",
  "logId": "new-token-123",
  "environment": "development",
  "tags": [
    "aragon-api"
  ]
}
    [32m  ✔[0m[90m should fetch metrics when type is not unknown and holders is 0[0m
2025-07-21T10:15:37.496Z [[36mverbose[39m] New Token Created
Detail : {
  "service": "modules:ProxyToken",
  "logId": "new-token-123",
  "environment": "development",
  "tags": [
    "aragon-api"
  ]
}
    [32m  ✔[0m[90m should set refetch flag when totalSupply is 0 and token is governance[0m
2025-07-21T10:15:37.513Z [[36mverbose[39m] New Token Created
Detail : {
  "service": "modules:ProxyToken",
  "logId": "new-token-123",
  "environment": "development",
  "tags": [
    "aragon-api"
  ]
}
    [32m  ✔[0m[90m should not fetch metrics when holders is undefined[0m
2025-07-21T10:15:37.525Z [[36mverbose[39m] New Token Created
Detail : {
  "service": "modules:ProxyToken",
  "logId": "new-token-123",
  "environment": "development",
  "tags": [
    "aragon-api"
  ]
}
    [32m  ✔[0m[90m should handle token price for skipTestNetworks[0m
2025-07-21T10:15:37.536Z [[36mverbose[39m] New Token Created
Detail : {
  "service": "modules:ProxyToken",
  "logId": "new-token-123",
  "environment": "development",
  "tags": [
    "aragon-api"
  ]
}
    [32m  ✔[0m[90m should handle token price for governance tokens[0m
2025-07-21T10:15:37.554Z [[36mverbose[39m] New Token Created
Detail : {
  "service": "modules:ProxyToken",
  "logId": "0x123456789abcdef-ethereum-mainnet",
  "environment": "development",
  "tags": [
    "aragon-api"
  ]
}
    [32m  ✔[0m[90m should not fetch metrics when type is unknown[0m
2025-07-21T10:15:37.569Z [[36mverbose[39m] New Token Created
Detail : {
  "service": "modules:ProxyToken",
  "logId": "new-token-123",
  "environment": "development",
  "tags": [
    "aragon-api"
  ]
}
    [32m  ✔[0m[90m should not set refetch flag when totalSupply is not 0[0m
2025-07-21T10:15:37.581Z [[36mverbose[39m] New Token Created
Detail : {
  "service": "modules:ProxyToken",
  "logId": "new-token-123",
  "environment": "development",
  "tags": [
    "aragon-api"
  ]
}
    [32m  ✔[0m[90m should not set refetch flag when token is not governance even if totalSupply is 0[0m
2025-07-21T10:15:37.593Z [[36mverbose[39m] New Token Created
Detail : {
  "service": "modules:ProxyToken",
  "logId": "new-token-123",
  "environment": "development",
  "tags": [
    "aragon-api"
  ]
}
    [32m  ✔[0m[90m should handle when session is undefined in createNewToken[0m
2025-07-21T10:15:37.604Z [[36mverbose[39m] New Token Created
Detail : {
  "service": "modules:ProxyToken",
  "logId": "new-token-123",
  "environment": "development",
  "tags": [
    "aragon-api"
  ]
}
    [32m  ✔[0m[90m should pass session parameter correctly in checkPluginMintAuthorizationIsDao[0m
2025-07-21T10:15:37.618Z [[36mverbose[39m] New Token Created
Detail : {
  "service": "modules:ProxyToken",
  "logId": "new-token-123",
  "environment": "development",
  "tags": [
    "aragon-api"
  ]
}
    [32m  ✔[0m[90m should handle when fetchTokenPrice returns null priceUsd[0m
2025-07-21T10:15:37.628Z [[36mverbose[39m] New Token Created
Detail : {
  "service": "modules:ProxyToken",
  "logId": "new-token-123",
  "environment": "development",
  "tags": [
    "aragon-api"
  ]
}
    [32m  ✔[0m[90m should handle when holders is null but totalSupply needs fetching[0m
[0m    checkPluginMintAuthorizationIsDao[0m
    [32m  ✔[0m[90m should return false if no plugin is found[0m
    [32m  ✔[0m[90m should return false if plugin has no MINT permission for the DAO[0m
    [32m  ✔[0m[90m should return true if plugin has MINT permission for the DAO[0m
    [32m  ✔[0m[90m should return false if permission is for a different token[0m
    [32m  ✔[0m[90m should return false if permission is for a different entity[0m
    [32m  ✔[0m[90m should pass session parameter to findByTokenAddress[0m

[0m  Modules:ProxyMember[0m
[0m    createMember[0m
2025-07-21T10:15:37.724Z [[36mverbose[39m] Create document - New Member
Detail : {
  "service": "modules:ProxyMember",
  "documentId": "0x187a34c86aA6378333cE9033Aa34718D2CEdEd2C",
  "environment": "development",
  "tags": [
    "aragon-api"
  ]
}
    [32m  ✔[0m[90m should create a new member[0m
    [32m  ✔[0m[90m should return an existing member if it already exists[0m
    [32m  ✔[0m[90m should handle errors gracefully and return null[0m
2025-07-21T10:15:37.747Z [[36mverbose[39m] Create document - New Member
Detail : {
  "service": "modules:ProxyMember",
  "documentId": "0x187a34c86aA6378333cE9033Aa34718D2CEdEd2C",
  "environment": "development",
  "tags": [
    "aragon-api"
  ]
}
    [32m  ✔[0m[90m should create a new member in parallel calls[0m
[0m    createMetrics[0m
2025-07-21T10:15:37.771Z [[36mverbose[39m] Create document - New MemberMetrics
Detail : {
  "service": "modules:ProxyMember",
  "documentId": "metrics-id",
  "environment": "development",
  "tags": [
    "aragon-api"
  ]
}
    [32m  ✔[0m[90m should create new metrics when none exist[0m
    [32m  ✔[0m[90m should return existing metrics if they exist[0m
    [32m  ✔[0m[90m should handle errors during metrics creation and return null[0m
    [32m  ✔[0m[90m should handle invalid input parameters gracefully[0m
[0m    getBalances[0m
    [32m  ✔[0m[90m should return existing token balance if found[0m
2025-07-21T10:15:37.797Z [[36mverbose[39m] Create document - New MemberBalance
Detail : {
  "service": "modules:ProxyMember",
  "documentId": "ethereum-mainnet-0x187a34c86aA6378333cE9033Aa34718D2CEdEd2C-0xabc",
  "environment": "development",
  "tags": [
    "aragon-api"
  ]
}
    [32m  ✔[0m[90m should create new token balance if not found[0m
2025-07-21T10:15:37.810Z [[36mverbose[39m] Create document - New MemberBalance
Detail : {
  "service": "modules:ProxyMember",
  "documentId": "ethereum-mainnet-0x187a34c86aA6378333cE9033Aa34718D2CEdEd2C-0xabc",
  "environment": "development",
  "tags": [
    "aragon-api"
  ]
}
    [32m  ✔[0m[90m should create new token balance in parallel[0m
[0m    updateActivity[0m
    [32m  ✔[0m[90m should update activity and set firstActivity if not set[0m
    [32m  ✔[0m[90m should update activity and not set firstActivity if already set[0m
    [32m  ✔[0m[90m should return null if createMember fails[0m
2025-07-21T10:15:37.836Z [[31merror[39m] Error getBlockTimestamp
Detail : {
  "service": "helpers:Web3Helper",
  "blockNumber": 100,
  "network": "ethereum-mainnet",
  "error": {},
  "errorStack": "TypeError: Cannot read properties of undefined (reading 'getBlock')
    at Job.task (/Users/sishirpokhrel/Projects/aragon/app-backend/src/helpers/web3.ts:84:80)
    at /Users/sishirpokhrel/Projects/aragon/app-backend/node_modules/bottleneck/lib/Job.js:141:109
    at Generator.next (<anonymous>)
    at asyncGeneratorStep (/Users/sishirpokhrel/Projects/aragon/app-backend/node_modules/bottleneck/lib/Job.js:3:103)
    at _next (/Users/sishirpokhrel/Projects/aragon/app-backend/node_modules/bottleneck/lib/Job.js:5:194)
    at /Users/sishirpokhrel/Projects/aragon/app-backend/node_modules/bottleneck/lib/Job.js:5:364
    at new Promise (<anonymous>)
    at /Users/sishirpokhrel/Projects/aragon/app-backend/node_modules/bottleneck/lib/Job.js:5:97
    at Job.doExecute (/Users/sishirpokhrel/Projects/aragon/app-backend/node_modules/bottleneck/lib/Job.js:156:7)
    at Timeout._onTimeout (/Users/sishirpokhrel/Projects/aragon/app-backend/node_modules/bottleneck/lib/Bottleneck.js:199:22)",
  "errorMessage": "Cannot read properties of undefined (reading 'getBlock')",
  "environment": "development",
  "tags": [
    "aragon-api"
  ]
}
    [32m  ✔[0m[90m should handle errors from Web3Helper.getBlockTimestamp and return null[0m
[0m    updateMetricsByAction[0m
2025-07-21T10:15:37.842Z [[36mverbose[39m] Create document - New MemberMetrics
Detail : {
  "service": "modules:ProxyMember",
  "documentId": "ethereum-mainnet-0x187a34c86aA6378333cE9033Aa34718D2CEdEd2C-0xabc",
  "environment": "development",
  "tags": [
    "aragon-api"
  ]
}
    [32m  ✔[0m[90m should update metrics by valid action and return true[0m
    [32m  ✔[0m[90m should not update metrics and return false if action is invalid[0m
    [32m  ✔[0m[90m should return false if createMetrics returns null[0m
[0m      addToDao[0m
      [32m  ✔[0m[90m should add member to DAO if not already a member[0m
      [32m  ✔[0m[90m should not add member to DAO if already a member[0m
      [32m  ✔[0m[90m should not add a member if member address is invalid[0m
      [32m  ✔[0m[90m should return null and log error if createMember fails[0m
      [32m  ✔[0m[90m should return null and log error if DbTx.executeTxFn throws an error[0m
      [32m  ✔[0m[90m should handle concurrent addToDao calls correctly without creating duplicate mappings[0m
[0m      removeFromDao[0m
      [32m  ✔[0m[90m should remove member from DAO if member is part of the DAO[0m
      [32m  ✔[0m[90m should return member without removing DAO mapping if member is not part of the DAO[0m
      [32m  ✔[0m[90m should not remove DAO mapping and return null if member address is invalid[0m
      [32m  ✔[0m[90m should return null and log error if ProxyMember.createMember throw an error[0m
      [32m  ✔[0m[90m should handle concurrent removeFromDao calls correctly without errors[0m

[0m  Module: provider[0m
  [32m  ✔[0m[90m networksMap[0m
  [32m  ✔[0m[90m alchemyNetworksMap[0m
  [32m  ✔[0m[90m should correctly parseNetworkChain[0m
  [32m  ✔[0m[90m should correctly parseNetwork[0m
  [32m  ✔[0m[90m should correctly parseAlchemyNetwork[0m
  [32m  ✔[0m[90m connectToAllNetworks should call connectToNetwork for each node configured[0m
[0m    connectToNetwork[0m
    [32m  ✔[0m[90m connectToNetwork should configure an Alchemy connection[0m
    [32m  ✔[0m[90m connectToNetwork should configure an Aragon connection[0m
[0m    getProvider[0m
    [32m  ✔[0m[90m getProvider should return the requested provider connection[0m
    [32m  ✔[0m[90m getAnyRpcProvider should return Aragon rpc if available, else Alchemy rpc[0m
[0m    closeAllNetworks[0m
    [32m  ✔[0m[90m closeAllNetworks should close all websocket connections[0m

[0m  Module: PoolingCrawler[0m
[0m    start[0m
    [32m  ✔[0m[90m should reuse existing crawler instance if available[0m
    [32m  ✔[0m[90m should create a new crawler instance if none exists[0m
    [32m  ✔[0m[90m should initialize BlockchainLogCrawler with correct parameters[0m
[0m    filterLogs[0m
    [32m  ✔[0m[90m should filter logs based on topics[0m[31m (1004ms)[0m
    [32m  ✔[0m[90m should return only syncable tokens when filtering for transfer logs[0m
    [32m  ✔[0m[90m should handle empty logs array[0m
[0m    _getToAddress[0m
    [32m  ✔[0m[90m should properly decode transfer logs[0m
    [32m  ✔[0m[90m should return null if log is has not proper topics[0m
    [32m  ✔[0m[90m should catch error when the eth gethAddress fails[0m

[0m  Modules:PairDataModule[0m
[0m    pairExtraQueryData[0m
    [32m  ✔[0m[90m should return daoAddresses when pluginAddress is provided and plugin exists[0m
    [32m  ✔[0m[90m should return empty array when plugin is not found[0m
    [32m  ✔[0m[90m should return empty array when plugin has no daoAddress[0m
    [32m  ✔[0m[90m should return empty object when no pluginAddress provided[0m
[0m    pairFromPaginationParams[0m
    [32m  ✔[0m[90m should pairFromPaginationParams with ens[0m
    [32m  ✔[0m[90m should pairFromPaginationParams with ens - not a member[0m
    [32m  ✔[0m[90m should pairFromPaginationParams with no ens[0m
    [32m  ✔[0m[90m should handle empty search string[0m
    [32m  ✔[0m[90m should handle undefined search[0m
    [32m  ✔[0m[90m should handle null paginationParams[0m
[0m    checkIFEns[0m
    [32m  ✔[0m[90m should return address when ENS is found[0m
    [32m  ✔[0m[90m should return original string if ens not found[0m
    [32m  ✔[0m[90m should return original string if not an ENS[0m
[0m    pairFromExtraParams[0m
    [32m  ✔[0m[90m should pairFromExtraParams with daoId[0m
    [32m  ✔[0m[90m should pairFromExtraParams - no dao, ens[0m
    [32m  ✔[0m[90m should pair from proposal id - found[0m
    [32m  ✔[0m[90m should not pair from proposal id when not found[0m
    [32m  ✔[0m[90m should resolve pluginAddress from tokenAddress[0m
    [32m  ✔[0m[90m should not set pluginAddress when token plugin not found[0m
    [32m  ✔[0m[90m should handle undefined pairParams[0m
[0m    pairFromExtraParams with onlyActive[0m
    [32m  ✔[0m[90m should populate pluginAddresses when daoId is provided and onlyActive is true[0m
    [32m  ✔[0m[90m should set empty array when onlyActive is true but no active plugins found[0m
    [32m  ✔[0m[90m should not populate pluginAddresses when onlyActive is false[0m
    [32m  ✔[0m[90m should not populate pluginAddresses when onlyActive is not provided[0m
    [32m  ✔[0m[90m should not call distinct when daoId is not found[0m
    [32m  ✔[0m[90m should handle onlyActive along with other pairParams[0m
[0m    pairFromDaoMemberMapping[0m
    [32m  ✔[0m[90m should find mappings with all parameters[0m
    [32m  ✔[0m[90m should find mappings with partial parameters[0m
    [32m  ✔[0m[90m should include network when provided with other params[0m
    [32m  ✔[0m[90m should include network when only network is provided[0m
    [32m  ✔[0m[90m should return empty array when no parameters provided[0m
    [32m  ✔[0m[90m should return empty array when mappings not found[0m

[0m  Module: mongo[0m
  [32m  ✔[0m[90m connects to MongoDB and syncs indexes[0m
2025-07-21T10:15:39.719Z [[36mverbose[39m] MongoDB try connecting
Detail : {
  "service": "mongo",
  "url": "mongodb://mongo1:27017,mongo2:27018,mongo3:27019/?replicaSet=rs0&retryWrites=true",
  "name": "db-unit-deep",
  "environment": "development",
  "tags": [
    "aragon-api"
  ]
}
2025-07-21T10:15:40.720Z [[36mverbose[39m] MongoDB try connecting
Detail : {
  "service": "mongo",
  "url": "mongodb://mongo1:27017,mongo2:27018,mongo3:27019/?replicaSet=rs0&retryWrites=true",
  "name": "db-unit-deep",
  "environment": "development",
  "tags": [
    "aragon-api"
  ]
}
2025-07-21T10:15:41.722Z [[36mverbose[39m] MongoDB try connecting
Detail : {
  "service": "mongo",
  "url": "mongodb://mongo1:27017,mongo2:27018,mongo3:27019/?replicaSet=rs0&retryWrites=true",
  "name": "db-unit-deep",
  "environment": "development",
  "tags": [
    "aragon-api"
  ]
}
2025-07-21T10:15:42.723Z [[36mverbose[39m] MongoDB try connecting
Detail : {
  "service": "mongo",
  "url": "mongodb://mongo1:27017,mongo2:27018,mongo3:27019/?replicaSet=rs0&retryWrites=true",
  "name": "db-unit-deep",
  "environment": "development",
  "tags": [
    "aragon-api"
  ]
}
2025-07-21T10:15:43.724Z [[36mverbose[39m] MongoDB try connecting
Detail : {
  "service": "mongo",
  "url": "mongodb://mongo1:27017,mongo2:27018,mongo3:27019/?replicaSet=rs0&retryWrites=true",
  "name": "db-unit-deep",
  "environment": "development",
  "tags": [
    "aragon-api"
  ]
}
  [32m  ✔[0m[90m handles connection error to MongoDB[0m[31m (5004ms)[0m
2025-07-21T10:15:44.736Z [[36mverbose[39m] MongoDB disconnect
Detail : {
  "service": "mongo",
  "environment": "development",
  "tags": [
    "aragon-api"
  ]
}
  [32m  ✔[0m[90m disconnects from MongoDB[0m
  [32m  ✔[0m[90m drops collections[0m
2025-07-21T10:15:44.755Z [[36mverbose[39m] MongoDB try connecting
Detail : {
  "service": "mongo",
  "url": "mongodb://mongo1:27017,mongo2:27018,mongo3:27019/?replicaSet=rs0&retryWrites=true",
  "name": "db-unit-deep",
  "environment": "development",
  "tags": [
    "aragon-api"
  ]
}
2025-07-21T10:15:45.757Z [[36mverbose[39m] MongoDB try connecting
Detail : {
  "service": "mongo",
  "url": "mongodb://mongo1:27017,mongo2:27018,mongo3:27019/?replicaSet=rs0&retryWrites=true",
  "name": "db-unit-deep",
  "environment": "development",
  "tags": [
    "aragon-api"
  ]
}
2025-07-21T10:15:46.760Z [[36mverbose[39m] MongoDB try connecting
Detail : {
  "service": "mongo",
  "url": "mongodb://mongo1:27017,mongo2:27018,mongo3:27019/?replicaSet=rs0&retryWrites=true",
  "name": "db-unit-deep",
  "environment": "development",
  "tags": [
    "aragon-api"
  ]
}
2025-07-21T10:15:47.762Z [[36mverbose[39m] MongoDB try connecting
Detail : {
  "service": "mongo",
  "url": "mongodb://mongo1:27017,mongo2:27018,mongo3:27019/?replicaSet=rs0&retryWrites=true",
  "name": "db-unit-deep",
  "environment": "development",
  "tags": [
    "aragon-api"
  ]
}
2025-07-21T10:15:48.765Z [[36mverbose[39m] MongoDB try connecting
Detail : {
  "service": "mongo",
  "url": "mongodb://mongo1:27017,mongo2:27018,mongo3:27019/?replicaSet=rs0&retryWrites=true",
  "name": "db-unit-deep",
  "environment": "development",
  "tags": [
    "aragon-api"
  ]
}
  [32m  ✔[0m[90m handles syncIndexes error during connection[0m[31m (5005ms)[0m

[0m  MigrationService[0m
[0m    start[0m
    [32m  ✔[0m[90m should run pending migrations successfully[0m
    [32m  ✔[0m[90m should handle no pending migrations[0m
    [32m  ✔[0m[90m should handle migration failure[0m
    [32m  ✔[0m[90m should call onComplete callback if set[0m
[0m    stop[0m
    [32m  ✔[0m[90m should set isRunning to false and log[0m
[0m    setOnComplete[0m
    [32m  ✔[0m[90m should set the onComplete callback[0m
[0m    getMigrationFiles[0m
    [32m  ✔[0m[90m should return sorted migration files[0m
[0m    executeMigration[0m
    [32m  ✔[0m[90m should execute migration successfully[0m
    [32m  ✔[0m[90m should skip already completed migration[0m
    [32m  ✔[0m[90m should create migration record if not exists[0m
    [32m  ✔[0m[90m should handle migration file not found[0m
    [32m  ✔[0m[90m should handle invalid migration file structure[0m
[0m    getMigrationStatus[0m
    [32m  ✔[0m[90m should return migration statistics[0m
    [32m  ✔[0m[90m should handle no migrations[0m
[0m    runPendingMigrations[0m
    [32m  ✔[0m[90m should stop execution if isRunning becomes false[0m

[0m  Modules: IPFS[0m
  [32m  ✔[0m[90m pinList[0m
  [32m  ✔[0m[90m unPinMetadata[0m
  [32m  ✔[0m[90m pinataMetadata[0m
  [32m  ✔[0m[90m _isValidCIDv0[0m
  [32m  ✔[0m[90m _isValidCIDv1[0m
  [32m  ✔[0m[90m isValidIpfsUrl[0m
[0m    _fetchMetadata[0m
    [32m  ✔[0m[90m should _fetchMetadata[0m
    [32m  ✔[0m[90m should log an error when _fetchMetadata fails[0m
[0m    fetchMetadata[0m
    [32m  ✔[0m[90m should call fetchMetadata for CIDv1 and fallback to old gateway if necessary[0m
    [32m  ✔[0m[90m should call fetchMetadata for CIDv0 and fallback to old gateway if necessary[0m
    [32m  ✔[0m[90m should call fetchMetadata for avatar[0m
    [32m  ✔[0m[90m should return null for invalid CID[0m

[0m  Module: DbTx[0m
  [32m  ✔[0m[90m Parallel should correctly increase balance in parallel and sum updates[0m[33m (41ms)[0m
2025-07-21T10:15:50.599Z [[36mverbose[39m] New Transaction
Detail : {
  "service": "service:aragon-dao:DaoTransactions",
  "logId": "0x755d06cd8c571bff78bfa9d0bba4da0572bfc883c828b87ee871d3d2b212b157-0x755d06cd8c571bff78bfa9d0bba4da0572bfc883c828b87ee871d3d2b212b157:external-external-0x881d40237659c251811cec9c364ef91dc08d300c-ethereum-mainnet",
  "environment": "development",
  "tags": [
    "aragon-api"
  ]
}
  [32m  ✔[0m[90m Parallel should test DbTx in parallel[0m[31m (1164ms)[0m
[0m    Utility Functions[0m
    [32m  ✔[0m[90m isErrorConflict should correctly identify conflict errors[0m
    [32m  ✔[0m[90m isErrorDuplicateKey should correctly identify duplicate key errors[0m
    [32m  ✔[0m[90m transactionOptions should return a session with correct options[0m
[0m    executeTxFn[0m
    [32m  ✔[0m[90m should execute transaction successfully without errors[0m
    [32m  ✔[0m[90m should handle duplicate key error by fetching existing document[0m
    [32m  ✔[0m[90m should retry on WriteConflict error up to max retries[0m
    [32m  ✔[0m[90m should throw error after exceeding max retries on WriteConflict[0m
    [32m  ✔[0m[90m should abort transaction and rethrow on generic errors[0m
    [32m  ✔[0m[90m should not retry when stopRetry is true[0m
[0m    fetchExistingDocument[0m
    [32m  ✔[0m[90m should fetch existing document based on error details[0m
    [32m  ✔[0m[90m should throw error if unable to extract collection name[0m
    [32m  ✔[0m[90m should throw error if keyValue or message is missing[0m
[0m    closeEnd[0m
    [32m  ✔[0m[90m should abort transaction and end session successfully[0m
2025-07-21T10:15:51.338Z [[33mwarn[39m] Error aborting transaction
Detail : {
  "service": "DbTx",
  "error": {},
  "errorStack": "Error: Abort Error
    at Context.<anonymous> (/Users/sishirpokhrel/Projects/aragon/app-backend/test/unit/modules/dbTx.spec.ts:319:50)
    at callFn (/Users/sishirpokhrel/Projects/aragon/app-backend/node_modules/mocha/lib/runnable.js:364:21)
    at Test.Runnable.run (/Users/sishirpokhrel/Projects/aragon/app-backend/node_modules/mocha/lib/runnable.js:352:5)
    at Runner.runTest (/Users/sishirpokhrel/Projects/aragon/app-backend/node_modules/mocha/lib/runner.js:677:10)
    at /Users/sishirpokhrel/Projects/aragon/app-backend/node_modules/mocha/lib/runner.js:800:12
    at next (/Users/sishirpokhrel/Projects/aragon/app-backend/node_modules/mocha/lib/runner.js:592:14)
    at /Users/sishirpokhrel/Projects/aragon/app-backend/node_modules/mocha/lib/runner.js:602:7
    at next (/Users/sishirpokhrel/Projects/aragon/app-backend/node_modules/mocha/lib/runner.js:485:14)
    at Immediate.<anonymous> (/Users/sishirpokhrel/Projects/aragon/app-backend/node_modules/mocha/lib/runner.js:570:5)
    at processImmediate (node:internal/timers:505:21)",
  "errorMessage": "Abort Error",
  "environment": "development",
  "tags": [
    "aragon-api"
  ]
}
2025-07-21T10:15:51.339Z [[33mwarn[39m] Error ending session
Detail : {
  "service": "DbTx",
  "error": {},
  "errorStack": "Error: End Session Error
    at Context.<anonymous> (/Users/sishirpokhrel/Projects/aragon/app-backend/test/unit/modules/dbTx.spec.ts:320:44)
    at callFn (/Users/sishirpokhrel/Projects/aragon/app-backend/node_modules/mocha/lib/runnable.js:364:21)
    at Test.Runnable.run (/Users/sishirpokhrel/Projects/aragon/app-backend/node_modules/mocha/lib/runnable.js:352:5)
    at Runner.runTest (/Users/sishirpokhrel/Projects/aragon/app-backend/node_modules/mocha/lib/runner.js:677:10)
    at /Users/sishirpokhrel/Projects/aragon/app-backend/node_modules/mocha/lib/runner.js:800:12
    at next (/Users/sishirpokhrel/Projects/aragon/app-backend/node_modules/mocha/lib/runner.js:592:14)
    at /Users/sishirpokhrel/Projects/aragon/app-backend/node_modules/mocha/lib/runner.js:602:7
    at next (/Users/sishirpokhrel/Projects/aragon/app-backend/node_modules/mocha/lib/runner.js:485:14)
    at Immediate.<anonymous> (/Users/sishirpokhrel/Projects/aragon/app-backend/node_modules/mocha/lib/runner.js:570:5)
    at processImmediate (node:internal/timers:505:21)",
  "errorMessage": "End Session Error",
  "environment": "development",
  "tags": [
    "aragon-api"
  ]
}
    [32m  ✔[0m[90m should handle errors during abortTransaction and endSession gracefully[0m

[0m  Module: connection[0m
[0m    Open[0m
    [32m  ✔[0m[90m Should open db[0m
    [32m  ✔[0m[90m Should open all[0m
    [32m  ✔[0m[90m Should throw when unknown connection[0m
    [32m  ✔[0m[90m Should throw on error[0m
2025-07-21T10:15:51.360Z [[36mverbose[39m] Connections open
Detail : {
  "service": "connection",
  "environment": "development",
  "tags": [
    "aragon-api"
  ]
}
2025-07-21T10:15:51.361Z [[36mverbose[39m] Connections open
Detail : {
  "service": "connection",
  "environment": "development",
  "tags": [
    "aragon-api"
  ]
}
    [32m  ✔[0m[90m Should open check already open[0m
[0m    Close[0m
    [32m  ✔[0m[90m Should close any open[0m[31m (501ms)[0m
    [32m  ✔[0m[90m Should close all[0m[31m (503ms)[0m
    [32m  ✔[0m[90m Should throw to close unknown connection[0m

[0m  Module: bottleneck[0m
[0m    getNodeLimiter[0m
    [32m  ✔[0m[90m returns the same instance for the same network[0m
    [32m  ✔[0m[90m returns different instances for different networks[0m
[0m    getNodeTransferLimiter[0m
    [32m  ✔[0m[90m returns the same instance for the same network[0m
    [32m  ✔[0m[90m returns different instances for different networks[0m
[0m    getCoinGeckoLimiter[0m
    [32m  ✔[0m[90m returns the same instance for the same network[0m
    [32m  ✔[0m[90m returns different instances for different networks[0m
[0m    getCovalentLimiter[0m
    [32m  ✔[0m[90m returns the same instance for the same network[0m
    [32m  ✔[0m[90m returns different instances for different networks[0m
[0m    get4ByteLimiter[0m
    [32m  ✔[0m[90m returns the same instance for the same network[0m
    [32m  ✔[0m[90m returns different instances for different networks[0m
[0m    getAlchemyBatchRequestLimiter[0m
    [32m  ✔[0m[90m returns the same instance for the same network[0m
    [32m  ✔[0m[90m returns different instances for different networks[0m
[0m    getAlchemyENSLimiter[0m
    [32m  ✔[0m[90m returns the same instance for the same network[0m
    [32m  ✔[0m[90m returns different instances for different networks[0m

[0m  Modules:BlockchainTransferCrawler[0m
  [32m  ✔[0m[90m defaultOnError[0m
  [32m  ✔[0m[90m should stop crawling if batch size becomes too small[0m[31m (4508ms)[0m
  [32m  ✔[0m[90m should stop crawling if shutdown flag is set[0m[31m (2986ms)[0m
[0m    constructor[0m
    [32m  ✔[0m[90m should initialize with default values[0m
[0m    getBlockNumber[0m
    [32m  ✔[0m[90m should return the latest block number[0m[31m (1474ms)[0m
    [32m  ✔[0m[90m should handle errors gracefully and return -1[0m[31m (1488ms)[0m
    [32m  ✔[0m[90m should return the block number when given a specific block[0m
[0m    crawl[0m
    [32m  ✔[0m[90m should crawl transfers correctly[0m[31m (5969ms)[0m
    [32m  ✔[0m[90m should crawl transfers correctly with logService[0m[31m (2980ms)[0m
    [32m  ✔[0m[90m should handle crawling[0m[31m (2988ms)[0m
    [32m  ✔[0m[90m should handle transfers correctly[0m[31m (1484ms)[0m
    [32m  ✔[0m[90m should handle transfers correctly - call convertToHexNumber[0m[31m (1484ms)[0m
    [32m  ✔[0m[90m should handle transfers correctly - shutdown[0m[31m (1484ms)[0m
    [32m  ✔[0m[90m should throw an error if already crawling[0m
    [32m  ✔[0m[90m should break the crawl loop when an error occurs and stopOnError and shutdown are true[0m[31m (1476ms)[0m
[0m    handleErrors[0m
    [32m  ✔[0m[90m should reduce batch size on batch size error[0m
    [32m  ✔[0m[90m should wait on rate limited error[0m
    [32m  ✔[0m[90m should call onError and shutdown on other errors[0m
[0m    processTxs[0m
    [32m  ✔[0m[90m should process transactions successfully[0m
    [32m  ✔[0m[90m should handle errors and increment error count[0m
[0m    getServiceStartBlock[0m
    [32m  ✔[0m[90m should getServiceStartBlock[0m
    [32m  ✔[0m[90m should getServiceStartBlock from config[0m
[0m    onSaveProgress[0m
    [32m  ✔[0m[90m should onSaveProgress - create[0m
    [32m  ✔[0m[90m should onSaveProgress - update[0m

[0m  Module: blockchainLogCrawler[0m
  [32m  ✔[0m[90m should sort logs, process and parse[0m
  [32m  ✔[0m[90m should sort logs by transactionIndex and index within the same block[0m
  [32m  ✔[0m[90m should log an error when event setting is not found[0m
  [32m  ✔[0m[90m should throw an error if block interval time is not found for the network[0m
  [32m  ✔[0m[90m should log an error when a topic hash is missing in the event[0m
  [32m  ✔[0m[90m should update an existing config with the new block number[0m
  [32m  ✔[0m[90m should create a new config if none exists[0m
  [32m  ✔[0m[90m should return the lastSync value from existingConfig if it exists[0m
  [32m  ✔[0m[90m should return the fromBlock value if no existingConfig is found and fromBlock > 0[0m
  [32m  ✔[0m[90m should return the FROM_BLOCK value from config if no existingConfig is found and fromBlock is 0[0m
[0m    crawl[0m
    [32m  ✔[0m[90m should crawl logs correctly[0m
    [32m  ✔[0m[90m should throw error if already crawling[0m
    [32m  ✔[0m[90m should return early if current block equals latest block[0m
    [32m  ✔[0m[90m should handle errors and retry with different strategy[0m
    [32m  ✔[0m[90m should skip processing logs when skipLogProcessing is true[0m
    [32m  ✔[0m[90m should break the loop when shutdown is triggered[0m
    [32m  ✔[0m[90m should use logService to get the starting block if available[0m
    [32m  ✔[0m[90m should handle empty logs correctly[0m
[0m    getLogsByStrategy[0m
    [32m  ✔[0m[90m should call getLogsByBlockReceipts for getBlockReceipts strategy[0m
    [32m  ✔[0m[90m should call getLogsWithoutTopics for getLogsWithoutTopics strategy[0m
    [32m  ✔[0m[90m should call getLogsByBatch for getLogsByBatch strategy[0m
    [32m  ✔[0m[90m should default to getLogsByBatch when an unknown strategy is provided[0m
[0m    getLogsByBatch[0m
    [32m  ✔[0m[90m should successfully fetch logs in a batch[0m
    [32m  ✔[0m[90m should handle batch size errors by reducing batch size[0m
    [32m  ✔[0m[90m should handle rate limiting error[0m
    [32m  ✔[0m[90m should stop crawling when batch size is already at minimum[0m
    [32m  ✔[0m[90m should reset batch size to original value only when runCount <= 2[0m
    [32m  ✔[0m[90m should handle non-batch size errors by stopping the crawl[0m
    [32m  ✔[0m[90m should handle exceptions during execution[0m
    [32m  ✔[0m[90m should apply filterLogs if provided[0m
[0m    getLogsWithoutTopics[0m
    [32m  ✔[0m[90m should successfully fetch logs without topics and filter them[0m
    [32m  ✔[0m[90m should apply filterLogs if provided[0m
    [32m  ✔[0m[90m should handle batch size errors by logging and re-throwing[0m
    [32m  ✔[0m[90m should handle other errors by re-throwing without logging[0m
    [32m  ✔[0m[90m should log and re-thrown when batch size is too error[0m
[0m    getLogsByBlockReceipts[0m
    [32m  ✔[0m[90m should fetch logs from block receipts successfully[0m
    [32m  ✔[0m[90m should apply filterLogs if provided[0m[33m (46ms)[0m
    [32m  ✔[0m[90m should fails entire responses in block receipts if some fails[0m[33m (47ms)[0m
    [32m  ✔[0m[90m should handle HTTP request errors[0m[33m (45ms)[0m
    [32m  ✔[0m[90m should use default endBlock when not provided[0m[33m (46ms)[0m
[0m    getProviderUrl[0m
    [32m  ✔[0m[90m should get URL from provider when getProvider exists[0m
    [32m  ✔[0m[90m should fall back to config when getProvider does not exist[0m
    [32m  ✔[0m[90m should handle provider with no config property[0m
[0m    executeBatchRequest[0m
    [32m  ✔[0m[90m should create and execute batch requests for topics[0m
    [32m  ✔[0m[90m should log and rethrow errors[0m[33m (38ms)[0m
    [32m  ✔[0m[90m should return error object when batch size error occurs[0m[33m (46ms)[0m
    [32m  ✔[0m[90m should throw error when it is not a batch size error[0m[33m (39ms)[0m
[0m    getStrategyBySituation[0m
    [32m  ✔[0m[90m should return getBlockReceipts when oneBlockPerTime is true and range is within threshold[0m
    [32m  ✔[0m[90m should return getBlockReceipts when processing a single block[0m
    [32m  ✔[0m[90m should return getLogsWithoutTopics for small ranges with high-speed chains[0m
    [32m  ✔[0m[90m should return getLogsWithoutTopics for small ranges with medium-speed chains[0m
    [32m  ✔[0m[90m should return getLogsWithoutTopics for small ranges with slow-speed chains[0m
    [32m  ✔[0m[90m should return getLogsByBatch for large ranges[0m
    [32m  ✔[0m[90m should cap medium range threshold by batchSize/2[0m
[0m    getOffsetToBlockNumber[0m
    [32m  ✔[0m[90m should return the offset to block number if we meet the conditions[0m
    [32m  ✔[0m[90m should return block as it is if no filterLogs is passed[0m
    [32m  ✔[0m[90m should check if the error is batch error[0m

[0m  Logger[0m
  [32m  ✔[0m[90m logMeta[0m

[0m  Logger: Format[0m
[0m    formatRecursiveError[0m
    [32m  ✔[0m[90m Should format simple error[0m
    [32m  ✔[0m[90m Should format error recursive 1[0m
    [32m  ✔[0m[90m Should format error recursive 2[0m
[0m    formatMeta[0m
    [32m  ✔[0m[90m should format Meta without any extra[0m
    [32m  ✔[0m[90m should format Meta without with meta[0m
    [32m  ✔[0m[90m should format Meta without with meta and error[0m

[0m  Logger: ExternalLogger[0m
  [32m  ✔[0m[90m end[0m
[0m    Log[0m
    [32m  ✔[0m[90m Should instantiate[0m
    [32m  ✔[0m[90m Should log[0m
    [36m  - Should log with logzio[0m
[0m      Sentry[0m
      [32m  ✔[0m[90m Should not log with sentry no error message[0m
      [32m  ✔[0m[90m Should not log with sentry error exposed message[0m
      [32m  ✔[0m[90m Should log with sentry error[0m
      [32m  ✔[0m[90m Should log with sentry error with user[0m
[0m    Purge[0m
    [32m  ✔[0m[90m Should purge[0m
    [32m  ✔[0m[90m Should purge with logzio[0m
    [32m  ✔[0m[90m Should purge sentry[0m

[0m  Dep: uuidv4[0m
  [32m  ✔[0m[90m uuidv4[0m

[0m  Indexer: ProposalHandler[0m
[0m    proposalResultReport[0m
    [32m  ✔[0m[90m skip if proposal is not found[0m
    [32m  ✔[0m[90m getBodyResult returns null[0m
    [32m  ✔[0m[90m should update proposal with ResultType[0m
    [32m  ✔[0m[90m should skip if duplicate data is already in externalBodyResults[0m
    [32m  ✔[0m[90m should log an error if an exception occurs[0m
[0m    proposalCreated[0m
2025-07-21T10:16:21.889Z [[31merror[39m] Error checksum address
Detail : {
  "service": "helpers:Web3Utils",
  "address": "0xtoken-address",
  "error": {
    "code": "INVALID_ARGUMENT",
    "argument": "address",
    "value": "0xtoken-address",
    "shortMessage": "invalid address"
  },
  "errorCode": "INVALID_ARGUMENT",
  "errorStack": "TypeError: invalid address (argument=\"address\", value=\"0xtoken-address\", code=INVALID_ARGUMENT, version=6.14.4)
    at makeError (/Users/sishirpokhrel/Projects/aragon/app-backend/node_modules/ethers/src.ts/utils/errors.ts:691:21)
    at assert (/Users/sishirpokhrel/Projects/aragon/app-backend/node_modules/ethers/src.ts/utils/errors.ts:719:25)
    at assertArgument (/Users/sishirpokhrel/Projects/aragon/app-backend/node_modules/ethers/src.ts/utils/errors.ts:731:5)
    at getAddress (/Users/sishirpokhrel/Projects/aragon/app-backend/node_modules/ethers/src.ts/address/address.ts:147:19)
    at Object.parseAddress (/Users/sishirpokhrel/Projects/aragon/app-backend/src/helpers/web3Utils.ts:379:24)
    at /Users/sishirpokhrel/Projects/aragon/app-backend/src/modules/proxyToken.ts:27:46
    at tryFn (/Users/sishirpokhrel/Projects/aragon/app-backend/src/modules/dbTx.ts:37:32)
    at async Object.executeTxFn (/Users/sishirpokhrel/Projects/aragon/app-backend/src/modules/dbTx.ts:69:14)
    at async Object.saveAndGetToken (/Users/sishirpokhrel/Projects/aragon/app-backend/src/modules/proxyToken.ts:26:14)
    at async Object.proposalCreated (/Users/sishirpokhrel/Projects/aragon/app-backend/src/handlers/proposalHandler.ts:213:23)",
  "errorMessage": "invalid address (argument=\"address\", value=\"0xtoken-address\", code=INVALID_ARGUMENT, version=6.14.4)",
  "environment": "development",
  "tags": [
    "aragon-api"
  ]
}
2025-07-21T10:16:21.896Z [[33mwarn[39m] Failed to fetch implementation address
Detail : {
  "service": "helpers:ProxyContractHelper",
  "error": {},
  "address": "0xtoken-address",
  "network": "ethereum-mainnet",
  "errorStack": "TypeError: Cannot read properties of undefined (reading 'getCode')
    at Job.task (/Users/sishirpokhrel/Projects/aragon/app-backend/src/helpers/proxyContract.ts:94:99)
    at /Users/sishirpokhrel/Projects/aragon/app-backend/node_modules/bottleneck/lib/Job.js:141:109
    at Generator.next (<anonymous>)
    at asyncGeneratorStep (/Users/sishirpokhrel/Projects/aragon/app-backend/node_modules/bottleneck/lib/Job.js:3:103)
    at _next (/Users/sishirpokhrel/Projects/aragon/app-backend/node_modules/bottleneck/lib/Job.js:5:194)
    at /Users/sishirpokhrel/Projects/aragon/app-backend/node_modules/bottleneck/lib/Job.js:5:364
    at new Promise (<anonymous>)
    at /Users/sishirpokhrel/Projects/aragon/app-backend/node_modules/bottleneck/lib/Job.js:5:97
    at Job.doExecute (/Users/sishirpokhrel/Projects/aragon/app-backend/node_modules/bottleneck/lib/Job.js:156:7)
    at Timeout._onTimeout (/Users/sishirpokhrel/Projects/aragon/app-backend/node_modules/bottleneck/lib/Bottleneck.js:199:22)",
  "errorMessage": "Cannot read properties of undefined (reading 'getCode')",
  "environment": "development",
  "tags": [
    "aragon-api"
  ]
}
2025-07-21T10:16:21.898Z [[31merror[39m] Error detecting token type
Detail : {
  "service": "helpers:TokenDetector",
  "address": "0xtoken-address",
  "network": "ethereum-mainnet",
  "error": {},
  "errorStack": "TypeError: Cannot read properties of undefined (reading 'getCode')
    at Object.detectTokenType (/Users/sishirpokhrel/Projects/aragon/app-backend/src/helpers/tokenDetector.ts:96:39)
    at async Object.createNewToken (/Users/sishirpokhrel/Projects/aragon/app-backend/src/modules/proxyToken.ts:128:27)
    at async /Users/sishirpokhrel/Projects/aragon/app-backend/src/modules/proxyToken.ts:43:16
    at async tryFn (/Users/sishirpokhrel/Projects/aragon/app-backend/src/modules/dbTx.ts:37:26)
    at async Object.executeTxFn (/Users/sishirpokhrel/Projects/aragon/app-backend/src/modules/dbTx.ts:69:14)
    at async Object.saveAndGetToken (/Users/sishirpokhrel/Projects/aragon/app-backend/src/modules/proxyToken.ts:26:14)
    at async Object.proposalCreated (/Users/sishirpokhrel/Projects/aragon/app-backend/src/handlers/proposalHandler.ts:213:23)
    at async Context.<anonymous> (/Users/sishirpokhrel/Projects/aragon/app-backend/test/unit/handlers/proposalHandler.spec.ts:290:7)",
  "errorMessage": "Cannot read properties of undefined (reading 'getCode')",
  "environment": "development",
  "tags": [
    "aragon-api"
  ]
}
2025-07-21T10:16:22.589Z [[33mwarn[39m] BLockScoutApi API call
Detail : {
  "service": "helpers:BlockScoutHelper",
  "error": {
    "message": "Request failed with status code 422",
    "name": "AxiosError",
    "stack": "AxiosError: Request failed with status code 422
    at settle (/Users/sishirpokhrel/Projects/aragon/app-backend/node_modules/axios/lib/core/settle.js:19:12)
    at IncomingMessage.handleStreamEnd (/Users/sishirpokhrel/Projects/aragon/app-backend/node_modules/axios/lib/adapters/http.js:599:11)
    at IncomingMessage.emit (node:events:519:35)
    at IncomingMessage.emit (node:domain:489:12)
    at endReadableNT (node:internal/streams/readable:1701:12)
    at processTicksAndRejections (node:internal/process/task_queues:90:21)
    at Axios.request (/Users/sishirpokhrel/Projects/aragon/app-backend/node_modules/axios/lib/core/Axios.js:45:41)
    at processTicksAndRejections (node:internal/process/task_queues:105:5)",
    "config": {
      "transitional": {
        "silentJSONParsing": true,
        "forcedJSONParsing": true,
        "clarifyTimeoutError": false
      },
      "adapter": [
        "xhr",
        "http",
        "fetch"
      ],
      "transformRequest": [
        null
      ],
      "transformResponse": [
        null
      ],
      "timeout": 0,
      "xsrfCookieName": "XSRF-TOKEN",
      "xsrfHeaderName": "X-XSRF-TOKEN",
      "maxContentLength": -1,
      "maxBodyLength": -1,
      "env": {},
      "headers": {
        "Accept": "application/json, text/plain, */*",
        "Content-Type": "application/json",
        "User-Agent": "axios/1.8.3",
        "Accept-Encoding": "gzip, compress, deflate, br"
      },
      "baseURL": "https://eth.blockscout.com/api/",
      "params": {
        "apikey": null
      },
      "method": "get",
      "url": "v2/tokens/0xtoken-address",
      "allowAbsoluteUrls": true
    },
    "code": "ERR_BAD_REQUEST",
    "status": 422
  },
  "path": "tokens/0xtoken-address",
  "params": {
    "apikey": null
  },
  "errorCode": "ERR_BAD_REQUEST",
  "errorStack": "AxiosError: Request failed with status code 422
    at settle (/Users/sishirpokhrel/Projects/aragon/app-backend/node_modules/axios/lib/core/settle.js:19:12)
    at IncomingMessage.handleStreamEnd (/Users/sishirpokhrel/Projects/aragon/app-backend/node_modules/axios/lib/adapters/http.js:599:11)
    at IncomingMessage.emit (node:events:519:35)
    at IncomingMessage.emit (node:domain:489:12)
    at endReadableNT (node:internal/streams/readable:1701:12)
    at processTicksAndRejections (node:internal/process/task_queues:90:21)
    at Axios.request (/Users/sishirpokhrel/Projects/aragon/app-backend/node_modules/axios/lib/core/Axios.js:45:41)
    at processTicksAndRejections (node:internal/process/task_queues:105:5)",
  "errorMessage": "Request failed with status code 422",
  "environment": "development",
  "tags": [
    "aragon-api"
  ]
}
2025-07-21T10:16:22.589Z [[33mwarn[39m] Error getTokenDetails
Detail : {
  "service": "helpers:BlockScoutHelper",
  "error": {
    "message": "Request failed with status code 422",
    "name": "AxiosError",
    "stack": "AxiosError: Request failed with status code 422
    at settle (/Users/sishirpokhrel/Projects/aragon/app-backend/node_modules/axios/lib/core/settle.js:19:12)
    at IncomingMessage.handleStreamEnd (/Users/sishirpokhrel/Projects/aragon/app-backend/node_modules/axios/lib/adapters/http.js:599:11)
    at IncomingMessage.emit (node:events:519:35)
    at IncomingMessage.emit (node:domain:489:12)
    at endReadableNT (node:internal/streams/readable:1701:12)
    at processTicksAndRejections (node:internal/process/task_queues:90:21)
    at Axios.request (/Users/sishirpokhrel/Projects/aragon/app-backend/node_modules/axios/lib/core/Axios.js:45:41)
    at processTicksAndRejections (node:internal/process/task_queues:105:5)",
    "config": {
      "transitional": {
        "silentJSONParsing": true,
        "forcedJSONParsing": true,
        "clarifyTimeoutError": false
      },
      "adapter": [
        "xhr",
        "http",
        "fetch"
      ],
      "transformRequest": [
        null
      ],
      "transformResponse": [
        null
      ],
      "timeout": 0,
      "xsrfCookieName": "XSRF-TOKEN",
      "xsrfHeaderName": "X-XSRF-TOKEN",
      "maxContentLength": -1,
      "maxBodyLength": -1,
      "env": {},
      "headers": {
        "Accept": "application/json, text/plain, */*",
        "Content-Type": "application/json",
        "User-Agent": "axios/1.8.3",
        "Accept-Encoding": "gzip, compress, deflate, br"
      },
      "baseURL": "https://eth.blockscout.com/api/",
      "params": {
        "apikey": null
      },
      "method": "get",
      "url": "v2/tokens/0xtoken-address",
      "allowAbsoluteUrls": true
    },
    "code": "ERR_BAD_REQUEST",
    "status": 422
  },
  "errorCode": "ERR_BAD_REQUEST",
  "errorStack": "AxiosError: Request failed with status code 422
    at settle (/Users/sishirpokhrel/Projects/aragon/app-backend/node_modules/axios/lib/core/settle.js:19:12)
    at IncomingMessage.handleStreamEnd (/Users/sishirpokhrel/Projects/aragon/app-backend/node_modules/axios/lib/adapters/http.js:599:11)
    at IncomingMessage.emit (node:events:519:35)
    at IncomingMessage.emit (node:domain:489:12)
    at endReadableNT (node:internal/streams/readable:1701:12)
    at processTicksAndRejections (node:internal/process/task_queues:90:21)
    at Axios.request (/Users/sishirpokhrel/Projects/aragon/app-backend/node_modules/axios/lib/core/Axios.js:45:41)
    at processTicksAndRejections (node:internal/process/task_queues:105:5)",
  "errorMessage": "Request failed with status code 422",
  "environment": "development",
  "tags": [
    "aragon-api"
  ]
}
2025-07-21T10:16:23.589Z [[31merror[39m] Error in Covalent RPC Call
Detail : {
  "service": "covalent",
  "path": "/pricing/historical_by_addresses_v2/eth-mainnet/USD/0xtoken-address/?from=2025-07-20",
  "error": {
    "message": "Request failed with status code 401",
    "name": "AxiosError",
    "stack": "AxiosError: Request failed with status code 401
    at settle (/Users/sishirpokhrel/Projects/aragon/app-backend/node_modules/axios/lib/core/settle.js:19:12)
    at IncomingMessage.handleStreamEnd (/Users/sishirpokhrel/Projects/aragon/app-backend/node_modules/axios/lib/adapters/http.js:599:11)
    at IncomingMessage.emit (node:events:519:35)
    at IncomingMessage.emit (node:domain:489:12)
    at endReadableNT (node:internal/streams/readable:1701:12)
    at processTicksAndRejections (node:internal/process/task_queues:90:21)
    at Axios.request (/Users/sishirpokhrel/Projects/aragon/app-backend/node_modules/axios/lib/core/Axios.js:45:41)
    at processTicksAndRejections (node:internal/process/task_queues:105:5)",
    "config": {
      "transitional": {
        "silentJSONParsing": true,
        "forcedJSONParsing": true,
        "clarifyTimeoutError": false
      },
      "adapter": [
        "xhr",
        "http",
        "fetch"
      ],
      "transformRequest": [
        null
      ],
      "transformResponse": [
        null
      ],
      "timeout": 0,
      "xsrfCookieName": "XSRF-TOKEN",
      "xsrfHeaderName": "X-XSRF-TOKEN",
      "maxContentLength": -1,
      "maxBodyLength": -1,
      "env": {},
      "headers": {
        "Accept": "application/json, text/plain, */*",
        "Content-Type": "application/json",
        "Authorization": "Basic bnVsbDo=",
        "User-Agent": "axios/1.8.3",
        "Accept-Encoding": "gzip, compress, deflate, br"
      },
      "baseURL": "https://api.covalenthq.com/v1",
      "method": "get",
      "url": "https://api.covalenthq.com/v1/pricing/historical_by_addresses_v2/eth-mainnet/USD/0xtoken-address/?from=2025-07-20",
      "allowAbsoluteUrls": true
    },
    "code": "ERR_BAD_REQUEST",
    "status": 401
  },
  "errorCode": "ERR_BAD_REQUEST",
  "errorStack": "AxiosError: Request failed with status code 401
    at settle (/Users/sishirpokhrel/Projects/aragon/app-backend/node_modules/axios/lib/core/settle.js:19:12)
    at IncomingMessage.handleStreamEnd (/Users/sishirpokhrel/Projects/aragon/app-backend/node_modules/axios/lib/adapters/http.js:599:11)
    at IncomingMessage.emit (node:events:519:35)
    at IncomingMessage.emit (node:domain:489:12)
    at endReadableNT (node:internal/streams/readable:1701:12)
    at processTicksAndRejections (node:internal/process/task_queues:90:21)
    at Axios.request (/Users/sishirpokhrel/Projects/aragon/app-backend/node_modules/axios/lib/core/Axios.js:45:41)
    at processTicksAndRejections (node:internal/process/task_queues:105:5)",
  "errorMessage": "Request failed with status code 401",
  "environment": "development",
  "tags": [
    "aragon-api"
  ]
}
2025-07-21T10:16:24.141Z [[33mwarn[39m] BLockScoutApi API call
Detail : {
  "service": "helpers:BlockScoutHelper",
  "error": {
    "message": "Request failed with status code 422",
    "name": "AxiosError",
    "stack": "AxiosError: Request failed with status code 422
    at settle (/Users/sishirpokhrel/Projects/aragon/app-backend/node_modules/axios/lib/core/settle.js:19:12)
    at IncomingMessage.handleStreamEnd (/Users/sishirpokhrel/Projects/aragon/app-backend/node_modules/axios/lib/adapters/http.js:599:11)
    at IncomingMessage.emit (node:events:519:35)
    at IncomingMessage.emit (node:domain:489:12)
    at endReadableNT (node:internal/streams/readable:1701:12)
    at processTicksAndRejections (node:internal/process/task_queues:90:21)
    at Axios.request (/Users/sishirpokhrel/Projects/aragon/app-backend/node_modules/axios/lib/core/Axios.js:45:41)
    at processTicksAndRejections (node:internal/process/task_queues:105:5)",
    "config": {
      "transitional": {
        "silentJSONParsing": true,
        "forcedJSONParsing": true,
        "clarifyTimeoutError": false
      },
      "adapter": [
        "xhr",
        "http",
        "fetch"
      ],
      "transformRequest": [
        null
      ],
      "transformResponse": [
        null
      ],
      "timeout": 0,
      "xsrfCookieName": "XSRF-TOKEN",
      "xsrfHeaderName": "X-XSRF-TOKEN",
      "maxContentLength": -1,
      "maxBodyLength": -1,
      "env": {},
      "headers": {
        "Accept": "application/json, text/plain, */*",
        "Content-Type": "application/json",
        "User-Agent": "axios/1.8.3",
        "Accept-Encoding": "gzip, compress, deflate, br"
      },
      "baseURL": "https://eth.blockscout.com/api/",
      "params": {
        "apikey": null
      },
      "method": "get",
      "url": "v2/tokens/0xtoken-address",
      "allowAbsoluteUrls": true
    },
    "code": "ERR_BAD_REQUEST",
    "status": 422
  },
  "path": "tokens/0xtoken-address",
  "params": {
    "apikey": null
  },
  "errorCode": "ERR_BAD_REQUEST",
  "errorStack": "AxiosError: Request failed with status code 422
    at settle (/Users/sishirpokhrel/Projects/aragon/app-backend/node_modules/axios/lib/core/settle.js:19:12)
    at IncomingMessage.handleStreamEnd (/Users/sishirpokhrel/Projects/aragon/app-backend/node_modules/axios/lib/adapters/http.js:599:11)
    at IncomingMessage.emit (node:events:519:35)
    at IncomingMessage.emit (node:domain:489:12)
    at endReadableNT (node:internal/streams/readable:1701:12)
    at processTicksAndRejections (node:internal/process/task_queues:90:21)
    at Axios.request (/Users/sishirpokhrel/Projects/aragon/app-backend/node_modules/axios/lib/core/Axios.js:45:41)
    at processTicksAndRejections (node:internal/process/task_queues:105:5)",
  "errorMessage": "Request failed with status code 422",
  "environment": "development",
  "tags": [
    "aragon-api"
  ]
}
2025-07-21T10:16:24.142Z [[33mwarn[39m] Error getTokenDetails
Detail : {
  "service": "helpers:BlockScoutHelper",
  "error": {
    "message": "Request failed with status code 422",
    "name": "AxiosError",
    "stack": "AxiosError: Request failed with status code 422
    at settle (/Users/sishirpokhrel/Projects/aragon/app-backend/node_modules/axios/lib/core/settle.js:19:12)
    at IncomingMessage.handleStreamEnd (/Users/sishirpokhrel/Projects/aragon/app-backend/node_modules/axios/lib/adapters/http.js:599:11)
    at IncomingMessage.emit (node:events:519:35)
    at IncomingMessage.emit (node:domain:489:12)
    at endReadableNT (node:internal/streams/readable:1701:12)
    at processTicksAndRejections (node:internal/process/task_queues:90:21)
    at Axios.request (/Users/sishirpokhrel/Projects/aragon/app-backend/node_modules/axios/lib/core/Axios.js:45:41)
    at processTicksAndRejections (node:internal/process/task_queues:105:5)",
    "config": {
      "transitional": {
        "silentJSONParsing": true,
        "forcedJSONParsing": true,
        "clarifyTimeoutError": false
      },
      "adapter": [
        "xhr",
        "http",
        "fetch"
      ],
      "transformRequest": [
        null
      ],
      "transformResponse": [
        null
      ],
      "timeout": 0,
      "xsrfCookieName": "XSRF-TOKEN",
      "xsrfHeaderName": "X-XSRF-TOKEN",
      "maxContentLength": -1,
      "maxBodyLength": -1,
      "env": {},
      "headers": {
        "Accept": "application/json, text/plain, */*",
        "Content-Type": "application/json",
        "User-Agent": "axios/1.8.3",
        "Accept-Encoding": "gzip, compress, deflate, br"
      },
      "baseURL": "https://eth.blockscout.com/api/",
      "params": {
        "apikey": null
      },
      "method": "get",
      "url": "v2/tokens/0xtoken-address",
      "allowAbsoluteUrls": true
    },
    "code": "ERR_BAD_REQUEST",
    "status": 422
  },
  "errorCode": "ERR_BAD_REQUEST",
  "errorStack": "AxiosError: Request failed with status code 422
    at settle (/Users/sishirpokhrel/Projects/aragon/app-backend/node_modules/axios/lib/core/settle.js:19:12)
    at IncomingMessage.handleStreamEnd (/Users/sishirpokhrel/Projects/aragon/app-backend/node_modules/axios/lib/adapters/http.js:599:11)
    at IncomingMessage.emit (node:events:519:35)
    at IncomingMessage.emit (node:domain:489:12)
    at endReadableNT (node:internal/streams/readable:1701:12)
    at processTicksAndRejections (node:internal/process/task_queues:90:21)
    at Axios.request (/Users/sishirpokhrel/Projects/aragon/app-backend/node_modules/axios/lib/core/Axios.js:45:41)
    at processTicksAndRejections (node:internal/process/task_queues:105:5)",
  "errorMessage": "Request failed with status code 422",
  "environment": "development",
  "tags": [
    "aragon-api"
  ]
}
2025-07-21T10:16:24.581Z [[31merror[39m] Error in Covalent RPC Call
Detail : {
  "service": "covalent",
  "path": "/pricing/historical_by_addresses_v2/eth-mainnet/USD/0xtoken-address/?from=2025-07-20",
  "error": {
    "message": "Request failed with status code 401",
    "name": "AxiosError",
    "stack": "AxiosError: Request failed with status code 401
    at settle (/Users/sishirpokhrel/Projects/aragon/app-backend/node_modules/axios/lib/core/settle.js:19:12)
    at IncomingMessage.handleStreamEnd (/Users/sishirpokhrel/Projects/aragon/app-backend/node_modules/axios/lib/adapters/http.js:599:11)
    at IncomingMessage.emit (node:events:519:35)
    at IncomingMessage.emit (node:domain:489:12)
    at endReadableNT (node:internal/streams/readable:1701:12)
    at processTicksAndRejections (node:internal/process/task_queues:90:21)
    at Axios.request (/Users/sishirpokhrel/Projects/aragon/app-backend/node_modules/axios/lib/core/Axios.js:45:41)
    at processTicksAndRejections (node:internal/process/task_queues:105:5)",
    "config": {
      "transitional": {
        "silentJSONParsing": true,
        "forcedJSONParsing": true,
        "clarifyTimeoutError": false
      },
      "adapter": [
        "xhr",
        "http",
        "fetch"
      ],
      "transformRequest": [
        null
      ],
      "transformResponse": [
        null
      ],
      "timeout": 0,
      "xsrfCookieName": "XSRF-TOKEN",
      "xsrfHeaderName": "X-XSRF-TOKEN",
      "maxContentLength": -1,
      "maxBodyLength": -1,
      "env": {},
      "headers": {
        "Accept": "application/json, text/plain, */*",
        "Content-Type": "application/json",
        "Authorization": "Basic bnVsbDo=",
        "User-Agent": "axios/1.8.3",
        "Accept-Encoding": "gzip, compress, deflate, br"
      },
      "baseURL": "https://api.covalenthq.com/v1",
      "method": "get",
      "url": "https://api.covalenthq.com/v1/pricing/historical_by_addresses_v2/eth-mainnet/USD/0xtoken-address/?from=2025-07-20",
      "allowAbsoluteUrls": true
    },
    "code": "ERR_BAD_REQUEST",
    "status": 401
  },
  "errorCode": "ERR_BAD_REQUEST",
  "errorStack": "AxiosError: Request failed with status code 401
    at settle (/Users/sishirpokhrel/Projects/aragon/app-backend/node_modules/axios/lib/core/settle.js:19:12)
    at IncomingMessage.handleStreamEnd (/Users/sishirpokhrel/Projects/aragon/app-backend/node_modules/axios/lib/adapters/http.js:599:11)
    at IncomingMessage.emit (node:events:519:35)
    at IncomingMessage.emit (node:domain:489:12)
    at endReadableNT (node:internal/streams/readable:1701:12)
    at processTicksAndRejections (node:internal/process/task_queues:90:21)
    at Axios.request (/Users/sishirpokhrel/Projects/aragon/app-backend/node_modules/axios/lib/core/Axios.js:45:41)
    at processTicksAndRejections (node:internal/process/task_queues:105:5)",
  "errorMessage": "Request failed with status code 401",
  "environment": "development",
  "tags": [
    "aragon-api"
  ]
}
2025-07-21T10:16:24.588Z [[31merror[39m] Error checking if token is syncable
Detail : {
  "service": "helpers:tokenUtils",
  "tokenAddress": "0xtoken-address",
  "network": "ethereum-mainnet",
  "error": {
    "code": "UNSUPPORTED_OPERATION",
    "operation": "resolveName",
    "shortMessage": "contract runner does not support name resolution"
  },
  "errorCode": "UNSUPPORTED_OPERATION",
  "errorStack": "Error: contract runner does not support name resolution (operation=\"resolveName\", code=UNSUPPORTED_OPERATION, version=6.14.4)
    at makeError (/Users/sishirpokhrel/Projects/aragon/app-backend/node_modules/ethers/src.ts/utils/errors.ts:698:21)
    at new BaseContract (/Users/sishirpokhrel/Projects/aragon/app-backend/node_modules/ethers/src.ts/contract/contract.ts:717:36)
    at new Contract (/Users/sishirpokhrel/Projects/aragon/app-backend/node_modules/ethers/src.ts/contract/contract.ts:1120:1)
    at Object.getTokenName (/Users/sishirpokhrel/Projects/aragon/app-backend/src/helpers/web3.ts:507:27)
    at Object.getTokenNameAndSymbol (/Users/sishirpokhrel/Projects/aragon/app-backend/src/helpers/web3.ts:558:35)
    at Object.isTokenSyncable (/Users/sishirpokhrel/Projects/aragon/app-backend/src/helpers/tokenUtils.ts:50:49)
    at async Object.createNewToken (/Users/sishirpokhrel/Projects/aragon/app-backend/src/modules/proxyToken.ts:175:33)
    at async /Users/sishirpokhrel/Projects/aragon/app-backend/src/modules/proxyToken.ts:43:16
    at async tryFn (/Users/sishirpokhrel/Projects/aragon/app-backend/src/modules/dbTx.ts:37:26)
    at async Object.executeTxFn (/Users/sishirpokhrel/Projects/aragon/app-backend/src/modules/dbTx.ts:69:14)",
  "errorMessage": "contract runner does not support name resolution (operation=\"resolveName\", code=UNSUPPORTED_OPERATION, version=6.14.4)",
  "environment": "development",
  "tags": [
    "aragon-api"
  ]
}
    [32m  ✔[0m[90m should handle tokenVoting proposalCreated[0m[31m (2720ms)[0m
2025-07-21T10:16:24.617Z [[31merror[39m] Error checksum address
Detail : {
  "service": "helpers:Web3Utils",
  "address": "0xtoken-address",
  "error": {
    "code": "INVALID_ARGUMENT",
    "argument": "address",
    "value": "0xtoken-address",
    "shortMessage": "invalid address"
  },
  "errorCode": "INVALID_ARGUMENT",
  "errorStack": "TypeError: invalid address (argument=\"address\", value=\"0xtoken-address\", code=INVALID_ARGUMENT, version=6.14.4)
    at makeError (/Users/sishirpokhrel/Projects/aragon/app-backend/node_modules/ethers/src.ts/utils/errors.ts:691:21)
    at assert (/Users/sishirpokhrel/Projects/aragon/app-backend/node_modules/ethers/src.ts/utils/errors.ts:719:25)
    at assertArgument (/Users/sishirpokhrel/Projects/aragon/app-backend/node_modules/ethers/src.ts/utils/errors.ts:731:5)
    at getAddress (/Users/sishirpokhrel/Projects/aragon/app-backend/node_modules/ethers/src.ts/address/address.ts:147:19)
    at Object.parseAddress (/Users/sishirpokhrel/Projects/aragon/app-backend/src/helpers/web3Utils.ts:379:24)
    at /Users/sishirpokhrel/Projects/aragon/app-backend/src/modules/proxyToken.ts:27:46
    at tryFn (/Users/sishirpokhrel/Projects/aragon/app-backend/src/modules/dbTx.ts:37:32)
    at async Object.executeTxFn (/Users/sishirpokhrel/Projects/aragon/app-backend/src/modules/dbTx.ts:69:14)
    at async Object.saveAndGetToken (/Users/sishirpokhrel/Projects/aragon/app-backend/src/modules/proxyToken.ts:26:14)
    at async Object.proposalCreated (/Users/sishirpokhrel/Projects/aragon/app-backend/src/handlers/proposalHandler.ts:213:23)",
  "errorMessage": "invalid address (argument=\"address\", value=\"0xtoken-address\", code=INVALID_ARGUMENT, version=6.14.4)",
  "environment": "development",
  "tags": [
    "aragon-api"
  ]
}
2025-07-21T10:16:24.624Z [[33mwarn[39m] Failed to fetch implementation address
Detail : {
  "service": "helpers:ProxyContractHelper",
  "error": {},
  "address": "0xtoken-address",
  "network": "ethereum-mainnet",
  "errorStack": "TypeError: Cannot read properties of undefined (reading 'getCode')
    at Job.task (/Users/sishirpokhrel/Projects/aragon/app-backend/src/helpers/proxyContract.ts:94:99)
    at /Users/sishirpokhrel/Projects/aragon/app-backend/node_modules/bottleneck/lib/Job.js:141:109
    at Generator.next (<anonymous>)
    at asyncGeneratorStep (/Users/sishirpokhrel/Projects/aragon/app-backend/node_modules/bottleneck/lib/Job.js:3:103)
    at _next (/Users/sishirpokhrel/Projects/aragon/app-backend/node_modules/bottleneck/lib/Job.js:5:194)
    at /Users/sishirpokhrel/Projects/aragon/app-backend/node_modules/bottleneck/lib/Job.js:5:364
    at new Promise (<anonymous>)
    at /Users/sishirpokhrel/Projects/aragon/app-backend/node_modules/bottleneck/lib/Job.js:5:97
    at Job.doExecute (/Users/sishirpokhrel/Projects/aragon/app-backend/node_modules/bottleneck/lib/Job.js:156:7)
    at Timeout._onTimeout (/Users/sishirpokhrel/Projects/aragon/app-backend/node_modules/bottleneck/lib/Bottleneck.js:199:22)",
  "errorMessage": "Cannot read properties of undefined (reading 'getCode')",
  "environment": "development",
  "tags": [
    "aragon-api"
  ]
}
2025-07-21T10:16:24.624Z [[31merror[39m] Error detecting token type
Detail : {
  "service": "helpers:TokenDetector",
  "address": "0xtoken-address",
  "network": "ethereum-mainnet",
  "error": {},
  "errorStack": "TypeError: Cannot read properties of undefined (reading 'getCode')
    at Object.detectTokenType (/Users/sishirpokhrel/Projects/aragon/app-backend/src/helpers/tokenDetector.ts:96:39)
    at async Object.createNewToken (/Users/sishirpokhrel/Projects/aragon/app-backend/src/modules/proxyToken.ts:128:27)
    at async /Users/sishirpokhrel/Projects/aragon/app-backend/src/modules/proxyToken.ts:43:16
    at async tryFn (/Users/sishirpokhrel/Projects/aragon/app-backend/src/modules/dbTx.ts:37:26)
    at async Object.executeTxFn (/Users/sishirpokhrel/Projects/aragon/app-backend/src/modules/dbTx.ts:69:14)
    at async Object.saveAndGetToken (/Users/sishirpokhrel/Projects/aragon/app-backend/src/modules/proxyToken.ts:26:14)
    at async Object.proposalCreated (/Users/sishirpokhrel/Projects/aragon/app-backend/src/handlers/proposalHandler.ts:213:23)
    at async Context.<anonymous> (/Users/sishirpokhrel/Projects/aragon/app-backend/test/unit/handlers/proposalHandler.spec.ts:402:7)",
  "errorMessage": "Cannot read properties of undefined (reading 'getCode')",
  "environment": "development",
  "tags": [
    "aragon-api"
  ]
}
2025-07-21T10:16:26.134Z [[33mwarn[39m] BLockScoutApi API call
Detail : {
  "service": "helpers:BlockScoutHelper",
  "error": {
    "message": "Request failed with status code 422",
    "name": "AxiosError",
    "stack": "AxiosError: Request failed with status code 422
    at settle (/Users/sishirpokhrel/Projects/aragon/app-backend/node_modules/axios/lib/core/settle.js:19:12)
    at IncomingMessage.handleStreamEnd (/Users/sishirpokhrel/Projects/aragon/app-backend/node_modules/axios/lib/adapters/http.js:599:11)
    at IncomingMessage.emit (node:events:519:35)
    at IncomingMessage.emit (node:domain:489:12)
    at endReadableNT (node:internal/streams/readable:1701:12)
    at processTicksAndRejections (node:internal/process/task_queues:90:21)
    at Axios.request (/Users/sishirpokhrel/Projects/aragon/app-backend/node_modules/axios/lib/core/Axios.js:45:41)
    at processTicksAndRejections (node:internal/process/task_queues:105:5)",
    "config": {
      "transitional": {
        "silentJSONParsing": true,
        "forcedJSONParsing": true,
        "clarifyTimeoutError": false
      },
      "adapter": [
        "xhr",
        "http",
        "fetch"
      ],
      "transformRequest": [
        null
      ],
      "transformResponse": [
        null
      ],
      "timeout": 0,
      "xsrfCookieName": "XSRF-TOKEN",
      "xsrfHeaderName": "X-XSRF-TOKEN",
      "maxContentLength": -1,
      "maxBodyLength": -1,
      "env": {},
      "headers": {
        "Accept": "application/json, text/plain, */*",
        "Content-Type": "application/json",
        "User-Agent": "axios/1.8.3",
        "Accept-Encoding": "gzip, compress, deflate, br"
      },
      "baseURL": "https://eth.blockscout.com/api/",
      "params": {
        "apikey": null
      },
      "method": "get",
      "url": "v2/tokens/0xtoken-address",
      "allowAbsoluteUrls": true
    },
    "code": "ERR_BAD_REQUEST",
    "status": 422
  },
  "path": "tokens/0xtoken-address",
  "params": {
    "apikey": null
  },
  "errorCode": "ERR_BAD_REQUEST",
  "errorStack": "AxiosError: Request failed with status code 422
    at settle (/Users/sishirpokhrel/Projects/aragon/app-backend/node_modules/axios/lib/core/settle.js:19:12)
    at IncomingMessage.handleStreamEnd (/Users/sishirpokhrel/Projects/aragon/app-backend/node_modules/axios/lib/adapters/http.js:599:11)
    at IncomingMessage.emit (node:events:519:35)
    at IncomingMessage.emit (node:domain:489:12)
    at endReadableNT (node:internal/streams/readable:1701:12)
    at processTicksAndRejections (node:internal/process/task_queues:90:21)
    at Axios.request (/Users/sishirpokhrel/Projects/aragon/app-backend/node_modules/axios/lib/core/Axios.js:45:41)
    at processTicksAndRejections (node:internal/process/task_queues:105:5)",
  "errorMessage": "Request failed with status code 422",
  "environment": "development",
  "tags": [
    "aragon-api"
  ]
}
2025-07-21T10:16:26.135Z [[33mwarn[39m] Error getTokenDetails
Detail : {
  "service": "helpers:BlockScoutHelper",
  "error": {
    "message": "Request failed with status code 422",
    "name": "AxiosError",
    "stack": "AxiosError: Request failed with status code 422
    at settle (/Users/sishirpokhrel/Projects/aragon/app-backend/node_modules/axios/lib/core/settle.js:19:12)
    at IncomingMessage.handleStreamEnd (/Users/sishirpokhrel/Projects/aragon/app-backend/node_modules/axios/lib/adapters/http.js:599:11)
    at IncomingMessage.emit (node:events:519:35)
    at IncomingMessage.emit (node:domain:489:12)
    at endReadableNT (node:internal/streams/readable:1701:12)
    at processTicksAndRejections (node:internal/process/task_queues:90:21)
    at Axios.request (/Users/sishirpokhrel/Projects/aragon/app-backend/node_modules/axios/lib/core/Axios.js:45:41)
    at processTicksAndRejections (node:internal/process/task_queues:105:5)",
    "config": {
      "transitional": {
        "silentJSONParsing": true,
        "forcedJSONParsing": true,
        "clarifyTimeoutError": false
      },
      "adapter": [
        "xhr",
        "http",
        "fetch"
      ],
      "transformRequest": [
        null
      ],
      "transformResponse": [
        null
      ],
      "timeout": 0,
      "xsrfCookieName": "XSRF-TOKEN",
      "xsrfHeaderName": "X-XSRF-TOKEN",
      "maxContentLength": -1,
      "maxBodyLength": -1,
      "env": {},
      "headers": {
        "Accept": "application/json, text/plain, */*",
        "Content-Type": "application/json",
        "User-Agent": "axios/1.8.3",
        "Accept-Encoding": "gzip, compress, deflate, br"
      },
      "baseURL": "https://eth.blockscout.com/api/",
      "params": {
        "apikey": null
      },
      "method": "get",
      "url": "v2/tokens/0xtoken-address",
      "allowAbsoluteUrls": true
    },
    "code": "ERR_BAD_REQUEST",
    "status": 422
  },
  "errorCode": "ERR_BAD_REQUEST",
  "errorStack": "AxiosError: Request failed with status code 422
    at settle (/Users/sishirpokhrel/Projects/aragon/app-backend/node_modules/axios/lib/core/settle.js:19:12)
    at IncomingMessage.handleStreamEnd (/Users/sishirpokhrel/Projects/aragon/app-backend/node_modules/axios/lib/adapters/http.js:599:11)
    at IncomingMessage.emit (node:events:519:35)
    at IncomingMessage.emit (node:domain:489:12)
    at endReadableNT (node:internal/streams/readable:1701:12)
    at processTicksAndRejections (node:internal/process/task_queues:90:21)
    at Axios.request (/Users/sishirpokhrel/Projects/aragon/app-backend/node_modules/axios/lib/core/Axios.js:45:41)
    at processTicksAndRejections (node:internal/process/task_queues:105:5)",
  "errorMessage": "Request failed with status code 422",
  "environment": "development",
  "tags": [
    "aragon-api"
  ]
}
2025-07-21T10:16:27.199Z [[31merror[39m] Error in Covalent RPC Call
Detail : {
  "service": "covalent",
  "path": "/pricing/historical_by_addresses_v2/eth-mainnet/USD/0xtoken-address/?from=2025-07-20",
  "error": {
    "message": "Request failed with status code 401",
    "name": "AxiosError",
    "stack": "AxiosError: Request failed with status code 401
    at settle (/Users/sishirpokhrel/Projects/aragon/app-backend/node_modules/axios/lib/core/settle.js:19:12)
    at IncomingMessage.handleStreamEnd (/Users/sishirpokhrel/Projects/aragon/app-backend/node_modules/axios/lib/adapters/http.js:599:11)
    at IncomingMessage.emit (node:events:519:35)
    at IncomingMessage.emit (node:domain:489:12)
    at endReadableNT (node:internal/streams/readable:1701:12)
    at processTicksAndRejections (node:internal/process/task_queues:90:21)
    at Axios.request (/Users/sishirpokhrel/Projects/aragon/app-backend/node_modules/axios/lib/core/Axios.js:45:41)
    at processTicksAndRejections (node:internal/process/task_queues:105:5)",
    "config": {
      "transitional": {
        "silentJSONParsing": true,
        "forcedJSONParsing": true,
        "clarifyTimeoutError": false
      },
      "adapter": [
        "xhr",
        "http",
        "fetch"
      ],
      "transformRequest": [
        null
      ],
      "transformResponse": [
        null
      ],
      "timeout": 0,
      "xsrfCookieName": "XSRF-TOKEN",
      "xsrfHeaderName": "X-XSRF-TOKEN",
      "maxContentLength": -1,
      "maxBodyLength": -1,
      "env": {},
      "headers": {
        "Accept": "application/json, text/plain, */*",
        "Content-Type": "application/json",
        "Authorization": "Basic bnVsbDo=",
        "User-Agent": "axios/1.8.3",
        "Accept-Encoding": "gzip, compress, deflate, br"
      },
      "baseURL": "https://api.covalenthq.com/v1",
      "method": "get",
      "url": "https://api.covalenthq.com/v1/pricing/historical_by_addresses_v2/eth-mainnet/USD/0xtoken-address/?from=2025-07-20",
      "allowAbsoluteUrls": true
    },
    "code": "ERR_BAD_REQUEST",
    "status": 401
  },
  "errorCode": "ERR_BAD_REQUEST",
  "errorStack": "AxiosError: Request failed with status code 401
    at settle (/Users/sishirpokhrel/Projects/aragon/app-backend/node_modules/axios/lib/core/settle.js:19:12)
    at IncomingMessage.handleStreamEnd (/Users/sishirpokhrel/Projects/aragon/app-backend/node_modules/axios/lib/adapters/http.js:599:11)
    at IncomingMessage.emit (node:events:519:35)
    at IncomingMessage.emit (node:domain:489:12)
    at endReadableNT (node:internal/streams/readable:1701:12)
    at processTicksAndRejections (node:internal/process/task_queues:90:21)
    at Axios.request (/Users/sishirpokhrel/Projects/aragon/app-backend/node_modules/axios/lib/core/Axios.js:45:41)
    at processTicksAndRejections (node:internal/process/task_queues:105:5)",
  "errorMessage": "Request failed with status code 401",
  "environment": "development",
  "tags": [
    "aragon-api"
  ]
}
2025-07-21T10:16:28.138Z [[33mwarn[39m] BLockScoutApi API call
Detail : {
  "service": "helpers:BlockScoutHelper",
  "error": {
    "message": "Request failed with status code 422",
    "name": "AxiosError",
    "stack": "AxiosError: Request failed with status code 422
    at settle (/Users/sishirpokhrel/Projects/aragon/app-backend/node_modules/axios/lib/core/settle.js:19:12)
    at IncomingMessage.handleStreamEnd (/Users/sishirpokhrel/Projects/aragon/app-backend/node_modules/axios/lib/adapters/http.js:599:11)
    at IncomingMessage.emit (node:events:519:35)
    at IncomingMessage.emit (node:domain:489:12)
    at endReadableNT (node:internal/streams/readable:1701:12)
    at processTicksAndRejections (node:internal/process/task_queues:90:21)
    at Axios.request (/Users/sishirpokhrel/Projects/aragon/app-backend/node_modules/axios/lib/core/Axios.js:45:41)
    at processTicksAndRejections (node:internal/process/task_queues:105:5)",
    "config": {
      "transitional": {
        "silentJSONParsing": true,
        "forcedJSONParsing": true,
        "clarifyTimeoutError": false
      },
      "adapter": [
        "xhr",
        "http",
        "fetch"
      ],
      "transformRequest": [
        null
      ],
      "transformResponse": [
        null
      ],
      "timeout": 0,
      "xsrfCookieName": "XSRF-TOKEN",
      "xsrfHeaderName": "X-XSRF-TOKEN",
      "maxContentLength": -1,
      "maxBodyLength": -1,
      "env": {},
      "headers": {
        "Accept": "application/json, text/plain, */*",
        "Content-Type": "application/json",
        "User-Agent": "axios/1.8.3",
        "Accept-Encoding": "gzip, compress, deflate, br"
      },
      "baseURL": "https://eth.blockscout.com/api/",
      "params": {
        "apikey": null
      },
      "method": "get",
      "url": "v2/tokens/0xtoken-address",
      "allowAbsoluteUrls": true
    },
    "code": "ERR_BAD_REQUEST",
    "status": 422
  },
  "path": "tokens/0xtoken-address",
  "params": {
    "apikey": null
  },
  "errorCode": "ERR_BAD_REQUEST",
  "errorStack": "AxiosError: Request failed with status code 422
    at settle (/Users/sishirpokhrel/Projects/aragon/app-backend/node_modules/axios/lib/core/settle.js:19:12)
    at IncomingMessage.handleStreamEnd (/Users/sishirpokhrel/Projects/aragon/app-backend/node_modules/axios/lib/adapters/http.js:599:11)
    at IncomingMessage.emit (node:events:519:35)
    at IncomingMessage.emit (node:domain:489:12)
    at endReadableNT (node:internal/streams/readable:1701:12)
    at processTicksAndRejections (node:internal/process/task_queues:90:21)
    at Axios.request (/Users/sishirpokhrel/Projects/aragon/app-backend/node_modules/axios/lib/core/Axios.js:45:41)
    at processTicksAndRejections (node:internal/process/task_queues:105:5)",
  "errorMessage": "Request failed with status code 422",
  "environment": "development",
  "tags": [
    "aragon-api"
  ]
}
2025-07-21T10:16:28.139Z [[33mwarn[39m] Error getTokenDetails
Detail : {
  "service": "helpers:BlockScoutHelper",
  "error": {
    "message": "Request failed with status code 422",
    "name": "AxiosError",
    "stack": "AxiosError: Request failed with status code 422
    at settle (/Users/sishirpokhrel/Projects/aragon/app-backend/node_modules/axios/lib/core/settle.js:19:12)
    at IncomingMessage.handleStreamEnd (/Users/sishirpokhrel/Projects/aragon/app-backend/node_modules/axios/lib/adapters/http.js:599:11)
    at IncomingMessage.emit (node:events:519:35)
    at IncomingMessage.emit (node:domain:489:12)
    at endReadableNT (node:internal/streams/readable:1701:12)
    at processTicksAndRejections (node:internal/process/task_queues:90:21)
    at Axios.request (/Users/sishirpokhrel/Projects/aragon/app-backend/node_modules/axios/lib/core/Axios.js:45:41)
    at processTicksAndRejections (node:internal/process/task_queues:105:5)",
    "config": {
      "transitional": {
        "silentJSONParsing": true,
        "forcedJSONParsing": true,
        "clarifyTimeoutError": false
      },
      "adapter": [
        "xhr",
        "http",
        "fetch"
      ],
      "transformRequest": [
        null
      ],
      "transformResponse": [
        null
      ],
      "timeout": 0,
      "xsrfCookieName": "XSRF-TOKEN",
      "xsrfHeaderName": "X-XSRF-TOKEN",
      "maxContentLength": -1,
      "maxBodyLength": -1,
      "env": {},
      "headers": {
        "Accept": "application/json, text/plain, */*",
        "Content-Type": "application/json",
        "User-Agent": "axios/1.8.3",
        "Accept-Encoding": "gzip, compress, deflate, br"
      },
      "baseURL": "https://eth.blockscout.com/api/",
      "params": {
        "apikey": null
      },
      "method": "get",
      "url": "v2/tokens/0xtoken-address",
      "allowAbsoluteUrls": true
    },
    "code": "ERR_BAD_REQUEST",
    "status": 422
  },
  "errorCode": "ERR_BAD_REQUEST",
  "errorStack": "AxiosError: Request failed with status code 422
    at settle (/Users/sishirpokhrel/Projects/aragon/app-backend/node_modules/axios/lib/core/settle.js:19:12)
    at IncomingMessage.handleStreamEnd (/Users/sishirpokhrel/Projects/aragon/app-backend/node_modules/axios/lib/adapters/http.js:599:11)
    at IncomingMessage.emit (node:events:519:35)
    at IncomingMessage.emit (node:domain:489:12)
    at endReadableNT (node:internal/streams/readable:1701:12)
    at processTicksAndRejections (node:internal/process/task_queues:90:21)
    at Axios.request (/Users/sishirpokhrel/Projects/aragon/app-backend/node_modules/axios/lib/core/Axios.js:45:41)
    at processTicksAndRejections (node:internal/process/task_queues:105:5)",
  "errorMessage": "Request failed with status code 422",
  "environment": "development",
  "tags": [
    "aragon-api"
  ]
}
2025-07-21T10:16:28.544Z [[31merror[39m] Error in Covalent RPC Call
Detail : {
  "service": "covalent",
  "path": "/pricing/historical_by_addresses_v2/eth-mainnet/USD/0xtoken-address/?from=2025-07-20",
  "error": {
    "message": "Request failed with status code 401",
    "name": "AxiosError",
    "stack": "AxiosError: Request failed with status code 401
    at settle (/Users/sishirpokhrel/Projects/aragon/app-backend/node_modules/axios/lib/core/settle.js:19:12)
    at IncomingMessage.handleStreamEnd (/Users/sishirpokhrel/Projects/aragon/app-backend/node_modules/axios/lib/adapters/http.js:599:11)
    at IncomingMessage.emit (node:events:519:35)
    at IncomingMessage.emit (node:domain:489:12)
    at endReadableNT (node:internal/streams/readable:1701:12)
    at processTicksAndRejections (node:internal/process/task_queues:90:21)
    at Axios.request (/Users/sishirpokhrel/Projects/aragon/app-backend/node_modules/axios/lib/core/Axios.js:45:41)
    at processTicksAndRejections (node:internal/process/task_queues:105:5)",
    "config": {
      "transitional": {
        "silentJSONParsing": true,
        "forcedJSONParsing": true,
        "clarifyTimeoutError": false
      },
      "adapter": [
        "xhr",
        "http",
        "fetch"
      ],
      "transformRequest": [
        null
      ],
      "transformResponse": [
        null
      ],
      "timeout": 0,
      "xsrfCookieName": "XSRF-TOKEN",
      "xsrfHeaderName": "X-XSRF-TOKEN",
      "maxContentLength": -1,
      "maxBodyLength": -1,
      "env": {},
      "headers": {
        "Accept": "application/json, text/plain, */*",
        "Content-Type": "application/json",
        "Authorization": "Basic bnVsbDo=",
        "User-Agent": "axios/1.8.3",
        "Accept-Encoding": "gzip, compress, deflate, br"
      },
      "baseURL": "https://api.covalenthq.com/v1",
      "method": "get",
      "url": "https://api.covalenthq.com/v1/pricing/historical_by_addresses_v2/eth-mainnet/USD/0xtoken-address/?from=2025-07-20",
      "allowAbsoluteUrls": true
    },
    "code": "ERR_BAD_REQUEST",
    "status": 401
  },
  "errorCode": "ERR_BAD_REQUEST",
  "errorStack": "AxiosError: Request failed with status code 401
    at settle (/Users/sishirpokhrel/Projects/aragon/app-backend/node_modules/axios/lib/core/settle.js:19:12)
    at IncomingMessage.handleStreamEnd (/Users/sishirpokhrel/Projects/aragon/app-backend/node_modules/axios/lib/adapters/http.js:599:11)
    at IncomingMessage.emit (node:events:519:35)
    at IncomingMessage.emit (node:domain:489:12)
    at endReadableNT (node:internal/streams/readable:1701:12)
    at processTicksAndRejections (node:internal/process/task_queues:90:21)
    at Axios.request (/Users/sishirpokhrel/Projects/aragon/app-backend/node_modules/axios/lib/core/Axios.js:45:41)
    at processTicksAndRejections (node:internal/process/task_queues:105:5)",
  "errorMessage": "Request failed with status code 401",
  "environment": "development",
  "tags": [
    "aragon-api"
  ]
}
2025-07-21T10:16:28.547Z [[31merror[39m] Error checking if token is syncable
Detail : {
  "service": "helpers:tokenUtils",
  "tokenAddress": "0xtoken-address",
  "network": "ethereum-mainnet",
  "error": {
    "code": "UNSUPPORTED_OPERATION",
    "operation": "resolveName",
    "shortMessage": "contract runner does not support name resolution"
  },
  "errorCode": "UNSUPPORTED_OPERATION",
  "errorStack": "Error: contract runner does not support name resolution (operation=\"resolveName\", code=UNSUPPORTED_OPERATION, version=6.14.4)
    at makeError (/Users/sishirpokhrel/Projects/aragon/app-backend/node_modules/ethers/src.ts/utils/errors.ts:698:21)
    at new BaseContract (/Users/sishirpokhrel/Projects/aragon/app-backend/node_modules/ethers/src.ts/contract/contract.ts:717:36)
    at new Contract (/Users/sishirpokhrel/Projects/aragon/app-backend/node_modules/ethers/src.ts/contract/contract.ts:1120:1)
    at Object.getTokenName (/Users/sishirpokhrel/Projects/aragon/app-backend/src/helpers/web3.ts:507:27)
    at Object.getTokenNameAndSymbol (/Users/sishirpokhrel/Projects/aragon/app-backend/src/helpers/web3.ts:558:35)
    at Object.isTokenSyncable (/Users/sishirpokhrel/Projects/aragon/app-backend/src/helpers/tokenUtils.ts:50:49)
    at async Object.createNewToken (/Users/sishirpokhrel/Projects/aragon/app-backend/src/modules/proxyToken.ts:175:33)
    at async /Users/sishirpokhrel/Projects/aragon/app-backend/src/modules/proxyToken.ts:43:16
    at async tryFn (/Users/sishirpokhrel/Projects/aragon/app-backend/src/modules/dbTx.ts:37:26)
    at async Object.executeTxFn (/Users/sishirpokhrel/Projects/aragon/app-backend/src/modules/dbTx.ts:69:14)",
  "errorMessage": "contract runner does not support name resolution (operation=\"resolveName\", code=UNSUPPORTED_OPERATION, version=6.14.4)",
  "environment": "development",
  "tags": [
    "aragon-api"
  ]
}
    [32m  ✔[0m[90m should handle tokenVoting with no actions[0m[31m (3949ms)[0m
    [32m  ✔[0m[90m should handle admin proposalCreated[0m
    [32m  ✔[0m[90m Plugin not found[0m
    [32m  ✔[0m[90m should return early when existingLog is found[0m
    [32m  ✔[0m[90m proposalCreated throw error[0m
[0m    approved[0m
    [32m  ✔[0m[90m should return when plugin is not supported[0m
    [32m  ✔[0m[90m should handle approved event[0m
    [32m  ✔[0m[90m should return early and log warning when plugin does not exist[0m
    [32m  ✔[0m[90m should return early when existingLog exists and not call createDocument[0m
    [32m  ✔[0m[90m should log a warning if the proposal is not found[0m
    [32m  ✔[0m[90m should log an error if an exception occurs[0m
[0m    voteCast[0m
    [32m  ✔[0m[90m should handle voteCast and save a new vote[0m
    [32m  ✔[0m[90m should handle replacing an existing vote[0m
    [32m  ✔[0m[90m should log a warning if the plugin is not found[0m
    [32m  ✔[0m[90m should log a warning if the proposal is not found[0m
    [32m  ✔[0m[90m should log a warning if the plugin is not supported with missing token[0m
    [32m  ✔[0m[90m should return early when existingLog exists and not create a new vote[0m
    [32m  ✔[0m[90m should log an error if an exception occurs[0m
[0m    proposalExecuted[0m
    [32m  ✔[0m[90m should update proposal as executed and send dao metrics[0m
    [32m  ✔[0m[90m should log a warning if the proposal is not found[0m
    [32m  ✔[0m[90m should log an error if an exception occurs[0m
    [32m  ✔[0m[90m should do nothing if proposal is already executed[0m
[0m    fetchProposalMetadata[0m
    [32m  ✔[0m[90m should fetch and parse proposal metadata[0m
    [32m  ✔[0m[90m should return null if an error occurs while fetching metadata[0m
[0m    proposalAdvanced[0m
    [32m  ✔[0m[90m should update parent and sub-proposals correctly on stage advance[0m[33m (60ms)[0m
    [32m  ✔[0m[90m should log a warning when the proposal is not found[0m
    [32m  ✔[0m[90m should skip sub-proposals already executed[0m[33m (45ms)[0m
    [32m  ✔[0m[90m should return early when stage execution already exists[0m
    [32m  ✔[0m[90m should log a warning and return when subProposalDb is not found[0m
    [32m  ✔[0m[90m should log an error and continue execution when subProposalDb is not found[0m
    [32m  ✔[0m[90m should return early and not update executed subProposal[0m
    [32m  ✔[0m[90m should log an error when subPlugins are missing for the stage[0m
    [32m  ✔[0m[90m should log a warning if the sub-proposal already exists[0m[33m (38ms)[0m
    [32m  ✔[0m[90m should log an error when ProposalHelper.getSppSubPluginProposals fails[0m[33m (72ms)[0m
    [32m  ✔[0m[90m should log an error if an exception occurs[0m
[0m    handleStartEndDate[0m
    [32m  ✔[0m[90m should return startDate and endDate from ProposalHelper response[0m
    [32m  ✔[0m[90m should return 0 for startDate and endDate if response is undefined[0m
    [32m  ✔[0m[90m should return 0 for startDate and endDate if parameters are undefined[0m
    [32m  ✔[0m[90m should return 0 for startDate and endDate if startDate and endDate are missing[0m
[0m    parseActions[0m
    [32m  ✔[0m[90m should return an empty array if rawActions is empty[0m
    [32m  ✔[0m[90m should call decodeData for actions with data length >= 10 and decodeTransfer otherwise[0m
2025-07-21T10:16:29.278Z [[36mverbose[39m] Update proposalEdited
Detail : {
  "service": "handlers:ProposalHandler",
  "logId": "0xd06dd61b5c1fb7583c4131339ab90356d74b990ecc25e26423f4fcc2820ad19b-0x9d5586b4B048Ba9fa847Ae5F169352dc080b3eb3-0",
  "environment": "development",
  "tags": [
    "aragon-api"
  ]
}
    [32m  ✔[0m[90m should return an empty array when decodeData fails[0m
    [32m  ✔[0m[90m should log an error if an exception occurs[0m
[0m    findIncrementalId[0m
    [32m  ✔[0m[90m should throw an error if required fields are missing[0m
    [32m  ✔[0m[90m should throw an error if the plugin is not found[0m
    [32m  ✔[0m[90m should log error and return -1 if an exception occurs[0m
    [32m  ✔[0m[90m should return the proposalIndex as a number if it is less than 10 characters[0m
    [32m  ✔[0m[90m should handle proposalIndex with 10 or more characters when no lastSavedProposal exists[0m
    [32m  ✔[0m[90m should handle proposalIndex with 10 or more characters when lastSavedProposal exists[0m
    [32m  ✔[0m[90m should return null when no logs are found[0m
    [32m  ✔[0m[90m should return null when proposalIndex is not found in logs[0m
    [32m  ✔[0m[90m should return null when calculated incrementalId is already used[0m
    [32m  ✔[0m[90m should correctly sort logs by blockNumber and logIndex[0m
    [32m  ✔[0m[90m should return the correct index if found in logs and call handler once[0m
    [32m  ✔[0m[90m should log an error if an error occurs in the crawl process (onError)[0m
[0m    pairSppProposals[0m
    [32m  ✔[0m[90m should return early if plugin is not SPP and not a subPlugin[0m
    [32m  ✔[0m[90m should update proposal as subProposal when plugin is a subPlugin[0m
    [32m  ✔[0m[90m should handle SPP plugin and update parent proposal and sub-proposals[0m
    [32m  ✔[0m[90m should handle SPP plugin with no valid sub-proposals[0m
    [32m  ✔[0m[90m should handle missing proposalInfo correctly[0m
    [32m  ✔[0m[90m should handle error during DB transaction[0m
2025-07-21T10:16:29.521Z [[36mverbose[39m] Update proposal - pairSppProposals
Detail : {
  "service": "handlers:ProposalHandler",
  "logId": "0xd06dd61b5c1fb7583c4131339ab90356d74b990ecc25e26423f4fcc2820ad19b-0xParentPlugin-1",
  "info": {
    "transactionHash": "0xTxHash",
    "blockNumber": 100
  },
  "environment": "development",
  "tags": [
    "aragon-api"
  ]
}
    [32m  ✔[0m[90m should handle missing subPlugins gracefully[0m

[0m  Indexer: PluginSetupProcessorHandler[0m
[0m    aggregateLog[0m
    [32m  ✔[0m[90m should aggregateLog[0m
    [32m  ✔[0m[90m should throw error[0m
[0m    installationApplied[0m
    [32m  ✔[0m[90m should return when dao not found[0m
    [32m  ✔[0m[90m should return when existingLog[0m
    [32m  ✔[0m[90m should create new log installationApplied[0m
    [32m  ✔[0m[90m should create new log installationApplied when spp plugin[0m
    [32m  ✔[0m[90m should create new log installationApplied when admin plugin[0m
    [32m  ✔[0m[90m should create new log installationApplied when gauge plugin[0m
2025-07-21T10:16:29.653Z [[36mverbose[39m] Created new document - New InstallationApplied
Detail : {
  "service": "handlers:pluginSetupProcessorHandler",
  "network": "ethereum-mainnet",
  "transactionIndex": 2,
  "logIndex": 2,
  "blockNumber": 1,
  "transactionHash": "0x123",
  "address": "0x456",
  "eventName": "test",
  "documentId": "ethereum-mainnet-0x123-2-2-InstallationApplied",
  "environment": "development",
  "tags": [
    "aragon-api"
  ]
}
    [32m  ✔[0m[90m should return when plugin not found[0m
[0m    installationPrepared[0m
    [32m  ✔[0m[90m should return when dao not found[0m
    [32m  ✔[0m[90m should create new log installationPrepared with token[0m
    [32m  ✔[0m[90m should create new log installationPrepared with no token address[0m
2025-07-21T10:16:29.701Z [[36mverbose[39m] Created new document - New InstallationPrepared
Detail : {
  "service": "handlers:pluginSetupProcessorHandler",
  "network": "ethereum-mainnet",
  "transactionIndex": 2,
  "logIndex": 2,
  "blockNumber": 1,
  "transactionHash": "0x123",
  "address": "0x456",
  "eventName": "test",
  "logId": "ethereum-mainnet-0x123-2-2-InstallationPrepared",
  "environment": "development",
  "tags": [
    "aragon-api"
  ]
}
    [32m  ✔[0m[90m should return when plugin not found[0m
    [32m  ✔[0m[90m should throw error[0m
[0m    updateMetadataOnPreInstall[0m
    [32m  ✔[0m[90m should updateMetadataOnPreInstall[0m
    [32m  ✔[0m[90m should throw updateMetadataOnPreInstall[0m
[0m    findAndUpdateTokenAddress[0m
    [32m  ✔[0m[90m should return when plugin does not carry token info[0m
2025-07-21T10:16:29.755Z [[36mverbose[39m] Updated document - Update Voting plugin token
Detail : {
  "service": "handlers:pluginSetupProcessorHandler",
  "network": "ethereum-mainnet",
  "transactionIndex": 2,
  "logIndex": 2,
  "blockNumber": 1,
  "transactionHash": "0x123",
  "address": "0x456",
  "eventName": "test",
  "documentId": "polygon-mainnet-0x6f3e8a941b2140d72e402e35078fd459478222e146aa6d6bd6832d322de5dd71-0xBf8dE4316E2778E26b12dad8906467b23BB9A293",
  "environment": "development",
  "tags": [
    "aragon-api"
  ]
}
    [32m  ✔[0m[90m should handle when plugin is token voting[0m
2025-07-21T10:16:29.773Z [[36mverbose[39m] Updated document - Update Voting plugin token
Detail : {
  "service": "handlers:pluginSetupProcessorHandler",
  "network": "ethereum-mainnet",
  "transactionIndex": 2,
  "logIndex": 2,
  "blockNumber": 1,
  "transactionHash": "0x123",
  "address": "0x456",
  "eventName": "test",
  "documentId": "polygon-mainnet-0x6f3e8a941b2140d72e402e35078fd459478222e146aa6d6bd6832d322de5dd71-0xBf8dE4316E2778E26b12dad8906467b23BB9A293",
  "environment": "development",
  "tags": [
    "aragon-api"
  ]
}
    [32m  ✔[0m[90m should handle when plugin is gauge[0m
[0m    uninstallationApplied[0m
    [32m  ✔[0m[90m should uninstallationApplied[0m
    [32m  ✔[0m[90m dao not found error[0m
    [32m  ✔[0m[90m should skip if log already exists[0m
[0m    uninstallationPrepared[0m
    [32m  ✔[0m[90m should uninstallationPrepared[0m
    [32m  ✔[0m[90m dao not found error[0m
    [32m  ✔[0m[90m should skip if log already exists[0m
[0m    updateApplied[0m
    [32m  ✔[0m[90m should updateApplied[0m
    [32m  ✔[0m[90m dao not found warn[0m
    [32m  ✔[0m[90m skip if log already exists[0m
[0m    updatePrepared[0m
    [32m  ✔[0m[90m should updatePrepared[0m
    [32m  ✔[0m[90m dao not found error[0m
    [32m  ✔[0m[90m should skip if dao not exists[0m
    [32m  ✔[0m[90m should skip if log already exists[0m
[0m    findVotingEscrow[0m
    [32m  ✔[0m[90m should return voting escrow object when all addresses are valid and escrow is valid[0m
    [32m  ✔[0m[90m should return null when escrow address is not found[0m
    [32m  ✔[0m[90m should return null when escrow is not valid[0m
    [32m  ✔[0m[90m should return null when one of the required addresses is missing[0m
    [32m  ✔[0m[90m should return null when clockAddress is missing[0m
    [32m  ✔[0m[90m should return null when erc20TokenAddress is missing[0m

[0m  Indexer: PluginSettingHandler[0m
[0m    handlePluginSettingByType[0m
    [32m  ✔[0m[90m should process tokenVoting settings log[0m
    [32m  ✔[0m[90m should process multisig settings log[0m
    [32m  ✔[0m[90m should process multisig v2 settings log[0m
    [32m  ✔[0m[90m should process spp settings log[0m
    [32m  ✔[0m[90m should process not a supported type[0m
[0m    votingSettingsUpdated[0m
    [32m  ✔[0m[90m should return if plugin not found[0m
    [32m  ✔[0m[90m should return if already existing log[0m
    [32m  ✔[0m[90m should return if the plugin is not supported when votingSettingsUpdated[0m
    [32m  ✔[0m[90m should handle votingSettingsUpdated[0m
    [32m  ✔[0m[90m should update active plugin setting to inactive[0m
    [32m  ✔[0m[90m should not call isSupported if tokenDb is null[0m
    [32m  ✔[0m[90m should not call isSupported if tokenDb is null[0m
[0m    multisigSettingsUpdated[0m
    [32m  ✔[0m[90m should return if plugin not found[0m
    [32m  ✔[0m[90m should return if already existing log[0m
    [32m  ✔[0m[90m should handle multisigSettingsUpdated[0m
    [32m  ✔[0m[90m should update active multisig setting to inactive and mark plugin as supported[0m
[0m    sppSettingsUpdated[0m
    [32m  ✔[0m[90m should return if the plugin is not found[0m
    [32m  ✔[0m[90m should return if an existing log is found[0m
    [32m  ✔[0m[90m should handle metadata stage names and create a new setting[0m
    [32m  ✔[0m[90m should detect and add address type to plugins in SPP stages[0m
[0m    formatSppSetings[0m
    [32m  ✔[0m[90m should format SPP settings correctly[0m
[0m    updateStageNamesOnSppSettings[0m
    [32m  ✔[0m[90m should return if an existing log is found[0m
    [32m  ✔[0m[90m should return if no active plugin setting is found[0m
    [32m  ✔[0m[90m should log an error if stage names length mismatches[0m
    [32m  ✔[0m[90m should update stage names and mark active settings as inactive[0m
    [32m  ✔[0m[90m should update the existing setting and create an inactive one if blockNumber is less than the active setting[0m
[0m    pairSppPlugins[0m
    [32m  ✔[0m[90m should update the main plugin and its sub-plugins[0m
    [32m  ✔[0m[90m should log an error if sub-plugin is not found[0m
[0m    isSupported[0m
    [32m  ✔[0m[90m should update plugin to be supported[0m
    [32m  ✔[0m[90m should not update plugin if already supported[0m
[0m    votingEscrowSettings[0m
    [32m  ✔[0m[90m should return voting escrow settings with all required fields[0m

[0m  Indexer: PluginRepoRegistryHandler[0m
[0m    pluginRepoRegistered[0m
    [32m  ✔[0m[90m should pluginRepoRegistered[0m
    [32m  ✔[0m[90m should skip if log already exists[0m
    [32m  ✔[0m[90m should throw error[0m

[0m  Indexer:Plugin[0m
  [32m  ✔[0m[90m _queryGetPlugin[0m
[0m    preInstallPlugin[0m
    [32m  ✔[0m[90m should preInstallPlugin SPP[0m
    [32m  ✔[0m[90m should preInstallPlugin not SPP[0m
    [32m  ✔[0m[90m should not update if dao does not exist[0m
    [32m  ✔[0m[90m should skip if log already exists[0m
    [32m  ✔[0m[90m should throw error[0m
[0m    _createPlugin[0m
    [32m  ✔[0m[90m should not update a plugin if it does not exist[0m
    [32m  ✔[0m[90m _createPlugin not SPP[0m
    [32m  ✔[0m[90m _createPlugin SPP[0m
[0m    installPlugin[0m
    [32m  ✔[0m[90m should log an error when an exception occurs[0m
    [32m  ✔[0m[90m should not install a plugin if it does not exist[0m
    [32m  ✔[0m[90m should not install a plugin if not pre-installed[0m
    [32m  ✔[0m[90m installPlugin[0m
[0m    updatePlugin[0m
    [32m  ✔[0m[90m should updatePlugin[0m
    [32m  ✔[0m[90m should update plugin metadata when metadata exists[0m
    [32m  ✔[0m[90m should not update plugin metadata when no metadata exists[0m
    [32m  ✔[0m[90m should log warning if rawPlugin is not found[0m
    [32m  ✔[0m[90m should return early if _createPlugin returns nothing[0m
    [32m  ✔[0m[90m should handle token voting plugin with different tokenAddress[0m
    [32m  ✔[0m[90m should handle non-token voting plugin updates[0m
    [32m  ✔[0m[90m should handle case when no existing plugin is found[0m
    [32m  ✔[0m[90m should handle different interface types between existing and updated plugins[0m
    [32m  ✔[0m[90m should throw error[0m
[0m    uninstallPlugin[0m
    [32m  ✔[0m[90m should uninstallPlugin[0m
    [32m  ✔[0m[90m should not uninstall a plugin if plugin not exist[0m
    [32m  ✔[0m[90m should skip is existingPlugin not found[0m
    [32m  ✔[0m[90m should throw error[0m
[0m    installPluginOnPermissionGranted[0m
    [32m  ✔[0m[90m should return if plugin does not exist[0m
    [32m  ✔[0m[90m should return if DAO does not exist[0m
    [32m  ✔[0m[90m should return if txReceipt is null[0m
    [32m  ✔[0m[90m should return if InstallationApplied logs are present[0m
    [32m  ✔[0m[90m should return if plugin status is already installed[0m
    [32m  ✔[0m[90m should return if plugin has target config and target is not the DAO[0m
    [32m  ✔[0m[90m should successfully install plugin[0m
    [32m  ✔[0m[90m should successfully install plugin with target when target is the DAO[0m
    [32m  ✔[0m[90m should handle errors and log them[0m
[0m    uninstallPluginWithPermissionRevoke[0m
    [32m  ✔[0m[90m should not uninstall a plugin if it does not exist[0m
    [32m  ✔[0m[90m should not uninstall if the plugin has target config and its not the dao[0m
    [32m  ✔[0m[90m should not uninstall a plugin if it is already uninstalled[0m
    [32m  ✔[0m[90m should not uninstall if UninstallationApplied logs are present[0m
    [32m  ✔[0m[90m should proceed to uninstall when no UninstallationApplied logs are found[0m
    [32m  ✔[0m[90m should throw error[0m
[0m    updateConditionAddress[0m
    [32m  ✔[0m[90m should update plugin condition address successfully[0m
    [32m  ✔[0m[90m should not update if plugin is not found[0m
    [32m  ✔[0m[90m should not update if condition address is the same[0m

[0m  Indexer: Permission Handler[0m
[0m    handleGrantOnDao[0m
    [32m  ✔[0m[90m should handle grant on dao[0m
    [32m  ✔[0m[90m should handle grant on dao and the admin member as well[0m
    [32m  ✔[0m[90m should handle grant with condition address[0m
    [32m  ✔[0m[90m should not call updateConditionAddress if condition is zero address[0m
    [32m  ✔[0m[90m should not call updateConditionAddress if condition is 0x0000000000000000000000000000000000000002[0m
    [32m  ✔[0m[90m should return if already exists[0m
    [32m  ✔[0m[90m should throw error[0m
    [32m  ✔[0m[90m should handle when execute permission is revoked[0m
[0m    handleRevokeOnDao[0m
    [32m  ✔[0m[90m should handle revoke on dao[0m
    [32m  ✔[0m[90m should handle revoke on dao and the admin member as well[0m
    [32m  ✔[0m[90m should handle revoke with condition address[0m
    [32m  ✔[0m[90m should handle when execute permission is revoked[0m
    [32m  ✔[0m[90m should return if already exists[0m
    [32m  ✔[0m[90m should throw error[0m
[0m    validateAndGetConditionAddress[0m
    [32m  ✔[0m[90m should return undefined for undefined condition[0m
    [32m  ✔[0m[90m should return undefined for zero address[0m
    [32m  ✔[0m[90m should return undefined for 0x0000000000000000000000000000000000000002[0m
    [32m  ✔[0m[90m should return checksummed address for valid address[0m
    [32m  ✔[0m[90m should return checksummed address for lowercase address[0m
[0m    handleForAdminPlugin[0m
    [32m  ✔[0m[90m should handle for admin plugin when adding[0m
    [32m  ✔[0m[90m should handle for admin plugin when removing[0m
    [32m  ✔[0m[90m should return if not exists[0m

[0m  Indexer: MemberHandler[0m
[0m    membersAdded[0m
2025-07-21T10:16:31.927Z [[36mverbose[39m] Create document - New Member
Detail : {
  "service": "modules:ProxyMember",
  "documentId": "0x52Af16664155608b845BE18aa29620EbF6eA2D3a",
  "environment": "development",
  "tags": [
    "aragon-api"
  ]
}
2025-07-21T10:16:31.976Z [[36mverbose[39m] Create document - New Member
Detail : {
  "service": "modules:ProxyMember",
  "documentId": "0x42c9A3f034592C39028AEa70A6e69Fbc6cCf6C31",
  "environment": "development",
  "tags": [
    "aragon-api"
  ]
}
    [32m  ✔[0m[90m Should handle member added[0m[33m (70ms)[0m
    [32m  ✔[0m[90m should return if the plugin is not found[0m
[0m    membersRemoved[0m
2025-07-21T10:16:32.030Z [[36mverbose[39m] Create document - New Member
Detail : {
  "service": "modules:ProxyMember",
  "documentId": "0x52Af16664155608b845BE18aa29620EbF6eA2D3a",
  "environment": "development",
  "tags": [
    "aragon-api"
  ]
}
2025-07-21T10:16:32.077Z [[36mverbose[39m] Create document - New Member
Detail : {
  "service": "modules:ProxyMember",
  "documentId": "0x42c9A3f034592C39028AEa70A6e69Fbc6cCf6C31",
  "environment": "development",
  "tags": [
    "aragon-api"
  ]
}
    [32m  ✔[0m[90m should handle member removed[0m[33m (64ms)[0m
    [32m  ✔[0m[90m fails if plugin is not found[0m

[0m  Indexer: MetadataHandler[0m
[0m    metadataSet[0m
    [32m  ✔[0m[90m should store DAO metadata[0m
    [32m  ✔[0m[90m should store DAO metadata with hash[0m
    [32m  ✔[0m[90m should store DAO metadata - dao not exists[0m
    [32m  ✔[0m[90m should _updateDaoMetadata if logDb successfully created[0m
    [32m  ✔[0m[90m should return if the dao and plugin didnot exist[0m
    [32m  ✔[0m[90m should return if already exist[0m
    [32m  ✔[0m[90m should _updateDaoMetadata if logDb successfully created[0m
2025-07-21T10:16:32.184Z [[31merror[39m] Error create metadataSet
Detail : {
  "service": "handlers:MetadataHandler",
  "error": {},
  "info": {
    "network": "ethereum-mainnet",
    "blockNumber": 3,
    "transactionIndex": 1,
    "logIndex": 1,
    "transactionHash": "0x0123123",
    "address": "0x0123123",
    "eventName": "test"
  },
  "errorStack": "TypeError: ipfsUrl?.replace is not a function
    at Object.fetchMetadata (/Users/sishirpokhrel/Projects/aragon/app-backend/src/modules/ipfs.ts:28:26)
    at Object.metadataSet (/Users/sishirpokhrel/Projects/aragon/app-backend/src/handlers/metadataHandler.ts:36:45)
    at async Context.<anonymous> (/Users/sishirpokhrel/Projects/aragon/app-backend/test/unit/handlers/metadataHandler.spec.ts:276:7)",
  "errorMessage": "ipfsUrl?.replace is not a function",
  "environment": "development",
  "tags": [
    "aragon-api"
  ]
}
    [32m  ✔[0m[90m should throw error[0m
[0m    _handleDaoMetadata[0m
    [32m  ✔[0m[90m should create log metadata and update DAO metadata[0m
[0m    _handlePluginMetadata[0m
    [32m  ✔[0m[90m should create log metadata, update plugin metadata, and update stage names for spp plugin[0m
    [32m  ✔[0m[90m should create log metadata and update plugin metadata for non-spp plugin[0m
[0m    _updatePluginMetadata[0m
    [32m  ✔[0m[90m should update plugin metadata if plugin and metadata exist[0m
    [32m  ✔[0m[90m should not update plugin metadata if plugin does not exist[0m
[0m    _updateDaoMetadata[0m
    [32m  ✔[0m[90m should update DAO metadata if DAO exists and metadata fetched[0m
    [32m  ✔[0m[90m should not update DAO metadata if DAO does not exist[0m

[0m  Handler:GovernanceVeHandler[0m
[0m    deposit[0m
    [32m  ✔[0m[90m should log error if plugin not found[0m
    [32m  ✔[0m[90m should create Lock and call logger/ProxyMember on success[0m
    [32m  ✔[0m[90m should handle existing lock and log already exists[0m
    [32m  ✔[0m[90m should skip addToDao if member is already in DAO[0m
[0m    withdraw[0m
    [32m  ✔[0m[90m should log error if plugin not found[0m
    [32m  ✔[0m[90m should log error if lock not found[0m
    [32m  ✔[0m[90m should update existing lock with withdraw info and call logger on success[0m
    [32m  ✔[0m[90m should skip removeFromDao if member is not in DAO[0m
[0m    exitQueued[0m
    [32m  ✔[0m[90m should log error if plugin not found[0m
    [32m  ✔[0m[90m should log error if lock not found[0m
    [32m  ✔[0m[90m should update existing lock with exit info and call logger on success[0m
[0m    minLockSet[0m
    [32m  ✔[0m[90m should log error if plugin not found[0m
    [32m  ✔[0m[90m should log error if active plugin setting not found[0m
    [32m  ✔[0m[90m should update activePluginSetting minLockTime and call logger on success[0m
[0m    minDepositSet[0m
    [32m  ✔[0m[90m should log error if plugin not found[0m
    [32m  ✔[0m[90m should log error if active plugin setting not found[0m
    [32m  ✔[0m[90m should update activePluginSetting minDeposit and call logger on success[0m
    [32m  ✔[0m[90m should update all plugin settings[0m
[0m    delegateTokens[0m
    [32m  ✔[0m[90m should return early if no plugins found[0m
    [32m  ✔[0m[90m should create MemberTransactions for both sender and delegatee with correct data[0m
2025-07-21T10:16:32.801Z [[36mverbose[39m] Delegate tokens VeGovernance
Detail : {
  "service": "handlers:GovernanceVeHandler",
  "info": {
    "address": "0xToken",
    "network": "ethereum-mainnet",
    "blockNumber": 123,
    "transactionHash": "0xduplicateHash",
    "transactionIndex": 1,
    "logIndex": 1
  },
  "fromAddress": "0x65D9d3887aa9a9ee78901E96819B574160E4EAC5",
  "toAddress": "0x75D9d3887aa9a9ee78901E96819B574160E4EAC6",
  "tokenIds": [
    "123"
  ],
  "environment": "development",
  "tags": [
    "aragon-api"
  ]
}
    [32m  ✔[0m[90m should skip creating duplicate MemberTransactions[0m
    [32m  ✔[0m[90m should handle errors and log them[0m
2025-07-21T10:16:32.867Z [[36mverbose[39m] Delegate tokens VeGovernance
Detail : {
  "service": "handlers:GovernanceVeHandler",
  "info": {
    "address": "0xToken",
    "network": "ethereum-mainnet",
    "blockNumber": 123,
    "transactionHash": "0xzeroVotingPowerHash",
    "transactionIndex": 1,
    "logIndex": 1
  },
  "fromAddress": "0x65D9d3887aa9a9ee78901E96819B574160E4EAC5",
  "toAddress": "0x75D9d3887aa9a9ee78901E96819B574160E4EAC6",
  "tokenIds": [
    "123"
  ],
  "environment": "development",
  "tags": [
    "aragon-api"
  ]
}
    [32m  ✔[0m[90m should handle zero voting power and remove from DAO[0m
2025-07-21T10:16:32.916Z [[36mverbose[39m] Delegate tokens VeGovernance
Detail : {
  "service": "handlers:GovernanceVeHandler",
  "info": {
    "address": "0xToken",
    "network": "ethereum-mainnet",
    "blockNumber": 123,
    "transactionHash": "0xmultiPluginHash",
    "transactionIndex": 1,
    "logIndex": 1
  },
  "fromAddress": "0x65D9d3887aa9a9ee78901E96819B574160E4EAC5",
  "toAddress": "0x75D9d3887aa9a9ee78901E96819B574160E4EAC6",
  "tokenIds": [
    "123"
  ],
  "environment": "development",
  "tags": [
    "aragon-api"
  ]
}
    [32m  ✔[0m[90m should handle multiple plugins and create proper DAO mappings[0m
[0m    unDelegateTokens[0m
    [32m  ✔[0m[90m should return early if no plugins found[0m
    [32m  ✔[0m[90m should create MemberTransactions for both delegatee and sender with correct data[0m
    [32m  ✔[0m[90m should handle errors and log them[0m
2025-07-21T10:16:33.045Z [[36mverbose[39m] Undelegate tokens VeGovernance
Detail : {
  "service": "handlers:GovernanceVeHandler",
  "info": {
    "address": "0xToken",
    "network": "ethereum-mainnet",
    "blockNumber": 123,
    "transactionHash": "0xzeroVotingPowerHash",
    "transactionIndex": 1,
    "logIndex": 1
  },
  "fromAddress": "0x75D9d3887aa9a9ee78901E96819B574160E4EAC6",
  "toAddress": "0x65D9d3887aa9a9ee78901E96819B574160E4EAC5",
  "tokenIds": [
    "123"
  ],
  "environment": "development",
  "tags": [
    "aragon-api"
  ]
}
    [32m  ✔[0m[90m should handle membership removal when voting power becomes zero[0m
2025-07-21T10:16:33.090Z [[36mverbose[39m] Undelegate tokens VeGovernance
Detail : {
  "service": "handlers:GovernanceVeHandler",
  "info": {
    "address": "0xToken",
    "network": "ethereum-mainnet",
    "blockNumber": 123,
    "transactionHash": "0xmultiPluginHash",
    "transactionIndex": 1,
    "logIndex": 1
  },
  "fromAddress": "0x75D9d3887aa9a9ee78901E96819B574160E4EAC6",
  "toAddress": "0x65D9d3887aa9a9ee78901E96819B574160E4EAC5",
  "tokenIds": [
    "123",
    "456"
  ],
  "environment": "development",
  "tags": [
    "aragon-api"
  ]
}
    [32m  ✔[0m[90m should handle multiple plugins and create proper DAO mappings[0m
[0m    _handleTokenDelegation[0m
    [32m  ✔[0m[90m should handle token delegation with member transaction creation[0m
2025-07-21T10:16:33.186Z [[31merror[39m] Error handling token delegation
Detail : {
  "service": "handlers:GovernanceVeHandler",
  "error": {
    "stringValue": "\"Promise {
  {
    address: '0x65D9d3887aa9a9ee78901E96819B574160E4EAC5',
    memberBalance: '1',
    memberVotingPower: '100'
  }
}\"",
    "valueType": "Promise",
    "kind": "string",
    "value": {},
    "path": "id",
    "reason": null,
    "name": "CastError",
    "message": "Cast to string failed for value \"Promise {
  {
    address: '0x65D9d3887aa9a9ee78901E96819B574160E4EAC5',
    memberBalance: '1',
    memberVotingPower: '100'
  }
}\" (type Promise) at path \"id\" for model \"MemberTransaction\""
  },
  "info": {
    "address": "0xToken",
    "network": "ethereum-mainnet",
    "blockNumber": 123,
    "transactionHash": "0xhash",
    "transactionIndex": 1,
    "logIndex": 1
  },
  "memberAddress": "0x65D9d3887aa9a9ee78901E96819B574160E4EAC5",
  "transferSide": "outgoing",
  "tokenIds": [
    "123"
  ],
  "errorStack": "CastError: Cast to string failed for value \"Promise {
  {
    address: '0x65D9d3887aa9a9ee78901E96819B574160E4EAC5',
    memberBalance: '1',
    memberVotingPower: '100'
  }
}\" (type Promise) at path \"id\" for model \"MemberTransaction\"
    at SchemaString.cast (/Users/sishirpokhrel/Projects/aragon/app-backend/node_modules/mongoose/lib/schema/string.js:607:11)
    at SchemaString.SchemaType.applySetters (/Users/sishirpokhrel/Projects/aragon/app-backend/node_modules/mongoose/lib/schemaType.js:1255:12)
    at SchemaString.castForQuery (/Users/sishirpokhrel/Projects/aragon/app-backend/node_modules/mongoose/lib/schema/string.js:693:17)
    at cast (/Users/sishirpokhrel/Projects/aragon/app-backend/node_modules/mongoose/lib/cast.js:390:32)
    at model.Query.Query.cast (/Users/sishirpokhrel/Projects/aragon/app-backend/node_modules/mongoose/lib/query.js:4907:12)
    at model.Query.Query._castConditions (/Users/sishirpokhrel/Projects/aragon/app-backend/node_modules/mongoose/lib/query.js:2325:10)
    at model.Query._findOne (/Users/sishirpokhrel/Projects/aragon/app-backend/node_modules/mongoose/lib/query.js:2648:8)
    at model.Query.exec (/Users/sishirpokhrel/Projects/aragon/app-backend/node_modules/mongoose/lib/query.js:4456:80)
    at processTicksAndRejections (node:internal/process/task_queues:105:5)
    at async model.findByEntityId (/Users/sishirpokhrel/Projects/aragon/app-backend/src/models/schema/memberTransaction.ts:118:12)",
  "errorMessage": "Cast to string failed for value \"Promise {
  {
    address: '0x65D9d3887aa9a9ee78901E96819B574160E4EAC5',
    memberBalance: '1',
    memberVotingPower: '100'
  }
}\" (type Promise) at path \"id\" for model \"MemberTransaction\"",
  "environment": "development",
  "tags": [
    "aragon-api"
  ]
}
    [32m  ✔[0m[90m should handle when MemberTransaction already exists[0m
    [32m  ✔[0m[90m should handle errors in token delegation[0m
[0m    _handleDaoMemberShip[0m
    [32m  ✔[0m[90m should handle DAO membership addition when user has voting power[0m
    [32m  ✔[0m[90m should handle DAO membership removal when user has no voting power[0m
    [32m  ✔[0m[90m should skip membership operations when already in correct state[0m
[0m    _handleDaoMemberShipOnLockEvents[0m
    [32m  ✔[0m[90m should add member to DAO when addToDao is true and member is not already a member[0m
    [32m  ✔[0m[90m should not add member to DAO when addToDao is true but member is already a member[0m
    [32m  ✔[0m[90m should remove member from DAO when addToDao is false and member is currently a member[0m
    [32m  ✔[0m[90m should not remove member from DAO when addToDao is false but member is not a member[0m
    [32m  ✔[0m[90m should send DAO metrics messages for unique DAOs[0m
[0m    Error handling in main functions[0m
    [32m  ✔[0m[90m should handle ProxyToken.saveAndGetToken returning null in _handleTokenDelegation[0m
    [32m  ✔[0m[90m should handle database transaction failures in _handleTokenDelegation[0m
[0m    Integration scenarios[0m
    [32m  ✔[0m[90m should handle token delegation with zero voting power[0m
    [32m  ✔[0m[90m should handle multiple tokenIds in delegation[0m
2025-07-21T10:16:33.501Z [[36mverbose[39m] Delegate tokens VeGovernance
Detail : {
  "service": "handlers:GovernanceVeHandler",
  "info": {
    "address": "0xToken",
    "network": "ethereum-mainnet",
    "blockNumber": 123,
    "transactionHash": "0xhash"
  },
  "fromAddress": "0x65D9d3887aa9a9ee78901E96819B574160E4EAC5",
  "toAddress": "0x75D9d3887aa9a9ee78901E96819B574160E4EAC6",
  "tokenIds": [],
  "environment": "development",
  "tags": [
    "aragon-api"
  ]
}
    [32m  ✔[0m[90m should handle empty tokenIds array[0m

[0m  GovernanceErc20Handler[0m
[0m    _handleTransfer[0m
2025-07-21T10:16:33.521Z [[36mverbose[39m] Create document - New Member
Detail : {
  "service": "modules:ProxyMember",
  "documentId": "0xTo",
  "environment": "development",
  "tags": [
    "aragon-api"
  ]
}
2025-07-21T10:16:33.528Z [[36mverbose[39m] Create document - New MemberBalance
Detail : {
  "service": "modules:ProxyMember",
  "documentId": "polygon-mainnet-0xTo-0x04565fE9AA3ae571ada8e1bEBF8282C4e5247b2A",
  "environment": "development",
  "tags": [
    "aragon-api"
  ]
}
    [32m  ✔[0m[90m should handle incoming ERC20 transfer event and add member to DAO[0m[33m (46ms)[0m
2025-07-21T10:16:33.600Z [[36mverbose[39m] Create document - New Member
Detail : {
  "service": "modules:ProxyMember",
  "documentId": "0xFrom",
  "environment": "development",
  "tags": [
    "aragon-api"
  ]
}
2025-07-21T10:16:33.607Z [[36mverbose[39m] Create document - New MemberBalance
Detail : {
  "service": "modules:ProxyMember",
  "documentId": "polygon-mainnet-0xFrom-0x04565fE9AA3ae571ada8e1bEBF8282C4e5247b2A",
  "environment": "development",
  "tags": [
    "aragon-api"
  ]
}
    [32m  ✔[0m[90m should handle outgoing ERC20 transfer event and remove member from DAO[0m[33m (43ms)[0m
2025-07-21T10:16:33.663Z [[36mverbose[39m] Create document - New Member
Detail : {
  "service": "modules:ProxyMember",
  "documentId": "0xFrom",
  "environment": "development",
  "tags": [
    "aragon-api"
  ]
}
2025-07-21T10:16:33.671Z [[36mverbose[39m] Create document - New MemberBalance
Detail : {
  "service": "modules:ProxyMember",
  "documentId": "polygon-mainnet-0xFrom-0x04565fE9AA3ae571ada8e1bEBF8282C4e5247b2A",
  "environment": "development",
  "tags": [
    "aragon-api"
  ]
}
    [32m  ✔[0m[90m should handle outgoing ERC721 transfer event and remove member from DAO[0m[33m (47ms)[0m
2025-07-21T10:16:33.716Z [[36mverbose[39m] Create document - New Member
Detail : {
  "service": "modules:ProxyMember",
  "documentId": "0xTo",
  "environment": "development",
  "tags": [
    "aragon-api"
  ]
}
2025-07-21T10:16:33.723Z [[36mverbose[39m] Create document - New MemberBalance
Detail : {
  "service": "modules:ProxyMember",
  "documentId": "polygon-mainnet-0xTo-0x04565fE9AA3ae571ada8e1bEBF8282C4e5247b2A",
  "environment": "development",
  "tags": [
    "aragon-api"
  ]
}
    [32m  ✔[0m[90m should handle incoming ERC721 transfer event and add member to DAO[0m
    [32m  ✔[0m[90m should handle token return null[0m
    [32m  ✔[0m[90m should handle if the existing log is found[0m
    [32m  ✔[0m[90m should handle if throw[0m
[0m    delegateVotesChanged[0m
    [32m  ✔[0m[90m should handle if throw[0m
    [32m  ✔[0m[90m should return if plugin is not found[0m
    [32m  ✔[0m[90m should return if delegate is zero address[0m
    [32m  ✔[0m[90m should return if existing log is found[0m
    [32m  ✔[0m[90m should handle token return null in delegateVotesChanged[0m
2025-07-21T10:16:33.867Z [[36mverbose[39m] Create document - New Member
Detail : {
  "service": "modules:ProxyMember",
  "documentId": "0xDelegateAddress",
  "environment": "development",
  "tags": [
    "aragon-api"
  ]
}
2025-07-21T10:16:33.873Z [[36mverbose[39m] Create document - New MemberBalance
Detail : {
  "service": "modules:ProxyMember",
  "documentId": "polygon-mainnet-0xDelegateAddress-0xTokenAddress",
  "environment": "development",
  "tags": [
    "aragon-api"
  ]
}
2025-07-21T10:16:33.881Z [[36mverbose[39m] Transfer outgoing - MemberTransaction
Detail : {
  "service": "handlers:GovernanceErc20Handler",
  "logId": "polygon-mainnet-0xTransactionHash-1-1-0xDelegateAddress",
  "info": {
    "network": "polygon-mainnet",
    "blockNumber": 12345678,
    "transactionHash": "0xTransactionHash",
    "transactionIndex": 1,
    "logIndex": 1,
    "address": "0xTokenAddress"
  },
  "environment": "development",
  "tags": [
    "aragon-api"
  ]
}
    [32m  ✔[0m[90m should handle incoming delegateVotesChanged event and add member to DAO[0m
2025-07-21T10:16:33.924Z [[36mverbose[39m] Create document - New Member
Detail : {
  "service": "modules:ProxyMember",
  "documentId": "0xDelegateAddress",
  "environment": "development",
  "tags": [
    "aragon-api"
  ]
}
2025-07-21T10:16:33.932Z [[36mverbose[39m] Create document - New MemberBalance
Detail : {
  "service": "modules:ProxyMember",
  "documentId": "polygon-mainnet-0xDelegateAddress-0xTokenAddress",
  "environment": "development",
  "tags": [
    "aragon-api"
  ]
}
2025-07-21T10:16:33.943Z [[36mverbose[39m] Transfer outgoing - MemberTransaction
Detail : {
  "service": "handlers:GovernanceErc20Handler",
  "logId": "polygon-mainnet-0xTransactionHash-1-1-0xDelegateAddress",
  "info": {
    "network": "polygon-mainnet",
    "blockNumber": 12345678,
    "transactionHash": "0xTransactionHash",
    "transactionIndex": 1,
    "logIndex": 1,
    "address": "0xTokenAddress"
  },
  "environment": "development",
  "tags": [
    "aragon-api"
  ]
}
    [32m  ✔[0m[90m should handle outgoing delegateVotesChanged event and add member to DAO[0m
2025-07-21T10:16:33.980Z [[36mverbose[39m] Create document - New Member
Detail : {
  "service": "modules:ProxyMember",
  "documentId": "0xDelegateAddress",
  "environment": "development",
  "tags": [
    "aragon-api"
  ]
}
2025-07-21T10:16:33.996Z [[36mverbose[39m] Create document - New MemberBalance
Detail : {
  "service": "modules:ProxyMember",
  "documentId": "polygon-mainnet-0xDelegateAddress-0xTokenAddress",
  "environment": "development",
  "tags": [
    "aragon-api"
  ]
}
2025-07-21T10:16:34.003Z [[36mverbose[39m] Transfer outgoing - MemberTransaction
Detail : {
  "service": "handlers:GovernanceErc20Handler",
  "logId": "polygon-mainnet-0xTransactionHash-1-1-0xDelegateAddress",
  "info": {
    "network": "polygon-mainnet",
    "blockNumber": 12345678,
    "transactionHash": "0xTransactionHash",
    "transactionIndex": 1,
    "logIndex": 1,
    "address": "0xTokenAddress"
  },
  "environment": "development",
  "tags": [
    "aragon-api"
  ]
}
    [32m  ✔[0m[90m should handle outgoing delegateVotesChanged event and remove member if voting power becomes zero[0m[33m (44ms)[0m
[0m    transfer[0m
    [32m  ✔[0m[90m should handle transfer when plugin is provided[0m
    [32m  ✔[0m[90m should return if the plugin is not found[0m
[0m    _handleDaoMemberShip[0m
    [32m  ✔[0m[90m should add member to DAO when requirements are met and not a member[0m
    [32m  ✔[0m[90m should remove member from DAO when requirements are not met and already a member[0m
    [32m  ✔[0m[90m should not add or remove member when already a member with requirements met[0m
    [32m  ✔[0m[90m should not send RabbitMQ messages when isHistorical is true[0m
    [32m  ✔[0m[90m should handle member with only voting power (no balance)[0m
    [32m  ✔[0m[90m should handle member with only balance (no voting power)[0m

[0m  Indexer: ExecuteSelectorHandler[0m
[0m    selectorAllowed[0m
    [32m  ✔[0m[90m should create selector permission when allowed[0m
    [32m  ✔[0m[90m should not create selector permission if plugin not found[0m
    [32m  ✔[0m[90m should not create duplicate selector permission[0m
    [32m  ✔[0m[90m should handle errors gracefully[0m
[0m    selectorDisallowed[0m
    [32m  ✔[0m[90m should update existing selector permission to disallowed[0m
    [32m  ✔[0m[90m should warn if plugin not found[0m
    [32m  ✔[0m[90m should warn if selector permission not found for disallowing[0m
    [32m  ✔[0m[90m should handle errors gracefully[0m
[0m    nativeTransfersAllowed[0m
    [32m  ✔[0m[90m should create ETH transfer permission with null selector[0m
    [32m  ✔[0m[90m should warn if plugin not found[0m
    [32m  ✔[0m[90m should not create duplicate ETH transfer permission[0m
    [32m  ✔[0m[90m should handle errors gracefully[0m
[0m    ethTransfersDisallowed[0m
    [32m  ✔[0m[90m should update existing ETH transfer permission to disallowed[0m
    [32m  ✔[0m[90m should warn if plugin not found[0m
    [32m  ✔[0m[90m should warn if ETH transfer permission not found for disallowing[0m
    [32m  ✔[0m[90m should handle errors gracefully[0m
[0m    Integration scenarios[0m
    [32m  ✔[0m[90m should handle selector allowed followed by disallowed[0m
    [32m  ✔[0m[90m should handle ETH transfers allowed followed by disallowed[0m
    [32m  ✔[0m[90m should handle mixed selector and ETH transfer permissions[0m

[0m  Indexer: DaoRegistryHandler[0m
[0m    daoRegistered[0m
    [32m  ✔[0m[90m should process dao registered[0m
    [32m  ✔[0m[90m should not process existing dao registered[0m
[0m    initiateNewDaoCreation[0m
    [32m  ✔[0m[90m should fails if tx not found[0m
    [32m  ✔[0m[90m should initiate new dao creation[0m[31m (502ms)[0m
[0m    _metadataHandler[0m
    [32m  ✔[0m[90m should call metadataSet[0m
    [32m  ✔[0m[90m should call metadataSet[0m
[0m    nativeTransfer[0m
    [32m  ✔[0m[90m should call nativeTransfer[0m
    [32m  ✔[0m[90m should call nativeTransfer and return if dao not found[0m
[0m    handleVersionUpgrade[0m
    [32m  ✔[0m[90m should update dao version on upgrade[0m
    [32m  ✔[0m[90m should not update if dao not found[0m
    [32m  ✔[0m[90m should not update if transaction receipt not found[0m
    [32m  ✔[0m[90m should not update if no upgrade logs are found[0m
    [32m  ✔[0m[90m should not update if upgrade log does not match dao address[0m
    [32m  ✔[0m[90m should not update if version is the same[0m
    [32m  ✔[0m[90m should not update if implementation address is the same[0m
    [32m  ✔[0m[90m should update dao version and implementation without stubbing database operations[0m

[0m  middlewares: util[0m
  [32m  ✔[0m[90m noop[0m
[0m    onBodyParserError[0m
    [32m  ✔[0m[90m should throw entityTooLarge error when error type is entity.too.large[0m
    [32m  ✔[0m[90m should throw badParams error for other error types[0m

[0m  middlewares: security[0m
  [32m  ✔[0m[90m Should set security headers[0m

[0m  middlewares: logger[0m
  [32m  ✔[0m[90m run[0m
2025-07-21T10:16:35.146Z [[36mverbose[39m] API request
Detail : {
  "service": "api:logger",
  "start": 1753092995146,
  "correlationId": "dc08a22d-c133-4f23-b652-7a45ab7125ac",
  "deviceId": "TestDeviceId",
  "path": "path",
  "method": "GET",
  "ip": "127.0.0.1",
  "origin": "TestOrigin",
  "userAgentInfo": {
    "device": "TestDevice"
  },
  "query": {},
  "time": 0,
  "environment": "development",
  "tags": [
    "aragon-api"
  ]
}
  [32m  ✔[0m[90m should populate userAgentInfo when user-agent header is present[0m
2025-07-21T10:16:35.150Z [[36mverbose[39m] API request
Detail : {
  "service": "api:logger",
  "start": 1753092995150,
  "correlationId": "ae46b77a-3a6e-4d4b-80e3-6edce4cb53b9",
  "deviceId": "TestDeviceId",
  "path": "path",
  "method": "GET",
  "ip": "127.0.0.1",
  "origin": "TestOrigin",
  "query": {},
  "time": 0,
  "environment": "development",
  "tags": [
    "aragon-api"
  ]
}
  [32m  ✔[0m[90m should not populate userAgentInfo when user-agent header is not present[0m
  [32m  ✔[0m[90m should set log level to ERROR if requestInfo.error is not exposeCustom_[0m
  [32m  ✔[0m[90m should set log level to WARN if requestInfo.error is exposeCustom_[0m
  [32m  ✔[0m[90m should skip logging for OPTIONS requests[0m

[0m  Middleware: Main[0m
2025-07-21T10:16:35.173Z [[36mverbose[39m] API request
Detail : {
  "service": "api:logger",
  "start": 1753092995168,
  "correlationId": "877c44d5-8042-4383-add8-528076453503",
  "deviceId": "",
  "path": "/",
  "method": "GET",
  "ip": "::ffff:127.0.0.1",
  "url": "/",
  "host": "127.0.0.1:64350",
  "protocol": "http",
  "origin": "",
  "query": {},
  "status": 200,
  "time": 5,
  "environment": "development",
  "tags": [
    "aragon-api"
  ]
}
  [32m  ✔[0m[90m should NOT call JwtHelper.readJWT when useJWT is false[0m
2025-07-21T10:16:35.186Z [[36mverbose[39m] API request
Detail : {
  "service": "api:logger",
  "start": 1753092995180,
  "correlationId": "a7b00aae-e20e-4b87-9c67-674f7ff160e3",
  "deviceId": "",
  "path": "/",
  "method": "GET",
  "ip": "::ffff:127.0.0.1",
  "url": "/",
  "host": "127.0.0.1:64352",
  "protocol": "http",
  "origin": "",
  "query": {},
  "status": 200,
  "time": 6,
  "environment": "development",
  "tags": [
    "aragon-api"
  ]
}
  [32m  ✔[0m[90m should call JwtHelper.readJWT when useJWT is true[0m
2025-07-21T10:16:35.192Z [[36mverbose[39m] API request
Detail : {
  "service": "api:logger",
  "start": 1753092995191,
  "correlationId": "3c136330-f26a-4d71-8b7e-4ead72e76e80",
  "deviceId": "",
  "path": "/",
  "method": "GET",
  "ip": "::ffff:127.0.0.1",
  "url": "/",
  "host": "127.0.0.1:64354",
  "protocol": "http",
  "origin": "",
  "query": {},
  "status": 200,
  "time": 1,
  "environment": "development",
  "tags": [
    "aragon-api"
  ]
}
  [32m  ✔[0m[90m should integrate middleware layers and respond to requests[0m
2025-07-21T10:16:35.202Z [[33mwarn[39m] API request
Detail : {
  "service": "api:logger",
  "error": {
    "exposeCustom_": true,
    "status": 400,
    "description": "Expected property name or '}' in JSON at position 1 (line 1 column 2)"
  },
  "start": 1753092995197,
  "correlationId": "0d631564-5f25-4892-b726-6fe087b8f309",
  "deviceId": "",
  "path": "/",
  "method": "POST",
  "ip": "::ffff:127.0.0.1",
  "url": "/",
  "host": "127.0.0.1:64356",
  "protocol": "http",
  "origin": "",
  "query": {},
  "status": 400,
  "time": 5,
  "errorStack": "Error: badParams
    at throwExposable (/Users/sishirpokhrel/Projects/aragon/app-backend/src/helpers/errors.ts:76:32)
    at onBodyParserError (/Users/sishirpokhrel/Projects/aragon/app-backend/src/middlewares/util.ts:13:21)
    at bodyParser (/Users/sishirpokhrel/Projects/aragon/app-backend/node_modules/koa-bodyparser/index.js:72:9)
    at processTicksAndRejections (node:internal/process/task_queues:105:5)
    at async /Users/sishirpokhrel/Projects/aragon/app-backend/src/middlewares/error.ts:8:5
    at async /Users/sishirpokhrel/Projects/aragon/app-backend/src/middlewares/logger.ts:45:3",
  "errorMessage": "badParams",
  "environment": "development",
  "tags": [
    "aragon-api"
  ]
}
  [32m  ✔[0m[90m should handle body parsing errors gracefully[0m
2025-07-21T10:16:35.208Z [[36mverbose[39m] API request
Detail : {
  "service": "api:logger",
  "start": 1753092995208,
  "correlationId": "f71e235a-d844-489a-8e5a-f80a87f75f8e",
  "deviceId": "",
  "path": "/",
  "method": "GET",
  "ip": "::ffff:127.0.0.1",
  "url": "/",
  "host": "127.0.0.1:64358",
  "protocol": "http",
  "origin": "",
  "query": {},
  "status": 200,
  "time": 0,
  "environment": "development",
  "tags": [
    "aragon-api"
  ]
}
  [32m  ✔[0m[90m should apply security middleware[0m

[0m  middlewares: error[0m
  [32m  ✔[0m[90m run[0m
  [32m  ✔[0m[90m catch[0m
  [32m  ✔[0m[90m catch with custom not found[0m
  [32m  ✔[0m[90m catch with custom not found[0m

[0m  middlewares: auth[0m
[0m    _generateJWTLogin[0m
    [32m  ✔[0m[90m should generate a JWT login token[0m
[0m    generateJwtAuth[0m
    [32m  ✔[0m[90m should generate a JWT authentication token[0m
[0m    authAssertAdmin[0m
    [32m  ✔[0m[90m should allow access for a valid admin token[0m
    [32m  ✔[0m[90m should deny access for missing token[0m

[0m  Helpers:Web3Utils[0m
  [32m  ✔[0m[90m isERC1155TransferMethod[0m
  [32m  ✔[0m[90m isERC721Transfer[0m
  [32m  ✔[0m[90m isERC20Transfer[0m
  [32m  ✔[0m[90m isNativeTokenAction[0m
  [32m  ✔[0m[90m needToSyncBlockTime[0m
  [32m  ✔[0m[90m parseERC721Action[0m
  [32m  ✔[0m[90m parseERC1155Action[0m
  [32m  ✔[0m[90m parseERC1155BatchAction[0m
  [32m  ✔[0m[90m getMethodSignature[0m
  [32m  ✔[0m[90m convertToHexNumber[0m
  [32m  ✔[0m[90m parseDaoMetadata[0m
[0m    Constants[0m
    [32m  ✔[0m[90m should have correct ERC1155_INTERFACE_ID[0m
    [32m  ✔[0m[90m should have correct ERC165_INTERFACE_ID[0m
    [32m  ✔[0m[90m should have correct ERC721_INTERFACE_ID[0m
    [32m  ✔[0m[90m should have correct INTERFACE_ID_INVALID[0m
    [32m  ✔[0m[90m should have correct onERC721Received[0m
    [32m  ✔[0m[90m should have correct onERC1155Received[0m
    [32m  ✔[0m[90m should have correct onERC1155BatchReceived[0m
    [32m  ✔[0m[90m should have correct ERC721_safeTransferFromNoData[0m
    [32m  ✔[0m[90m should have correct ERC721_safeTransferFromWithData[0m
    [32m  ✔[0m[90m should have correct ERC721_transferFrom[0m
    [32m  ✔[0m[90m should have correct ERC20_transfer[0m
    [32m  ✔[0m[90m should have correct ERC20_transferFrom[0m
    [32m  ✔[0m[90m should have correct ERC1155_safeTransferFrom[0m
    [32m  ✔[0m[90m should have correct ERC1155_safeBatchTransferFrom[0m
[0m    formatAddress[0m
    [32m  ✔[0m[90m should format address correctly[0m
    [32m  ✔[0m[90m should format address correctly by removing leading zeros[0m
    [32m  ✔[0m[90m should format correct address[0m
    [32m  ✔[0m[90m should throw error format address[0m
[0m    getERC20TransferABI[0m
    [32m  ✔[0m[90m should return correct ABI for ERC20_transfer[0m
    [32m  ✔[0m[90m should return correct ABI for ERC20_transferFrom[0m
    [32m  ✔[0m[90m should return null for unsupported function selector[0m
[0m    getERC721TransferABI[0m
    [32m  ✔[0m[90m should return correct ABI for ERC721_transferFrom[0m
    [32m  ✔[0m[90m should return correct ABI for ERC721_safeTransferFromNoData[0m
    [32m  ✔[0m[90m should return correct ABI for ERC721_safeTransferFromNoData[0m
    [32m  ✔[0m[90m should return null for unsupported function selector[0m
[0m    getERC1155TransferABI[0m
    [32m  ✔[0m[90m should return correct ABI for ERC1155_safeTransferFrom[0m
    [32m  ✔[0m[90m should return correct ABI for ERC1155_safeBatchTransferFrom[0m
    [32m  ✔[0m[90m should return null for unsupported function selector[0m
[0m    isWhitelistedToken[0m
    [32m  ✔[0m[90m should return true if the token is whitelisted[0m
    [32m  ✔[0m[90m should return false if the token is not whitelisted[0m
    [32m  ✔[0m[90m should return false if the token is in the whitelist but for a different network[0m
    [32m  ✔[0m[90m should return false if the whitelist is empty[0m
[0m    supportsERC721[0m
    [32m  ✔[0m[90m should return true if the contract supports ERC721[0m
[0m    supportsERC1155[0m
    [32m  ✔[0m[90m should return true if the contract supports ERC1155[0m
[0m    decodeCalldata[0m
    [32m  ✔[0m[90m should correctly decode calldata[0m
    [32m  ✔[0m[90m should return null if decoding fails[0m
[0m    parseERC20TransferAction[0m
    [32m  ✔[0m[90m parseERC20TransferAction ERC20_transfer[0m
    [32m  ✔[0m[90m parseERC20TransferAction ERC20_transferFrom[0m
[0m    getActionTransactionType[0m
    [32m  ✔[0m[90m should return externalTransfer if neither from nor to is daoAddress[0m
    [32m  ✔[0m[90m should return deposit if from is not daoAddress and to is daoAddress[0m
    [32m  ✔[0m[90m should return withdraw if from is daoAddress and to is not daoAddress[0m
[0m    extractMetadataUri[0m
    [32m  ✔[0m[90m should correctly convert hex string to UTF-8 string[0m
    [32m  ✔[0m[90m should handle empty hex strings[0m
    [32m  ✔[0m[90m should handle error in hex strings[0m
[0m    convertBalanceToUsd[0m
    [32m  ✔[0m[90m should convert balance to USD[0m
    [32m  ✔[0m[90m should return "0" on error[0m
[0m    parseLog[0m
    [32m  ✔[0m[90m should parseLog with info data[0m
    [32m  ✔[0m[90m should fail parseLog[0m
[0m    findLogsByName[0m
    [32m  ✔[0m[90m should find and parse logs by event name[0m
    [32m  ✔[0m[90m should return an empty array if eventTopicHash not found[0m
    [32m  ✔[0m[90m should return an empty array and log an error if an exception occurs[0m
[0m    parseDaoMetadata[0m
    [32m  ✔[0m[90m should parse metadata correctly[0m
[0m    parseProposalMetadata[0m
    [32m  ✔[0m[90m should parse proposal metadata correctly[0m
    [32m  ✔[0m[90m should handle incomplete proposal metadata[0m
    [32m  ✔[0m[90m should handle undefined proposal metadata[0m
[0m    parseAddress[0m
    [32m  ✔[0m[90m should parseAddress[0m
    [32m  ✔[0m[90m error parseAddress[0m

[0m  Helpers:Web3BatchHelper[0m
[0m    executeBatch[0m
    [32m  ✔[0m[90m should return empty array if requests are empty[0m
    [32m  ✔[0m[90m should delegate to _executeAdaptiveBatch with default threshold[0m
[0m    _executeAdaptiveBatch[0m
    [32m  ✔[0m[90m should process all requests successfully in one batch[0m
    [32m  ✔[0m[90m should reduce batch size on retryable errors[0m
    [32m  ✔[0m[90m should process individual requests when batch size cannot be reduced[0m
    [32m  ✔[0m[90m should respect max retries limit[0m
[0m    _createBatches[0m
    [32m  ✔[0m[90m should split requests into batches of specified size[0m
[0m    _processBatchesSequentially[0m
    [32m  ✔[0m[90m should process all batches successfully[0m
    [32m  ✔[0m[90m should handle batch execution failures[0m
[0m    _shouldReduceBatchSize[0m
    [32m  ✔[0m[90m should return true for timeout errors[0m
    [32m  ✔[0m[90m should return true for large response errors[0m
    [32m  ✔[0m[90m should return false for other errors[0m
    [32m  ✔[0m[90m should return false when threshold is 1[0m
[0m    _reduceThreshold[0m
    [32m  ✔[0m[90m should reduce threshold by half[0m
    [32m  ✔[0m[90m should not go below 1[0m
[0m    _processIndividualRequests[0m
    [32m  ✔[0m[90m should process each request individually[0m
    [32m  ✔[0m[90m should handle individual request failures[0m
[0m    _processSingleRequest[0m
    [32m  ✔[0m[90m should process a single request successfully[0m
    [32m  ✔[0m[90m should handle errors in single request processing[0m
[0m    _executeSingleBatch[0m
    [32m  ✔[0m[90m should execute single batch requests successfully[0m
    [32m  ✔[0m[90m should handle RPC errors in single batch responses[0m
    [32m  ✔[0m[90m should handle axios errors in single batch[0m
[0m    encodeFunction[0m
    [32m  ✔[0m[90m should correctly encode function calls[0m
[0m    decodeResult[0m
    [32m  ✔[0m[90m should correctly decode results[0m
[0m    ethCall[0m
    [32m  ✔[0m[90m should make batch eth_call requests[0m
    [32m  ✔[0m[90m should use custom block tag[0m
[0m    getLockVotingPowerAtInBatch[0m
    [32m  ✔[0m[90m should return empty array if batchParams are empty[0m
    [32m  ✔[0m[90m should get voting power in batch[0m
    [32m  ✔[0m[90m should handle errors and return zero voting power[0m
    [32m  ✔[0m[90m should handle decode errors and return zero voting power[0m
    [32m  ✔[0m[90m should handle overall errors and return zero voting power for all params[0m
[0m    callRpcMethod[0m
    [32m  ✔[0m[90m should make generic RPC calls in batch[0m
[0m    getBlocksTimestamps[0m
    [32m  ✔[0m[90m should return empty object if from > to[0m
    [32m  ✔[0m[90m should get block timestamps in batch[0m
    [32m  ✔[0m[90m should handle failed block requests gracefully[0m
    [32m  ✔[0m[90m should handle errors in getBlocksTimestamps and return empty object[0m
[0m    parseBlockNumber[0m
    [32m  ✔[0m[90m should parse block number using Web3Helper[0m
[0m    getVotingPowerAndBalancesInBatch[0m
    [32m  ✔[0m[90m should return empty object if params are empty[0m
    [32m  ✔[0m[90m should get voting power and balances in batch[0m
    [32m  ✔[0m[90m should handle errors and return zero values[0m
    [32m  ✔[0m[90m should prioritize timestamp voting power over block number[0m
    [32m  ✔[0m[90m should fallback to block number voting power when timestamp fails[0m
[0m    getMemberVotingPower[0m
    [32m  ✔[0m[90m should get voting power from timestamp when available[0m
    [32m  ✔[0m[90m should fallback to block number voting power when timestamp call fails[0m
    [32m  ✔[0m[90m should handle case when both voting power calls fail[0m
    [32m  ✔[0m[90m should handle decode errors for block number result[0m
    [32m  ✔[0m[90m should handle decode errors for timestamp result[0m
    [32m  ✔[0m[90m should handle parseBlockNumber errors[0m
    [32m  ✔[0m[90m should handle ethCall errors[0m
    [32m  ✔[0m[90m should call ethCall with correct parameters[0m

[0m  Helpers:Web3[0m
[0m    supportsInterface[0m
    [32m  ✔[0m[90m supportsInterface[0m
    [32m  ✔[0m[90m supportsInterface[0m[33m (46ms)[0m
[0m    getBlockNumber[0m
    [32m  ✔[0m[90m should return latest block number when blockNumber is "latest"[0m
    [32m  ✔[0m[90m should return -1 when provider call fails[0m
    [32m  ✔[0m[90m should return the provided block number when blockNumber is a valid number[0m
    [32m  ✔[0m[90m should return -1 when provider is undefined[0m
[0m    getBlock[0m
    [32m  ✔[0m[90m should return the block data when provider call succeeds[0m
    [32m  ✔[0m[90m should return null when provider call fails[0m
    [32m  ✔[0m[90m should return null when provider is undefined[0m[33m (39ms)[0m
[0m    getLogs[0m
    [32m  ✔[0m[90m should getBlockTimestamp[0m[33m (45ms)[0m
    [32m  ✔[0m[90m should fail getLogs[0m[33m (45ms)[0m
[0m    getBlockTimestamp[0m
    [32m  ✔[0m[90m should getBlockTimestamp[0m[33m (45ms)[0m
    [32m  ✔[0m[90m should fail getBlockTimestamp[0m[33m (43ms)[0m
[0m    getTokenBalanceAtBlock[0m
    [32m  ✔[0m[90m should get the token balance at a specific block[0m
    [32m  ✔[0m[90m should throw error if the provider fails[0m[31m (93ms)[0m
[0m    getChainAdjustedBlockNumber[0m
    [32m  ✔[0m[90m should return L1 block number on Arbitrum successfully[0m
    [32m  ✔[0m[90m should return L1 block number on Cron Network successfully[0m
    [32m  ✔[0m[90m should return the original block number for other networks[0m
    [32m  ✔[0m[90m should return the original block number and log an error if an exception occurs[0m[31m (82ms)[0m
    [32m  ✔[0m[90m should calculate the adjusted block number correctly[0m[31m (94ms)[0m
    [32m  ✔[0m[90m should return the blockTag number when an error occurs[0m[31m (91ms)[0m
[0m    getNativeBalance[0m
    [32m  ✔[0m[90m should return the balance of an address[0m
    [32m  ✔[0m[90m should return "0" when token is not saved[0m[31m (98ms)[0m
    [32m  ✔[0m[90m should return "0" on error[0m[31m (90ms)[0m
[0m    getTokenBalances[0m
    [32m  ✔[0m[90m should return token balances of an address[0m[31m (91ms)[0m
    [32m  ✔[0m[90m should return an empty array on error[0m[31m (93ms)[0m
[0m    getTransaction[0m
    [32m  ✔[0m[90m should getTransaction successfully[0m
    [32m  ✔[0m[90m should fails getTransaction[0m[33m (43ms)[0m
[0m    getTransactionReceipt[0m
    [32m  ✔[0m[90m should getTransactionReceipt successfully[0m[33m (41ms)[0m
    [32m  ✔[0m[90m should fails getTransactionReceipt[0m[33m (39ms)[0m
[0m    getUnderlying[0m
    [32m  ✔[0m[90m should return the underlying address when the call is successful[0m[33m (39ms)[0m
    [32m  ✔[0m[90m should return null and log a warning when the underlying call fails[0m[33m (47ms)[0m
[0m    getTokenTotalSupply[0m
    [32m  ✔[0m[90m should getTokenTotalSupply[0m[33m (45ms)[0m
    [32m  ✔[0m[90m should fails return token info[0m[33m (46ms)[0m
[0m    getMultisigSettings[0m
    [32m  ✔[0m[90m should getMultisigSettings[0m[33m (47ms)[0m
    [32m  ✔[0m[90m should fails return multisig settings[0m[33m (46ms)[0m
[0m    getTokenInfo[0m
2025-07-21T10:16:37.287Z [[31merror[39m] Error checksum address
Detail : {
  "service": "helpers:Web3Utils",
  "address": "0xTokenAddress",
  "error": {
    "code": "INVALID_ARGUMENT",
    "argument": "address",
    "value": "0xTokenAddress",
    "shortMessage": "invalid address"
  },
  "errorCode": "INVALID_ARGUMENT",
  "errorStack": "TypeError: invalid address (argument=\"address\", value=\"0xTokenAddress\", code=INVALID_ARGUMENT, version=6.14.4)
    at makeError (/Users/sishirpokhrel/Projects/aragon/app-backend/node_modules/ethers/src.ts/utils/errors.ts:691:21)
    at assert (/Users/sishirpokhrel/Projects/aragon/app-backend/node_modules/ethers/src.ts/utils/errors.ts:719:25)
    at assertArgument (/Users/sishirpokhrel/Projects/aragon/app-backend/node_modules/ethers/src.ts/utils/errors.ts:731:5)
    at getAddress (/Users/sishirpokhrel/Projects/aragon/app-backend/node_modules/ethers/src.ts/address/address.ts:147:19)
    at Object.parseAddress (/Users/sishirpokhrel/Projects/aragon/app-backend/src/helpers/web3Utils.ts:379:24)
    at Object.getTokenInfo (/Users/sishirpokhrel/Projects/aragon/app-backend/src/helpers/web3.ts:318:26)
    at Context.<anonymous> (/Users/sishirpokhrel/Projects/aragon/app-backend/test/unit/helpers/web3.spec.ts:717:45)
    at callFn (/Users/sishirpokhrel/Projects/aragon/app-backend/node_modules/mocha/lib/runnable.js:364:21)
    at Test.Runnable.run (/Users/sishirpokhrel/Projects/aragon/app-backend/node_modules/mocha/lib/runnable.js:352:5)
    at Runner.runTest (/Users/sishirpokhrel/Projects/aragon/app-backend/node_modules/mocha/lib/runner.js:677:10)",
  "errorMessage": "invalid address (argument=\"address\", value=\"0xTokenAddress\", code=INVALID_ARGUMENT, version=6.14.4)",
  "environment": "development",
  "tags": [
    "aragon-api"
  ]
}
    [32m  ✔[0m[90m should return token info[0m[31m (196ms)[0m
2025-07-21T10:16:37.505Z [[31merror[39m] Error checksum address
Detail : {
  "service": "helpers:Web3Utils",
  "address": "0xTokenAddress",
  "error": {
    "code": "INVALID_ARGUMENT",
    "argument": "address",
    "value": "0xTokenAddress",
    "shortMessage": "invalid address"
  },
  "errorCode": "INVALID_ARGUMENT",
  "errorStack": "TypeError: invalid address (argument=\"address\", value=\"0xTokenAddress\", code=INVALID_ARGUMENT, version=6.14.4)
    at makeError (/Users/sishirpokhrel/Projects/aragon/app-backend/node_modules/ethers/src.ts/utils/errors.ts:691:21)
    at assert (/Users/sishirpokhrel/Projects/aragon/app-backend/node_modules/ethers/src.ts/utils/errors.ts:719:25)
    at assertArgument (/Users/sishirpokhrel/Projects/aragon/app-backend/node_modules/ethers/src.ts/utils/errors.ts:731:5)
    at getAddress (/Users/sishirpokhrel/Projects/aragon/app-backend/node_modules/ethers/src.ts/address/address.ts:147:19)
    at Object.parseAddress (/Users/sishirpokhrel/Projects/aragon/app-backend/src/helpers/web3Utils.ts:379:24)
    at Object.getTokenInfo (/Users/sishirpokhrel/Projects/aragon/app-backend/src/helpers/web3.ts:318:26)
    at Context.<anonymous> (/Users/sishirpokhrel/Projects/aragon/app-backend/test/unit/helpers/web3.spec.ts:755:45)
    at callFn (/Users/sishirpokhrel/Projects/aragon/app-backend/node_modules/mocha/lib/runnable.js:364:21)
    at Test.Runnable.run (/Users/sishirpokhrel/Projects/aragon/app-backend/node_modules/mocha/lib/runnable.js:352:5)
    at Runner.runTest (/Users/sishirpokhrel/Projects/aragon/app-backend/node_modules/mocha/lib/runner.js:677:10)",
  "errorMessage": "invalid address (argument=\"address\", value=\"0xTokenAddress\", code=INVALID_ARGUMENT, version=6.14.4)",
  "environment": "development",
  "tags": [
    "aragon-api"
  ]
}
    [32m  ✔[0m[90m should fails return token info[0m[31m (190ms)[0m
[0m    getERC20Balance[0m
    [32m  ✔[0m[90m should return the ERC20 balance of an address[0m[33m (38ms)[0m
    [32m  ✔[0m[90m should return "0" on error ERC20[0m[33m (45ms)[0m
[0m    getDaoOsVersion[0m
    [32m  ✔[0m[90m should return the DAO OS version when protocolVersion is available[0m[33m (44ms)[0m
    [32m  ✔[0m[90m should return default version "1.0.0" if protocolVersion call fails[0m[33m (47ms)[0m
[0m    isMultisigMemberAtBlock[0m
    [32m  ✔[0m[90m should check if the user is member of multisig at certain block[0m[33m (46ms)[0m
2025-07-21T10:16:37.968Z [[33mwarn[39m] Error isMultisigMemberAtBlock
Detail : {
  "service": "helpers:Web3Helper",
  "pluginAddress": "0xTokenAddress",
  "memberAddress": "0x1234567890123456789012345678901234567890",
  "blockNumber": 123,
  "network": "ethereum-mainnet",
  "error": {},
  "errorStack": "Error: fake-error
    at new Contract (/Users/sishirpokhrel/Projects/aragon/app-backend/test/unit/helpers/web3.spec.ts:901:62)
    at Object.isMultisigMemberAtBlock (/Users/sishirpokhrel/Projects/aragon/app-backend/src/helpers/web3.ts:421:22)
    at Context.<anonymous> (/Users/sishirpokhrel/Projects/aragon/app-backend/test/unit/helpers/web3.spec.ts:913:43)
    at callFn (/Users/sishirpokhrel/Projects/aragon/app-backend/node_modules/mocha/lib/runnable.js:364:21)
    at Test.Runnable.run (/Users/sishirpokhrel/Projects/aragon/app-backend/node_modules/mocha/lib/runnable.js:352:5)
    at Runner.runTest (/Users/sishirpokhrel/Projects/aragon/app-backend/node_modules/mocha/lib/runner.js:677:10)
    at /Users/sishirpokhrel/Projects/aragon/app-backend/node_modules/mocha/lib/runner.js:800:12
    at next (/Users/sishirpokhrel/Projects/aragon/app-backend/node_modules/mocha/lib/runner.js:592:14)
    at /Users/sishirpokhrel/Projects/aragon/app-backend/node_modules/mocha/lib/runner.js:602:7
    at next (/Users/sishirpokhrel/Projects/aragon/app-backend/node_modules/mocha/lib/runner.js:485:14)",
  "errorMessage": "fake-error",
  "environment": "development",
  "tags": [
    "aragon-api"
  ]
}
    [32m  ✔[0m[90m should return false when  ERC20[0m[33m (45ms)[0m
[0m    getBLockReceipts[0m
    [32m  ✔[0m[90m should return the block receipts with logs[0m[33m (45ms)[0m
    [32m  ✔[0m[90m should throw error if the provider fails[0m
[0m    getTargetConfig[0m
    [32m  ✔[0m[90m should return false when error getting target config[0m
    [32m  ✔[0m[90m should return the target config[0m[33m (43ms)[0m
[0m    getVotingToken[0m
    [32m  ✔[0m[90m should return the voting token address successfully[0m
    [32m  ✔[0m[90m should return null if fetching voting token address fails[0m[33m (45ms)[0m
[0m    getVotingEscrowAddress[0m
    [32m  ✔[0m[90m should return the voting escrow address successfully[0m[33m (44ms)[0m
    [32m  ✔[0m[90m should return null if fetching escrow address fails[0m[33m (45ms)[0m
[0m    getTokenNameAndSymbol[0m
    [32m  ✔[0m[90m should return token name and symbol[0m[31m (96ms)[0m
    [32m  ✔[0m[90m should fails return token name and symbol[0m[31m (94ms)[0m
[0m    getTokenDecimals[0m
    [32m  ✔[0m[90m should return token decimals[0m[33m (43ms)[0m
    [32m  ✔[0m[90m should fails return token decimals[0m[33m (47ms)[0m
[0m    getLockTokenAddress[0m
    [32m  ✔[0m[90m should return the lock token address successfully[0m[33m (44ms)[0m
    [32m  ✔[0m[90m should return null if fetching lock token address fails[0m[33m (47ms)[0m
[0m    isMember[0m
    [32m  ✔[0m[90m should return true when address is a member of the plugin[0m[33m (45ms)[0m
    [32m  ✔[0m[90m should return false when address is not a member of the plugin[0m[33m (44ms)[0m
    [32m  ✔[0m[90m should return false when an error occurs[0m[33m (45ms)[0m

[0m  Helper: VotingEscrowDetector[0m
  [32m  ✔[0m[90m should return false status for ZeroAddress[0m
  [32m  ✔[0m[90m should detect voting escrow contract with all required functions[0m
  [32m  ✔[0m[90m should return false status when contract has only partial voting escrow functions[0m
  [32m  ✔[0m[90m should return false status when bytecode does not match any voting escrow functions[0m
  [32m  ✔[0m[90m should return false status when contract has no bytecode[0m
  [32m  ✔[0m[90m should detect voting escrow from implementation address if proxy is set[0m
2025-07-21T10:16:38.861Z [[31merror[39m] Error detecting voting escrow
Detail : {
  "service": "helper:VotingEscrowDetector",
  "address": "0xAddress",
  "error": {},
  "errorStack": "Error: Failed to fetch bytecode
    at Context.<anonymous> (/Users/sishirpokhrel/Projects/aragon/app-backend/test/unit/helpers/votingEscrowDetector.spec.ts:120:39)
    at callFn (/Users/sishirpokhrel/Projects/aragon/app-backend/node_modules/mocha/lib/runnable.js:364:21)
    at Test.Runnable.run (/Users/sishirpokhrel/Projects/aragon/app-backend/node_modules/mocha/lib/runnable.js:352:5)
    at Runner.runTest (/Users/sishirpokhrel/Projects/aragon/app-backend/node_modules/mocha/lib/runner.js:677:10)
    at /Users/sishirpokhrel/Projects/aragon/app-backend/node_modules/mocha/lib/runner.js:800:12
    at next (/Users/sishirpokhrel/Projects/aragon/app-backend/node_modules/mocha/lib/runner.js:592:14)
    at /Users/sishirpokhrel/Projects/aragon/app-backend/node_modules/mocha/lib/runner.js:602:7
    at next (/Users/sishirpokhrel/Projects/aragon/app-backend/node_modules/mocha/lib/runner.js:485:14)
    at cbHookRun (/Users/sishirpokhrel/Projects/aragon/app-backend/node_modules/mocha/lib/runner.js:550:7)
    at done (/Users/sishirpokhrel/Projects/aragon/app-backend/node_modules/mocha/lib/runnable.js:308:5)",
  "errorMessage": "Failed to fetch bytecode",
  "environment": "development",
  "tags": [
    "aragon-api"
  ]
}
  [32m  ✔[0m[90m should handle an error when fetching bytecode[0m
  [32m  ✔[0m[90m should handle proxy contract that returns to zero address[0m
  [32m  ✔[0m[90m should test all individual voting escrow functions[0m
[0m    _generateFunctionHash[0m
    [32m  ✔[0m[90m should generate correct function hash[0m
    [32m  ✔[0m[90m should generate different hashes for different function signatures[0m
    [32m  ✔[0m[90m should generate consistent hashes for the same function signature[0m

[0m  Helpers:ValidationSchema[0m
[0m    Custom schema[0m
    [32m  ✔[0m[90m joiUuid[0m
    [32m  ✔[0m[90m joiEmail[0m
    [32m  ✔[0m[90m joiEns[0m
    [32m  ✔[0m[90m joiAddress[0m
    [32m  ✔[0m[90m joiAddress should handle invalid mainnet address[0m
    [32m  ✔[0m[90m joiNetworks should validate array of networks[0m
    [32m  ✔[0m[90m joiNetworks should validate single network as array[0m
    [32m  ✔[0m[90m joiNetworks should validate CSV string of networks[0m
    [32m  ✔[0m[90m joiNetworks should reject invalid network in array[0m
    [32m  ✔[0m[90m joiNetworks should reject invalid network in CSV string[0m
    [32m  ✔[0m[90m joiTransactionHash should validate valid transaction hash[0m
    [32m  ✔[0m[90m joiTransactionHash should reject invalid transaction hash - wrong length[0m
    [32m  ✔[0m[90m joiTransactionHash should reject invalid transaction hash - wrong prefix[0m
    [32m  ✔[0m[90m joiTransactionHash should reject invalid transaction hash - wrong characters[0m
    [32m  ✔[0m[90m generateJoiPagination[0m
    [32m  ✔[0m[90m generateJoiPagination wrong address[0m
    [32m  ✔[0m[90m joiSlug[0m
    [32m  ✔[0m[90m joiDaoId should validate[0m
    [32m  ✔[0m[90m should allow endDate to be after startDate[0m
    [32m  ✔[0m[90m should allow endDate to be after startDate in number[0m
    [32m  ✔[0m[90m should handle invalid startDate[0m
    [32m  ✔[0m[90m should handle invalid endDate[0m
    [32m  ✔[0m[90m should handle endDate before startDate[0m
[0m    Validate schema[0m
    [32m  ✔[0m[90m Should validate params[0m
    [32m  ✔[0m[90m Should validate params throw nice error[0m
    [32m  ✔[0m[90m Should validate params throw nice error remove password params value[0m
[0m    validateRoute[0m
    [32m  ✔[0m[90m should validate route with basic configuration[0m
    [32m  ✔[0m[90m should validate route with all parameter types[0m
    [32m  ✔[0m[90m should apply require rule and throw error when rule fails[0m
    [32m  ✔[0m[90m should pass when require rule returns null[0m
    [32m  ✔[0m[90m should handle skipParams configuration[0m
    [32m  ✔[0m[90m should validate pagination parameters with custom sort[0m
    [32m  ✔[0m[90m should handle validation errors for invalid params[0m
    [32m  ✔[0m[90m should handle empty parameter objects[0m
    [32m  ✔[0m[90m should not validate schemas when no params provided[0m
[0m    RequireRules[0m
[0m      daoIdOrNetworkWithAddress[0m
      [32m  ✔[0m[90m should pass when daoId is provided[0m
      [32m  ✔[0m[90m should pass when network and address field are provided[0m
      [32m  ✔[0m[90m should pass when network and any address field is provided[0m
      [32m  ✔[0m[90m should fail when neither daoId nor network with address is provided[0m
      [32m  ✔[0m[90m should use default empty array for address fields[0m
      [32m  ✔[0m[90m should handle missing params objects[0m
[0m      allRequired[0m
      [32m  ✔[0m[90m should pass when all required fields are present[0m
      [32m  ✔[0m[90m should fail when some required fields are missing[0m
      [32m  ✔[0m[90m should fail when all required fields are missing[0m
      [32m  ✔[0m[90m should check customParams as well[0m
[0m      exclusive[0m
      [32m  ✔[0m[90m should pass when only first field is provided[0m
      [32m  ✔[0m[90m should pass when only second field is provided[0m
      [32m  ✔[0m[90m should fail when both fields are provided[0m
      [32m  ✔[0m[90m should fail when neither field is provided[0m
      [32m  ✔[0m[90m should check across all param types[0m

[0m  Helpers:Utils[0m
  [32m  ✔[0m[90m Should noop[0m
  [32m  ✔[0m[90m aragonNetworkMap[0m
  [32m  ✔[0m[90m Should lowercaseFirstLetter[0m
  [32m  ✔[0m[90m Should wait[0m[31m (601ms)[0m
2025-07-21T10:16:39.766Z [[31merror[39m] test-err
Detail : {
  "error": {},
  "errorStack": "Error: test-err
    at Context.<anonymous> (/Users/sishirpokhrel/Projects/aragon/app-backend/test/unit/helpers/utils.spec.ts:186:24)
    at callFn (/Users/sishirpokhrel/Projects/aragon/app-backend/node_modules/mocha/lib/runnable.js:364:21)
    at Test.Runnable.run (/Users/sishirpokhrel/Projects/aragon/app-backend/node_modules/mocha/lib/runnable.js:352:5)
    at Runner.runTest (/Users/sishirpokhrel/Projects/aragon/app-backend/node_modules/mocha/lib/runner.js:677:10)
    at /Users/sishirpokhrel/Projects/aragon/app-backend/node_modules/mocha/lib/runner.js:800:12
    at next (/Users/sishirpokhrel/Projects/aragon/app-backend/node_modules/mocha/lib/runner.js:592:14)
    at /Users/sishirpokhrel/Projects/aragon/app-backend/node_modules/mocha/lib/runner.js:602:7
    at next (/Users/sishirpokhrel/Projects/aragon/app-backend/node_modules/mocha/lib/runner.js:485:14)
    at cbHookRun (/Users/sishirpokhrel/Projects/aragon/app-backend/node_modules/mocha/lib/runner.js:550:7)
    at done (/Users/sishirpokhrel/Projects/aragon/app-backend/node_modules/mocha/lib/runnable.js:308:5)",
  "errorMessage": "test-err",
  "environment": "development",
  "tags": [
    "aragon-api"
  ]
}
  [32m  ✔[0m[90m Should get default error[0m
  [32m  ✔[0m[90m setImmediateAsync[0m[31m (111ms)[0m
  [32m  ✔[0m[90m configParser[0m
  [32m  ✔[0m[90m configParser should throw error on unknown type[0m
  [32m  ✔[0m[90m Should parse json circular[0m
  [32m  ✔[0m[90m enum to object[0m
  [32m  ✔[0m[90m asyncForEach[0m
  [32m  ✔[0m[90m Should asyncForEach and break on false[0m
  [32m  ✔[0m[90m asyncMap[0m[31m (205ms)[0m
  [32m  ✔[0m[90m asyncMap should throw error missing param[0m
  [32m  ✔[0m[90m asyncParralel[0m[31m (101ms)[0m
  [32m  ✔[0m[90m generateRandomName[0m
  [32m  ✔[0m[90m hasPropsWithValuesExcludingNetwork[0m
  [32m  ✔[0m[90m parseBoolean[0m
  [32m  ✔[0m[90m validateString[0m
  [32m  ✔[0m[90m isScientificNumber[0m
  [32m  ✔[0m[90m isDecimalNumber[0m
  [32m  ✔[0m[90m getUniqueValuesByKey[0m
[0m    splitSlug[0m
    [32m  ✔[0m[90m should correctly split a valid slug with a numeric index[0m
    [32m  ✔[0m[90m should handle slugs with a zero index[0m
    [32m  ✔[0m[90m should throw an error if the slug does not contain a dash[0m
    [32m  ✔[0m[90m should throw an error if the index is not numeric[0m
    [32m  ✔[0m[90m should throw an error if the slug is empty[0m
    [32m  ✔[0m[90m should throw an error if the slug has multiple dashes[0m
[0m    extractAdditionalParams[0m
    [32m  ✔[0m[90m should return an empty object if no additional params are present[0m
    [32m  ✔[0m[90m should return additional params that are not in knownParams[0m
    [32m  ✔[0m[90m should skip keys specified in skipKeys[0m
    [32m  ✔[0m[90m should handle empty knownParams and return all queryParams except skipped ones[0m
    [32m  ✔[0m[90m should handle empty queryParams and return an empty object[0m
    [32m  ✔[0m[90m should handle both empty knownParams and queryParams and return an empty object[0m
[0m    setIntervalAsync[0m
    [32m  ✔[0m[90m repeats[0m[31m (904ms)[0m
    [32m  ✔[0m[90m stops while working[0m[31m (703ms)[0m
    [32m  ✔[0m[90m clear waits execution end[0m[31m (504ms)[0m
    [32m  ✔[0m[90m throws[0m[31m (706ms)[0m
    [32m  ✔[0m[90m throws but still continues[0m[31m (1205ms)[0m
    [32m  ✔[0m[90m throws with default error handler[0m[31m (704ms)[0m
[0m    parsePermissions[0m
    [32m  ✔[0m[90m should correctly parse and convert permissions array[0m
    [32m  ✔[0m[90m should handle permissions with various data types for operation[0m
    [32m  ✔[0m[90m should return an empty array when no permissions are provided[0m
    [32m  ✔[0m[90m should handle null or undefined inputs gracefully[0m
    [32m  ✔[0m[90m should return default if permission does not have toObject method[0m
[0m    hasHoursPassed[0m
    [32m  ✔[0m[90m should return true if the specified hours have passed[0m
    [32m  ✔[0m[90m should return false if the specified hours have not passed[0m
[0m    calculatePercentageChange[0m
    [32m  ✔[0m[90m should calculate the correct positive percentage change[0m
    [32m  ✔[0m[90m should calculate the correct negative percentage change[0m
    [32m  ✔[0m[90m should handle division by zero when old value is zero[0m
[0m    getEpochDayjs[0m
    [32m  ✔[0m[90m should return a Dayjs object set to the Unix Epoch[0m
[0m    arrayChunk[0m
    [32m  ✔[0m[90m should chunkArray[0m
    [32m  ✔[0m[90m should return empty array if array is empty[0m
[0m    setImmediateAsyncArray[0m
    [32m  ✔[0m[90m should execute all functions in the array[0m
    [32m  ✔[0m[90m should call onError if an error occurs in any function[0m
    [32m  ✔[0m[90m should continue to execute all functions even if one fails[0m
[0m    calculateDaysDifference[0m
    [32m  ✔[0m[90m should return approximately 0 days when the timestamp is for the current day[0m
    [32m  ✔[0m[90m should return approximately 1 day when the timestamp is from 1 day ago[0m
    [32m  ✔[0m[90m should return approximately -1 day when the timestamp is 1 day in the future[0m
    [32m  ✔[0m[90m should handle large time differences accurately[0m
[0m    parseNumber[0m
    [32m  ✔[0m[90m should return undefined when input is undefined[0m
    [32m  ✔[0m[90m should return undefined when input is "undefined" as a string[0m
    [32m  ✔[0m[90m should return a number when input is a valid numeric string[0m
    [32m  ✔[0m[90m should return a number when input is an actual number[0m
    [32m  ✔[0m[90m should return NaN when input is a non-numeric string[0m
    [32m  ✔[0m[90m should return NaN when input is an object[0m
    [32m  ✔[0m[90m should return NaN when input is an array[0m
    [32m  ✔[0m[90m should return 0 when input is "0" as a string[0m
    [32m  ✔[0m[90m should return a negative number when input is a negative numeric string[0m
[0m    mergeAndRemoveDuplicatePlugins[0m
    [32m  ✔[0m[90m should return an empty array when both inputs are empty[0m
    [32m  ✔[0m[90m should return the same array when no duplicates exist[0m
    [32m  ✔[0m[90m should remove duplicate plugins based on address[0m
    [32m  ✔[0m[90m should handle cases where all plugins are duplicates[0m
    [32m  ✔[0m[90m should handle one list being empty[0m
[0m    deepConvertToObject[0m
    [32m  ✔[0m[90m should return primitive values as-is[0m
    [32m  ✔[0m[90m should convert plain objects to plain objects[0m
    [32m  ✔[0m[90m should convert objects with toObject method[0m
    [32m  ✔[0m[90m should convert objects with toArray method[0m
    [32m  ✔[0m[90m should handle nested objects recursively[0m
    [32m  ✔[0m[90m should handle arrays recursively[0m
    [32m  ✔[0m[90m should skip function properties and properties starting with underscore[0m
    [32m  ✔[0m[90m should handle complex nested structures[0m
    [32m  ✔[0m[90m should gracefully handle circular references[0m
    [32m  ✔[0m[90m should handle failed toObject/toArray calls[0m

[0m  TokenUtils[0m
[0m    firstValid[0m
    [32m  ✔[0m[90m should return the first valid value[0m
    [32m  ✔[0m[90m should return null if no valid values are provided[0m
[0m    shouldSkipFetch[0m
    [32m  ✔[0m[90m should return true when token is governance[0m
    [32m  ✔[0m[90m should return true when token type is unknown[0m
    [32m  ✔[0m[90m should return true when token is from skip test networks[0m
    [32m  ✔[0m[90m should return false when token rate is not zero[0m
    [32m  ✔[0m[90m should return true when token has no symbol[0m
    [32m  ✔[0m[90m should return false for normal token with price[0m
[0m    analyzeIfScamToken[0m
    [32m  ✔[0m[90m should identify scam tokens with URLs in name[0m
    [32m  ✔[0m[90m should identify scam tokens with URLs in symbol[0m
    [32m  ✔[0m[90m should identify scam tokens with keywords across name and symbol[0m
    [32m  ✔[0m[90m should handle null or undefined inputs[0m
    [32m  ✔[0m[90m should return false for legitimate token names[0m
[0m    isTokenSyncable[0m
    [32m  ✔[0m[90m should return true if token exists in the database[0m
    [32m  ✔[0m[90m should return true if BlockScoutHelper returns valid non-scam token details[0m
    [32m  ✔[0m[90m should return false if BlockScoutHelper returns scam token details[0m
    [32m  ✔[0m[90m should return false if BlockScoutHelper returns unknown token type[0m
    [32m  ✔[0m[90m should try Web3Helper if BlockScoutHelper returns no details[0m[31m (419ms)[0m
    [32m  ✔[0m[90m should return false if Web3Helper returns scam token details[0m[31m (1161ms)[0m
    [32m  ✔[0m[90m should return false if neither BlockScoutHelper nor Web3Helper returns valid details[0m[31m (1040ms)[0m
    [32m  ✔[0m[90m should return false and log error when an exception occurs[0m
    [32m  ✔[0m[90m should handle null values from BlockScoutHelper properly[0m
[0m    getCategories[0m
    [32m  ✔[0m[90m should return correct number of categories[0m

[0m  Helper: TokenDetector[0m
  [32m  ✔[0m[90m should detect native token[0m
  [32m  ✔[0m[90m should detect ERC20 token[0m
  [32m  ✔[0m[90m should detect ERC20 Governance token and underlying[0m
  [32m  ✔[0m[90m should detect ERC721 token[0m
  [32m  ✔[0m[90m should detect ERC1155 token[0m
  [32m  ✔[0m[90m should detect ERC777 token[0m
  [32m  ✔[0m[90m should detect escrowAdapter token[0m
  [32m  ✔[0m[90m should detect unknown token[0m
  [32m  ✔[0m[90m should get empty getCode[0m
  [32m  ✔[0m[90m should getCode from address if implementation is zero address[0m
2025-07-21T10:16:48.579Z [[31merror[39m] Error detecting token type
Detail : {
  "service": "helpers:TokenDetector",
  "address": "0xAddress",
  "network": "ethereum-mainnet",
  "error": {},
  "errorStack": "Error: Failed to fetch bytecode
    at Context.<anonymous> (/Users/sishirpokhrel/Projects/aragon/app-backend/test/unit/helpers/tokenDetector.spec.ts:167:39)
    at callFn (/Users/sishirpokhrel/Projects/aragon/app-backend/node_modules/mocha/lib/runnable.js:364:21)
    at Test.Runnable.run (/Users/sishirpokhrel/Projects/aragon/app-backend/node_modules/mocha/lib/runnable.js:352:5)
    at Runner.runTest (/Users/sishirpokhrel/Projects/aragon/app-backend/node_modules/mocha/lib/runner.js:677:10)
    at /Users/sishirpokhrel/Projects/aragon/app-backend/node_modules/mocha/lib/runner.js:800:12
    at next (/Users/sishirpokhrel/Projects/aragon/app-backend/node_modules/mocha/lib/runner.js:592:14)
    at /Users/sishirpokhrel/Projects/aragon/app-backend/node_modules/mocha/lib/runner.js:602:7
    at next (/Users/sishirpokhrel/Projects/aragon/app-backend/node_modules/mocha/lib/runner.js:485:14)
    at cbHookRun (/Users/sishirpokhrel/Projects/aragon/app-backend/node_modules/mocha/lib/runner.js:550:7)
    at done (/Users/sishirpokhrel/Projects/aragon/app-backend/node_modules/mocha/lib/runnable.js:308:5)",
  "errorMessage": "Failed to fetch bytecode",
  "environment": "development",
  "tags": [
    "aragon-api"
  ]
}
  [32m  ✔[0m[90m should handle an error when fetching bytecode[0m

[0m  Helpers:Subscan[0m
  [32m  ✔[0m[90m should get axios instance[0m
[0m    _rpCall[0m
    [32m  ✔[0m[90m should make a successful _rpCall[0m
    [32m  ✔[0m[90m should handle errors in _rpCall[0m[31m (1990ms)[0m
[0m    getContractSourceCode[0m
    [32m  ✔[0m[90m should get contract source code (happy path)[0m
    [32m  ✔[0m[90m should handle errors in getContractSourceCode[0m
[0m    fetchContractCreation[0m
    [32m  ✔[0m[90m should get contract creation infp[0m
    [32m  ✔[0m[90m should handle errors in fetchContractCreation[0m
[0m    getTokenFullDetails[0m
    [32m  ✔[0m[90m should return token details on successful response[0m
    [32m  ✔[0m[90m should handle errors in getTokenFullDetails and return default details[0m
    [32m  ✔[0m[90m should get if the token is erc721[0m
    [32m  ✔[0m[90m should get if the token is erc1155[0m
    [32m  ✔[0m[90m should get if the token is unknown[0m
[0m    getAccountBalance[0m
    [32m  ✔[0m[90m should return token balances if response contains native and ERC20[0m
    [32m  ✔[0m[90m should return empty array if error in getAccountBalance[0m
[0m    getAccountInfoByKey[0m
    [32m  ✔[0m[90m should return substrate address if present[0m
    [32m  ✔[0m[90m should handle errors in getAccountInfoByKey and return undefined[0m
[0m    getAssetTransfer[0m
    [32m  ✔[0m[90m should return asset transfers from native and ERC20[0m
    [32m  ✔[0m[90m should return empty array if no substrate address[0m
    [32m  ✔[0m[90m should log error when native transfer list fetch failed[0m
[0m    getTransactionInfoByHash[0m
    [32m  ✔[0m[90m should return transaction info on successful response[0m
    [32m  ✔[0m[90m should handle errors in getTransactionInfoByHash[0m
[0m    getNativeTokenInfo[0m
    [32m  ✔[0m[90m should return native token info on successful response[0m
    [32m  ✔[0m[90m should handle errors in getNativeTokenInfo and return default info[0m
[0m    getCurrentPrice[0m
    [32m  ✔[0m[90m should return current price on successful response[0m
    [32m  ✔[0m[90m should handle errors in getCurrentPrice and return "0"[0m
[0m    getAllTokenHolders[0m
    [32m  ✔[0m[90m should fetch token holders successfully[0m
    [32m  ✔[0m[90m should use callback function with page info when provided[0m
    [32m  ✔[0m[90m should respect the startPage parameter[0m
[0m    getTokenHoldersPage[0m
    [32m  ✔[0m[90m should fetch a single page of token holders[0m
    [32m  ✔[0m[90m should handle empty results[0m
    [32m  ✔[0m[90m should handle API errors[0m
[0m    getTokenCounters[0m
    [32m  ✔[0m[90m should return token counters on successful response[0m
    [32m  ✔[0m[90m should return zero counters when transfer response has no data[0m
    [32m  ✔[0m[90m should return zero counters when transfer response code is not 0[0m
    [32m  ✔[0m[90m should handle errors and return zero counters[0m

[0m  Helpers: RouteScan[0m
  [32m  ✔[0m[90m axiosInstance[0m
[0m    _rpCall[0m
    [32m  ✔[0m[90m Should make a successful _rpCall[0m
    [32m  ✔[0m[90m Should handle errors in _rpCall[0m
[0m    fetchContractSourceCode[0m
    [32m  ✔[0m[90m should fetch contract source code successfully[0m
    [32m  ✔[0m[90m should return null if source code is empty[0m
    [32m  ✔[0m[90m should return null if the API response status is not "1"[0m
    [32m  ✔[0m[90m should handle errors when fetching contract source code fails[0m
[0m    fetchContractCreation[0m
    [32m  ✔[0m[90m should fetch contract creation successfully[0m
    [32m  ✔[0m[90m should return default object when API status is not "1"[0m
    [32m  ✔[0m[90m should handle errors when fetching contract creation fails[0m
    [32m  ✔[0m[90m should handle null txReceipt when getting transaction[0m

[0m  Helpers:RetryRequest[0m
[0m    retryRequest[0m
    [32m  ✔[0m[90m should successfully make a request on the first try[0m
    [32m  ✔[0m[90m should retry and succeed after a rate limit error with status 429[0m
    [32m  ✔[0m[90m should retry and succeed after a rate limit error with direct status 429[0m
    [32m  ✔[0m[90m should retry and succeed after a rate limit error with info.error.code 429[0m
    [32m  ✔[0m[90m should retry when canBeRetried returns true[0m
    [32m  ✔[0m[90m should retry when the error is SERVER_ERROR and isErrorRelatedToServerIssue returns true[0m
    [32m  ✔[0m[90m should retry when the error is TIMEOUT and isErrorRelatedToServerIssue returns true[0m
2025-07-21T10:16:51.638Z [[33mwarn[39m] Rate limit exceeded, retrying...
Detail : {
  "service": "helpers:RetryRequestHelper",
  "retryCount": 0,
  "wait": 1000,
  "fn": "stub",
  "error": {
    "response": {
      "status": 429
    }
  },
  "environment": "development",
  "tags": [
    "aragon-api"
  ]
}
2025-07-21T10:16:51.640Z [[33mwarn[39m] Rate limit exceeded, retrying...
Detail : {
  "service": "helpers:RetryRequestHelper",
  "retryCount": 1,
  "wait": 2000,
  "fn": "stub",
  "error": {
    "response": {
      "status": 429
    }
  },
  "environment": "development",
  "tags": [
    "aragon-api"
  ]
}
    [32m  ✔[0m[90m should throw an error after exceeding max retries[0m
    [32m  ✔[0m[90m should throw a non-retry error immediately[0m
    [32m  ✔[0m[90m should throw a rate limit error when response message is NOTOK[0m
2025-07-21T10:16:51.689Z [[33mwarn[39m] Rate limit exceeded, retrying...
Detail : {
  "service": "helpers:RetryRequestHelper",
  "retryCount": 0,
  "wait": 1000,
  "fn": "stub",
  "error": {
    "response": {
      "status": 429
    }
  },
  "environment": "development",
  "tags": [
    "aragon-api"
  ]
}
2025-07-21T10:16:51.689Z [[33mwarn[39m] Rate limit exceeded, retrying...
Detail : {
  "service": "helpers:RetryRequestHelper",
  "retryCount": 1,
  "wait": 2000,
  "fn": "stub",
  "error": {
    "response": {
      "status": 429
    }
  },
  "environment": "development",
  "tags": [
    "aragon-api"
  ]
}
2025-07-21T10:16:51.689Z [[33mwarn[39m] Rate limit exceeded, retrying...
Detail : {
  "service": "helpers:RetryRequestHelper",
  "retryCount": 2,
  "wait": 4000,
  "fn": "stub",
  "error": {
    "response": {
      "status": 429
    }
  },
  "environment": "development",
  "tags": [
    "aragon-api"
  ]
}
    [32m  ✔[0m[90m should use default maxRetries from config if not provided[0m
[0m    retryResult[0m
    [32m  ✔[0m[90m should return result on successful attempt[0m
    [32m  ✔[0m[90m should retry when result is null[0m
    [32m  ✔[0m[90m should retry when result is undefined[0m
    [32m  ✔[0m[90m should retry when an error occurs[0m
    [32m  ✔[0m[90m should return null after all retries fail[0m
    [32m  ✔[0m[90m should return null after all retries throw errors[0m
[0m    canBeRetried[0m
    [32m  ✔[0m[90m should return true if the error reason includes "future lookup"[0m
    [32m  ✔[0m[90m should return false if error is undefined[0m
    [32m  ✔[0m[90m should return false if error has no reason property[0m
    [32m  ✔[0m[90m should return false if reason does not include "future lookup"[0m
[0m    isErrorRelatedToServerIssue[0m
    [32m  ✔[0m[90m should return true for whitelisted method: eth_blockNumber[0m
    [32m  ✔[0m[90m should return true for whitelisted method: alchemy_getAssetTransfers[0m
    [32m  ✔[0m[90m should return true for whitelisted method: eth_getBlockByNumber[0m
    [32m  ✔[0m[90m should return true for whitelisted method: eth_getBlockReceipts[0m
    [32m  ✔[0m[90m should return true for whitelisted method: eth_getTransactionReceipt[0m
    [32m  ✔[0m[90m should return false for non-whitelisted methods[0m
    [32m  ✔[0m[90m should return true if method is "eth_getLogs" with same fromBlock and toBlock[0m
    [32m  ✔[0m[90m should return false if method is "eth_getLogs" with different fromBlock and toBlock[0m
    [32m  ✔[0m[90m should return false if requestBody is malformed JSON[0m
    [32m  ✔[0m[90m should return false if requestBody is undefined[0m
    [32m  ✔[0m[90m should return false if parsed requestBody is missing method[0m
    [32m  ✔[0m[90m should return false if error is undefined[0m

[0m  Helpers:RabbitMQ[0m
[0m    executeWithMutex[0m
    [32m  ✔[0m[90m should execute the callback and return its value[0m
    [32m  ✔[0m[90m should enforce mutual exclusion[0m[31m (257ms)[0m
[0m    process[0m
    [32m  ✔[0m[90m should consume a message and process it successfully[0m
[0m    sendMessage[0m
    [32m  ✔[0m[90m should send a message and return null in fire-and-forget mode[0m
    [32m  ✔[0m[90m should skip duplicate messages with the same id and process a new message with a different id[0m
[0m    getQueueMessageCount[0m
2025-07-21T10:16:52.701Z [[36mverbose[39m] Queue "contract.info" has 3 messages
Detail : {
  "service": "helpers:RabbitMQHelper",
  "queueName": "contract.info",
  "messageCount": 3,
  "environment": "development",
  "tags": [
    "aragon-api"
  ]
}
    [32m  ✔[0m[90m should return the correct message count[0m

[0m  Helpers:ProxyContractHelper[0m
[0m    _getImplementationForMinimalProxy[0m
    [32m  ✔[0m[90m should return the implementation address when minimal proxy pattern is matched[0m
    [32m  ✔[0m[90m should return null when the minimal proxy pattern is not present[0m
[0m    _fallBackImplementationViaViewCall[0m
    [32m  ✔[0m[90m should return the fallback implementation via getImplementation[0m
    [32m  ✔[0m[90m should return the fallback implementation via implementation[0m[31m (91ms)[0m
    [32m  ✔[0m[90m should return null when both methods fail[0m[31m (92ms)[0m
[0m    getImplementationAddress[0m
    [32m  ✔[0m[90m should return the implementation address from EIP-1967 slot[0m
    [32m  ✔[0m[90m should return the implementation address from FiatProxy slot[0m
    [32m  ✔[0m[90m should return the implementation address from minimal proxy bytecode[0m[31m (106ms)[0m
    [32m  ✔[0m[90m should return the implementation address from fallback view call[0m[31m (144ms)[0m
    [32m  ✔[0m[90m should return null when no implementation address is found[0m[31m (146ms)[0m
    [32m  ✔[0m[90m should fail implementation address[0m[31m (141ms)[0m

[0m  Helpers: ProposalHelper[0m
[0m    getProposal[0m
    [32m  ✔[0m[90m should call getProposalTokenVoting when proposalType is tokenVoting[0m
    [32m  ✔[0m[90m should call getProposalMultisig when proposalType is multisig[0m
    [32m  ✔[0m[90m should call getSppSubPluginProposals when proposalType is spp[0m
[0m    getBodyResult[0m
    [32m  ✔[0m[90m should return Approval when getBodyResult resolves successfully[0m
    [32m  ✔[0m[90m should return null and log an error when getBodyResult fails[0m[33m (44ms)[0m
[0m    getSppSubPluginProposals[0m
    [32m  ✔[0m[90m should return the proposal for spp sub plugin[0m
    [32m  ✔[0m[90m should return false if spp sub plugin proposal fetch fails[0m[33m (54ms)[0m
[0m    getProposalTokenVoting[0m
    [32m  ✔[0m[90m should return the proposal for token voting[0m
    [32m  ✔[0m[90m should return null and log error if token voting proposal fetch fails[0m[33m (45ms)[0m
[0m    getProposalMultisig[0m
    [32m  ✔[0m[90m should return the proposal for multisig[0m[33m (46ms)[0m
    [32m  ✔[0m[90m should return null and log error if multisig proposal fetch fails[0m[33m (42ms)[0m

[0m  Helpers:PluginSlug[0m
[0m    Generic Tests[0m
2025-07-21T10:16:53.967Z [[36mverbose[39m] Created new document - New PluginSlug
Detail : {
  "service": "helpers:PluginSlug",
  "slug": "core",
  "environment": "development",
  "tags": [
    "aragon-api"
  ]
}
2025-07-21T10:16:53.975Z [[36mverbose[39m] Created new document - New PluginSlug
Detail : {
  "service": "helpers:PluginSlug",
  "slug": "admin",
  "environment": "development",
  "tags": [
    "aragon-api"
  ]
}
2025-07-21T10:16:53.983Z [[36mverbose[39m] Created new document - New PluginSlug
Detail : {
  "service": "helpers:PluginSlug",
  "slug": "tokenvoting",
  "environment": "development",
  "tags": [
    "aragon-api"
  ]
}
2025-07-21T10:16:53.990Z [[36mverbose[39m] Created new document - New PluginSlug
Detail : {
  "service": "helpers:PluginSlug",
  "slug": "multisig",
  "environment": "development",
  "tags": [
    "aragon-api"
  ]
}
    [32m  ✔[0m[90m should return default processKey[0m
2025-07-21T10:16:54.037Z [[36mverbose[39m] Created new document - New PluginSlug
Detail : {
  "service": "helpers:PluginSlug",
  "slug": "tokenvoting",
  "environment": "development",
  "tags": [
    "aragon-api"
  ]
}
2025-07-21T10:16:54.046Z [[36mverbose[39m] Created new document - New PluginSlug
Detail : {
  "service": "helpers:PluginSlug",
  "slug": "multisig",
  "environment": "development",
  "tags": [
    "aragon-api"
  ]
}
2025-07-21T10:16:54.053Z [[36mverbose[39m] Created new document - New PluginSlug
Detail : {
  "service": "helpers:PluginSlug",
  "slug": "core",
  "environment": "development",
  "tags": [
    "aragon-api"
  ]
}
2025-07-21T10:16:54.060Z [[36mverbose[39m] Created new document - New PluginSlug
Detail : {
  "service": "helpers:PluginSlug",
  "slug": "admin",
  "environment": "development",
  "tags": [
    "aragon-api"
  ]
}
    [32m  ✔[0m[90m should return default processKey[0m
2025-07-21T10:16:54.111Z [[36mverbose[39m] Created new document - New PluginSlug
Detail : {
  "service": "helpers:PluginSlug",
  "slug": "tokenvoting",
  "environment": "development",
  "tags": [
    "aragon-api"
  ]
}
2025-07-21T10:16:54.119Z [[33mwarn[39m] Slug already exists, incrementing suffix
Detail : {
  "service": "helpers:PluginSlug",
  "candidateKey": "tokenvoting_1",
  "suffix": 1,
  "environment": "development",
  "tags": [
    "aragon-api"
  ]
}
2025-07-21T10:16:54.126Z [[36mverbose[39m] Created new document - New PluginSlug
Detail : {
  "service": "helpers:PluginSlug",
  "slug": "tokenvoting_1",
  "environment": "development",
  "tags": [
    "aragon-api"
  ]
}
2025-07-21T10:16:54.134Z [[33mwarn[39m] Slug already exists, incrementing suffix
Detail : {
  "service": "helpers:PluginSlug",
  "candidateKey": "tokenvoting_1",
  "suffix": 1,
  "environment": "development",
  "tags": [
    "aragon-api"
  ]
}
2025-07-21T10:16:54.141Z [[33mwarn[39m] Slug already exists, incrementing suffix
Detail : {
  "service": "helpers:PluginSlug",
  "candidateKey": "tokenvoting_2",
  "suffix": 2,
  "environment": "development",
  "tags": [
    "aragon-api"
  ]
}
2025-07-21T10:16:54.148Z [[36mverbose[39m] Created new document - New PluginSlug
Detail : {
  "service": "helpers:PluginSlug",
  "slug": "tokenvoting_2",
  "environment": "development",
  "tags": [
    "aragon-api"
  ]
}
    [32m  ✔[0m[90m should return default processKey on multiple plugins[0m[33m (55ms)[0m
2025-07-21T10:16:54.192Z [[36mverbose[39m] Created new document - New PluginSlug
Detail : {
  "service": "helpers:PluginSlug",
  "slug": "test",
  "environment": "development",
  "tags": [
    "aragon-api"
  ]
}
2025-07-21T10:16:54.201Z [[33mwarn[39m] Slug already exists, incrementing suffix
Detail : {
  "service": "helpers:PluginSlug",
  "candidateKey": "test_1",
  "suffix": 1,
  "environment": "development",
  "tags": [
    "aragon-api"
  ]
}
2025-07-21T10:16:54.208Z [[36mverbose[39m] Created new document - New PluginSlug
Detail : {
  "service": "helpers:PluginSlug",
  "slug": "test_1",
  "environment": "development",
  "tags": [
    "aragon-api"
  ]
}
2025-07-21T10:16:54.216Z [[33mwarn[39m] Slug already exists, incrementing suffix
Detail : {
  "service": "helpers:PluginSlug",
  "candidateKey": "test_1",
  "suffix": 1,
  "environment": "development",
  "tags": [
    "aragon-api"
  ]
}
2025-07-21T10:16:54.223Z [[33mwarn[39m] Slug already exists, incrementing suffix
Detail : {
  "service": "helpers:PluginSlug",
  "candidateKey": "test_2",
  "suffix": 2,
  "environment": "development",
  "tags": [
    "aragon-api"
  ]
}
2025-07-21T10:16:54.229Z [[36mverbose[39m] Created new document - New PluginSlug
Detail : {
  "service": "helpers:PluginSlug",
  "slug": "test_2",
  "environment": "development",
  "tags": [
    "aragon-api"
  ]
}
2025-07-21T10:16:54.236Z [[33mwarn[39m] Slug already exists, incrementing suffix
Detail : {
  "service": "helpers:PluginSlug",
  "candidateKey": "test_1",
  "suffix": 1,
  "environment": "development",
  "tags": [
    "aragon-api"
  ]
}
2025-07-21T10:16:54.242Z [[33mwarn[39m] Slug already exists, incrementing suffix
Detail : {
  "service": "helpers:PluginSlug",
  "candidateKey": "test_2",
  "suffix": 2,
  "environment": "development",
  "tags": [
    "aragon-api"
  ]
}
2025-07-21T10:16:54.249Z [[33mwarn[39m] Slug already exists, incrementing suffix
Detail : {
  "service": "helpers:PluginSlug",
  "candidateKey": "test_3",
  "suffix": 3,
  "environment": "development",
  "tags": [
    "aragon-api"
  ]
}
2025-07-21T10:16:54.255Z [[36mverbose[39m] Created new document - New PluginSlug
Detail : {
  "service": "helpers:PluginSlug",
  "slug": "test_3",
  "environment": "development",
  "tags": [
    "aragon-api"
  ]
}
    [32m  ✔[0m[90m should return default processKey[0m[33m (70ms)[0m
2025-07-21T10:16:54.300Z [[36mverbose[39m] Created new document - New PluginSlug
Detail : {
  "service": "helpers:PluginSlug",
  "slug": "test",
  "environment": "development",
  "tags": [
    "aragon-api"
  ]
}
2025-07-21T10:16:54.308Z [[36mverbose[39m] Updated document - Update PluginSlug
Detail : {
  "service": "helpers:PluginSlug",
  "slug": "test2",
  "environment": "development",
  "tags": [
    "aragon-api"
  ]
}
    [32m  ✔[0m[90m should set and update[0m
2025-07-21T10:16:54.353Z [[36mverbose[39m] Created new document - New PluginSlug
Detail : {
  "service": "helpers:PluginSlug",
  "slug": "test",
  "environment": "development",
  "tags": [
    "aragon-api"
  ]
}
    [32m  ✔[0m[90m should skip if processKey is the same[0m
2025-07-21T10:16:54.392Z [[31merror[39m] Plugin slug not found
Detail : {
  "service": "helpers:PluginSlug",
  "plugin": {
    "_id": "687e1396d1d0c394bf1552a8",
    "id": "test-plugin-1",
    "transactionHash": "0xabc1",
    "blockNumber": 1,
    "network": "ethereum-mainnet",
    "address": "0x121",
    "implementationAddress": null,
    "interfaceType": "tokenVoting",
    "status": "installed",
    "isSupported": false,
    "daoAddress": "0xDAO",
    "tokenAddress": null,
    "pluginSetupRepoAddress": null,
    "sender": null,
    "release": null,
    "build": null,
    "subdomain": null,
    "uninstalled": {
      "status": false,
      "transactionHash": null,
      "blockNumber": null,
      "blockTimestamp": null
    },
    "hasTarget": false,
    "isProcess": false,
    "isBody": false,
    "isSubPlugin": false,
    "metadataIpfs": null,
    "name": null,
    "description": null,
    "processKey": null,
    "votingEscrow": null,
    "conditionAddress": null,
    "permissions": [],
    "subPlugins": [],
    "links": [],
    "createdAt": "2025-07-21T10:16:54.369Z",
    "updatedAt": "2025-07-21T10:16:54.369Z",
    "__v": 0
  },
  "environment": "development",
  "tags": [
    "aragon-api"
  ]
}
    [32m  ✔[0m[90m should not update not existing[0m
2025-07-21T10:16:54.432Z [[36mverbose[39m] Created new document - New PluginSlug
Detail : {
  "service": "helpers:PluginSlug",
  "slug": "test",
  "environment": "development",
  "tags": [
    "aragon-api"
  ]
}
2025-07-21T10:16:54.439Z [[33mwarn[39m] Slug already exists, incrementing suffix
Detail : {
  "service": "helpers:PluginSlug",
  "candidateKey": "test_1",
  "suffix": 1,
  "environment": "development",
  "tags": [
    "aragon-api"
  ]
}
2025-07-21T10:16:54.446Z [[36mverbose[39m] Created new document - New PluginSlug
Detail : {
  "service": "helpers:PluginSlug",
  "slug": "test_1",
  "environment": "development",
  "tags": [
    "aragon-api"
  ]
}
2025-07-21T10:16:54.453Z [[36mverbose[39m] Updated document - Update PluginSlug
Detail : {
  "service": "helpers:PluginSlug",
  "slug": "test1",
  "environment": "development",
  "tags": [
    "aragon-api"
  ]
}
    [32m  ✔[0m[90m should not update non-alphanumeric characters[0m
[0m    _defaultSlug[0m
    [32m  ✔[0m[90m should return correct IPluginSlug for spp interface type[0m
    [32m  ✔[0m[90m should return correct IPluginSlug for tokenVoting interface type[0m
    [32m  ✔[0m[90m should return correct IPluginSlug for multisig interface type[0m
    [32m  ✔[0m[90m should return correct IPluginSlug for admin interface type[0m
    [32m  ✔[0m[90m should return null for unrecognized interface type[0m
[0m    generateSlug[0m
2025-07-21T10:16:54.516Z [[36mverbose[39m] Created new document - New PluginSlug
Detail : {
  "service": "helpers:PluginSlug",
  "slug": "tokenvoting",
  "environment": "development",
  "tags": [
    "aragon-api"
  ]
}
    [32m  ✔[0m[90m should generate default slug when processKey is null[0m
2025-07-21T10:16:54.551Z [[36mverbose[39m] Created new document - New PluginSlug
Detail : {
  "service": "helpers:PluginSlug",
  "slug": "tokenvoting",
  "environment": "development",
  "tags": [
    "aragon-api"
  ]
}
    [32m  ✔[0m[90m should skip if already exists[0m
2025-07-21T10:16:54.584Z [[36mverbose[39m] Created new document - New PluginSlug
Detail : {
  "service": "helpers:PluginSlug",
  "slug": "tokenvoting",
  "environment": "development",
  "tags": [
    "aragon-api"
  ]
}
    [32m  ✔[0m[90m should generate default slug if processKey is not provided and not existing[0m
2025-07-21T10:16:54.626Z [[36mverbose[39m] Created new document - New PluginSlug
Detail : {
  "service": "helpers:PluginSlug",
  "slug": "tokenvoting",
  "environment": "development",
  "tags": [
    "aragon-api"
  ]
}
2025-07-21T10:16:54.634Z [[33mwarn[39m] Slug already exists, incrementing suffix
Detail : {
  "service": "helpers:PluginSlug",
  "candidateKey": "tokenvoting_1",
  "suffix": 1,
  "environment": "development",
  "tags": [
    "aragon-api"
  ]
}
2025-07-21T10:16:54.641Z [[36mverbose[39m] Created new document - New PluginSlug
Detail : {
  "service": "helpers:PluginSlug",
  "slug": "tokenvoting_1",
  "environment": "development",
  "tags": [
    "aragon-api"
  ]
}
    [32m  ✔[0m[90m should generate unique slug if default slug already exists[0m
    [36m  - should handle concurrent slug generation[0m
2025-07-21T10:16:54.674Z [[36mverbose[39m] Created new document - New PluginSlug
Detail : {
  "service": "helpers:PluginSlug",
  "slug": "tokenvoting",
  "environment": "development",
  "tags": [
    "aragon-api"
  ]
}
    [32m  ✔[0m[90m should generate default slug if processKey is not provided and not existing[0m
2025-07-21T10:16:54.718Z [[33mwarn[39m] Slug already exists, incrementing suffix
Detail : {
  "service": "helpers:PluginSlug",
  "candidateKey": "tokenvoting_1",
  "suffix": 1,
  "environment": "development",
  "tags": [
    "aragon-api"
  ]
}
2025-07-21T10:16:54.725Z [[36mverbose[39m] Created new document - New PluginSlug
Detail : {
  "service": "helpers:PluginSlug",
  "slug": "tokenvoting_1",
  "environment": "development",
  "tags": [
    "aragon-api"
  ]
}
    [32m  ✔[0m[90m should generate unique slug if default slug already exists[0m
2025-07-21T10:16:54.765Z [[33mwarn[39m] Slug already exists, incrementing suffix
Detail : {
  "service": "helpers:PluginSlug",
  "candidateKey": "customslug_1",
  "suffix": 1,
  "environment": "development",
  "tags": [
    "aragon-api"
  ]
}
2025-07-21T10:16:54.772Z [[36mverbose[39m] Created new document - New PluginSlug
Detail : {
  "service": "helpers:PluginSlug",
  "slug": "customslug_1",
  "environment": "development",
  "tags": [
    "aragon-api"
  ]
}
    [32m  ✔[0m[90m should generate unique slug when processKey is provided and already exists[0m
2025-07-21T10:16:54.808Z [[36mverbose[39m] Created new document - New PluginSlug
Detail : {
  "service": "helpers:PluginSlug",
  "slug": "tokenvoting",
  "environment": "development",
  "tags": [
    "aragon-api"
  ]
}
    [32m  ✔[0m[90m should sanitize slugs with special characters[0m
2025-07-21T10:16:54.842Z [[36mverbose[39m] Created new document - New PluginSlug
Detail : {
  "service": "helpers:PluginSlug",
  "slug": "tokenvoting",
  "environment": "development",
  "tags": [
    "aragon-api"
  ]
}
    [32m  ✔[0m[90m should handle undefined processKey[0m
2025-07-21T10:16:54.869Z [[31merror[39m] Error parsing processKey
Detail : {
  "service": "helpers:PluginSlug",
  "processKey": {
    "key": "value"
  },
  "error": {},
  "errorStack": "TypeError: processKey.toLowerCase is not a function
    at Object._parseProcessKey (/Users/sishirpokhrel/Projects/aragon/app-backend/src/helpers/pluginSlug.ts:42:22)
    at Object.generateSlug (/Users/sishirpokhrel/Projects/aragon/app-backend/src/helpers/pluginSlug.ts:175:41)
    at Context.<anonymous> (/Users/sishirpokhrel/Projects/aragon/app-backend/test/unit/helpers/pluginSlug.spec.ts:319:43)
    at callFn (/Users/sishirpokhrel/Projects/aragon/app-backend/node_modules/mocha/lib/runnable.js:364:21)
    at Test.Runnable.run (/Users/sishirpokhrel/Projects/aragon/app-backend/node_modules/mocha/lib/runnable.js:352:5)
    at Runner.runTest (/Users/sishirpokhrel/Projects/aragon/app-backend/node_modules/mocha/lib/runner.js:677:10)
    at /Users/sishirpokhrel/Projects/aragon/app-backend/node_modules/mocha/lib/runner.js:800:12
    at next (/Users/sishirpokhrel/Projects/aragon/app-backend/node_modules/mocha/lib/runner.js:592:14)
    at /Users/sishirpokhrel/Projects/aragon/app-backend/node_modules/mocha/lib/runner.js:602:7
    at next (/Users/sishirpokhrel/Projects/aragon/app-backend/node_modules/mocha/lib/runner.js:485:14)",
  "errorMessage": "processKey.toLowerCase is not a function",
  "environment": "development",
  "tags": [
    "aragon-api"
  ]
}
2025-07-21T10:16:54.875Z [[36mverbose[39m] Created new document - New PluginSlug
Detail : {
  "service": "helpers:PluginSlug",
  "slug": "tokenvoting",
  "environment": "development",
  "tags": [
    "aragon-api"
  ]
}
    [32m  ✔[0m[90m should return default processKey when process key is wrong[0m
[0m    deleteSlug[0m
2025-07-21T10:16:54.903Z [[36mverbose[39m] Created new document - New PluginSlug
Detail : {
  "service": "helpers:PluginSlug",
  "slug": "deletetest",
  "environment": "development",
  "tags": [
    "aragon-api"
  ]
}
    [32m  ✔[0m[90m should delete a PluginSlug successfully[0m
2025-07-21T10:16:54.930Z [[36mverbose[39m] Created new document - New PluginSlug
Detail : {
  "service": "helpers:PluginSlug",
  "slug": "deletetest",
  "environment": "development",
  "tags": [
    "aragon-api"
  ]
}
    [32m  ✔[0m[90m should return false when trying to delete a non-existent PluginSlug[0m
2025-07-21T10:16:54.965Z [[36mverbose[39m] Created new document - New PluginSlug
Detail : {
  "service": "helpers:PluginSlug",
  "slug": "deletetest",
  "environment": "development",
  "tags": [
    "aragon-api"
  ]
}
2025-07-21T10:16:54.978Z [[36mverbose[39m] Created new document - New PluginSlug
Detail : {
  "service": "helpers:PluginSlug",
  "slug": "deletetest",
  "environment": "development",
  "tags": [
    "aragon-api"
  ]
}
    [32m  ✔[0m[90m should handle deletion when multiple slugs exist with different criteria[0m
2025-07-21T10:16:55.013Z [[36mverbose[39m] Created new document - New PluginSlug
Detail : {
  "service": "helpers:PluginSlug",
  "slug": "deletetest",
  "environment": "development",
  "tags": [
    "aragon-api"
  ]
}
    [32m  ✔[0m[90m should handle errors gracefully and return false[0m
[0m    updateSlug[0m
2025-07-21T10:16:55.040Z [[36mverbose[39m] Created new document - New PluginSlug
Detail : {
  "service": "helpers:PluginSlug",
  "slug": "updatetest",
  "environment": "development",
  "tags": [
    "aragon-api"
  ]
}
2025-07-21T10:16:55.046Z [[36mverbose[39m] Updated document - Update PluginSlug
Detail : {
  "service": "helpers:PluginSlug",
  "slug": "updatedslug",
  "environment": "development",
  "tags": [
    "aragon-api"
  ]
}
    [32m  ✔[0m[90m should update the slug successfully[0m
2025-07-21T10:16:55.073Z [[36mverbose[39m] Created new document - New PluginSlug
Detail : {
  "service": "helpers:PluginSlug",
  "slug": "updatetest",
  "environment": "development",
  "tags": [
    "aragon-api"
  ]
}
2025-07-21T10:16:55.086Z [[36mverbose[39m] Created new document - New PluginSlug
Detail : {
  "service": "helpers:PluginSlug",
  "slug": "conflictslug",
  "environment": "development",
  "tags": [
    "aragon-api"
  ]
}
2025-07-21T10:16:55.094Z [[32minfo[39m] Slug already exists during update, incrementing suffix
Detail : {
  "service": "helpers:PluginSlug",
  "candidateKey": "conflictslug_1",
  "suffix": 1,
  "environment": "development",
  "tags": [
    "aragon-api"
  ]
}
2025-07-21T10:16:55.100Z [[36mverbose[39m] Updated document - Update PluginSlug
Detail : {
  "service": "helpers:PluginSlug",
  "slug": "conflictslug_1",
  "environment": "development",
  "tags": [
    "aragon-api"
  ]
}
    [32m  ✔[0m[90m should handle updating to an existing slug by appending suffix[0m
2025-07-21T10:16:55.141Z [[36mverbose[39m] Created new document - New PluginSlug
Detail : {
  "service": "helpers:PluginSlug",
  "slug": "updatetest",
  "environment": "development",
  "tags": [
    "aragon-api"
  ]
}
2025-07-21T10:16:55.149Z [[31merror[39m] Plugin slug not found
Detail : {
  "service": "helpers:PluginSlug",
  "plugin": {
    "_id": "687e1397d1d0c394bf1555fb",
    "id": "test-plugin-nonexistent-update",
    "transactionHash": "0xabca",
    "blockNumber": 1,
    "network": "polygon-mainnet",
    "address": "0x12A",
    "implementationAddress": null,
    "interfaceType": "admin",
    "status": "installed",
    "isSupported": false,
    "daoAddress": "0xDAO3",
    "tokenAddress": null,
    "pluginSetupRepoAddress": null,
    "sender": null,
    "release": null,
    "build": null,
    "subdomain": null,
    "uninstalled": {
      "status": false,
      "transactionHash": null,
      "blockNumber": null,
      "blockTimestamp": null
    },
    "hasTarget": false,
    "isProcess": false,
    "isBody": false,
    "isSubPlugin": false,
    "metadataIpfs": null,
    "name": null,
    "description": null,
    "processKey": null,
    "votingEscrow": null,
    "conditionAddress": null,
    "permissions": [],
    "subPlugins": [],
    "links": [],
    "createdAt": "2025-07-21T10:16:55.142Z",
    "updatedAt": "2025-07-21T10:16:55.142Z",
    "__v": 0
  },
  "environment": "development",
  "tags": [
    "aragon-api"
  ]
}
    [32m  ✔[0m[90m should return null if PluginSlug does not exist for update[0m
2025-07-21T10:16:55.177Z [[36mverbose[39m] Created new document - New PluginSlug
Detail : {
  "service": "helpers:PluginSlug",
  "slug": "updatetest",
  "environment": "development",
  "tags": [
    "aragon-api"
  ]
}
2025-07-21T10:16:55.177Z [[31merror[39m] Error parsing processKey
Detail : {
  "service": "helpers:PluginSlug",
  "processKey": {
    "key": "value"
  },
  "error": {},
  "errorStack": "TypeError: processKey.toLowerCase is not a function
    at Object._parseProcessKey (/Users/sishirpokhrel/Projects/aragon/app-backend/src/helpers/pluginSlug.ts:42:22)
    at Object.updateSlug (/Users/sishirpokhrel/Projects/aragon/app-backend/src/helpers/pluginSlug.ts:231:41)
    at Context.<anonymous> (/Users/sishirpokhrel/Projects/aragon/app-backend/test/unit/helpers/pluginSlug.spec.ts:533:45)
    at callFn (/Users/sishirpokhrel/Projects/aragon/app-backend/node_modules/mocha/lib/runnable.js:364:21)
    at Test.Runnable.run (/Users/sishirpokhrel/Projects/aragon/app-backend/node_modules/mocha/lib/runnable.js:352:5)
    at Runner.runTest (/Users/sishirpokhrel/Projects/aragon/app-backend/node_modules/mocha/lib/runner.js:677:10)
    at /Users/sishirpokhrel/Projects/aragon/app-backend/node_modules/mocha/lib/runner.js:800:12
    at next (/Users/sishirpokhrel/Projects/aragon/app-backend/node_modules/mocha/lib/runner.js:592:14)
    at /Users/sishirpokhrel/Projects/aragon/app-backend/node_modules/mocha/lib/runner.js:602:7
    at next (/Users/sishirpokhrel/Projects/aragon/app-backend/node_modules/mocha/lib/runner.js:485:14)",
  "errorMessage": "processKey.toLowerCase is not a function",
  "environment": "development",
  "tags": [
    "aragon-api"
  ]
}
    [32m  ✔[0m[90m should return null if processKey is invalid[0m
2025-07-21T10:16:55.203Z [[36mverbose[39m] Created new document - New PluginSlug
Detail : {
  "service": "helpers:PluginSlug",
  "slug": "updatetest",
  "environment": "development",
  "tags": [
    "aragon-api"
  ]
}
2025-07-21T10:16:55.204Z [[31merror[39m] Error update slug
Detail : {
  "service": "helpers:PluginSlug",
  "plugin": {
    "_id": "687e1397d1d0c394bf15563a",
    "id": "test-plugin-update",
    "transactionHash": "0xabc8",
    "blockNumber": 1,
    "network": "ethereum-mainnet",
    "address": "0x128",
    "implementationAddress": null,
    "interfaceType": "admin",
    "status": "installed",
    "isSupported": false,
    "daoAddress": "0xDAO",
    "tokenAddress": null,
    "pluginSetupRepoAddress": null,
    "sender": null,
    "release": null,
    "build": null,
    "subdomain": null,
    "uninstalled": {
      "status": false,
      "transactionHash": null,
      "blockNumber": null,
      "blockTimestamp": null
    },
    "hasTarget": false,
    "isProcess": false,
    "isBody": false,
    "isSubPlugin": false,
    "metadataIpfs": null,
    "name": null,
    "description": null,
    "processKey": null,
    "votingEscrow": null,
    "conditionAddress": null,
    "permissions": [],
    "subPlugins": [],
    "links": [],
    "createdAt": "2025-07-21T10:16:55.190Z",
    "updatedAt": "2025-07-21T10:16:55.190Z",
    "__v": 0
  },
  "pluginSlug": {
    "_id": "687e1397d1d0c394bf15563e",
    "network": "ethereum-mainnet",
    "daoAddress": "0xDAO",
    "pluginAddress": "0x128",
    "slug": "updatetest",
    "createdAt": "2025-07-21T10:16:55.197Z",
    "updatedAt": "2025-07-21T10:16:55.197Z",
    "__v": 0
  },
  "parsedProcessKey": "updatedslug",
  "error": {},
  "errorStack": "Error: Transaction error
    at Context.<anonymous> (/Users/sishirpokhrel/Projects/aragon/app-backend/test/unit/helpers/pluginSlug.spec.ts:540:88)
    at callFn (/Users/sishirpokhrel/Projects/aragon/app-backend/node_modules/mocha/lib/runnable.js:364:21)
    at Test.Runnable.run (/Users/sishirpokhrel/Projects/aragon/app-backend/node_modules/mocha/lib/runnable.js:352:5)
    at Runner.runTest (/Users/sishirpokhrel/Projects/aragon/app-backend/node_modules/mocha/lib/runner.js:677:10)
    at /Users/sishirpokhrel/Projects/aragon/app-backend/node_modules/mocha/lib/runner.js:800:12
    at next (/Users/sishirpokhrel/Projects/aragon/app-backend/node_modules/mocha/lib/runner.js:592:14)
    at /Users/sishirpokhrel/Projects/aragon/app-backend/node_modules/mocha/lib/runner.js:602:7
    at next (/Users/sishirpokhrel/Projects/aragon/app-backend/node_modules/mocha/lib/runner.js:485:14)
    at cbHookRun (/Users/sishirpokhrel/Projects/aragon/app-backend/node_modules/mocha/lib/runner.js:550:7)
    at done (/Users/sishirpokhrel/Projects/aragon/app-backend/node_modules/mocha/lib/runnable.js:308:5)",
  "errorMessage": "Transaction error",
  "environment": "development",
  "tags": [
    "aragon-api"
  ]
}
    [32m  ✔[0m[90m should handle errors gracefully and return null[0m
[0m    _createSlugWithRetries[0m
    [32m  ✔[0m[90m should return existing slug if it already exists[0m
2025-07-21T10:16:55.245Z [[36mverbose[39m] Created new document - New PluginSlug
Detail : {
  "service": "helpers:PluginSlug",
  "slug": "new-slug",
  "environment": "development",
  "tags": [
    "aragon-api"
  ]
}
    [32m  ✔[0m[90m should successfully create a new slug when there is no existing slug[0m
    [32m  ✔[0m[90m should return null and log an error when encountering an unexpected database error[0m

[0m  Helper: PluginDetector[0m
  [32m  ✔[0m[90m should return unknown plugin for ZeroAddress[0m
  [32m  ✔[0m[90m should detect tokenVoting plugin[0m
  [32m  ✔[0m[90m should detect spp plugin[0m
  [32m  ✔[0m[90m should detect multisig plugin[0m
  [32m  ✔[0m[90m should detect admin plugin[0m
  [32m  ✔[0m[90m should detect gauge plugin[0m
  [32m  ✔[0m[90m should return unknown plugin when bytecode does not match any functions[0m
  [32m  ✔[0m[90m should get getCode from implementation address if proxy is set[0m
2025-07-21T10:16:55.300Z [[31merror[39m] Error detecting plugin type
Detail : {
  "service": "helper:PluginDetector",
  "address": "0xAddress",
  "error": {},
  "errorStack": "Error: Failed to fetch bytecode
    at Context.<anonymous> (/Users/sishirpokhrel/Projects/aragon/app-backend/test/unit/helpers/pluginDetector.spec.ts:135:39)
    at callFn (/Users/sishirpokhrel/Projects/aragon/app-backend/node_modules/mocha/lib/runnable.js:364:21)
    at Test.Runnable.run (/Users/sishirpokhrel/Projects/aragon/app-backend/node_modules/mocha/lib/runnable.js:352:5)
    at Runner.runTest (/Users/sishirpokhrel/Projects/aragon/app-backend/node_modules/mocha/lib/runner.js:677:10)
    at /Users/sishirpokhrel/Projects/aragon/app-backend/node_modules/mocha/lib/runner.js:800:12
    at next (/Users/sishirpokhrel/Projects/aragon/app-backend/node_modules/mocha/lib/runner.js:592:14)
    at /Users/sishirpokhrel/Projects/aragon/app-backend/node_modules/mocha/lib/runner.js:602:7
    at next (/Users/sishirpokhrel/Projects/aragon/app-backend/node_modules/mocha/lib/runner.js:485:14)
    at cbHookRun (/Users/sishirpokhrel/Projects/aragon/app-backend/node_modules/mocha/lib/runner.js:550:7)
    at done (/Users/sishirpokhrel/Projects/aragon/app-backend/node_modules/mocha/lib/runnable.js:308:5)",
  "errorMessage": "Failed to fetch bytecode",
  "environment": "development",
  "tags": [
    "aragon-api"
  ]
}
  [32m  ✔[0m[90m should handle an error when fetching bytecode[0m
[0m    detectAddressType[0m
    [32m  ✔[0m[90m should return EOA for ZeroAddress[0m
    [32m  ✔[0m[90m should return EOA for address with no code[0m
    [32m  ✔[0m[90m should return SAFE for Safe wallet contract[0m
    [32m  ✔[0m[90m should return OTHER for contract that is not a Safe wallet[0m
    [32m  ✔[0m[90m should handle an error when fetching code[0m

[0m  Helpers: Pinata[0m
[0m    getData[0m
    [32m  ✔[0m[90m should get data[0m
    [32m  ✔[0m[90m should handle string data response[0m
    [32m  ✔[0m[90m should handle fetch error[0m
[0m    uploadAndPinMetadata[0m
    [32m  ✔[0m[90m should uploadAndPinMetadata[0m
    [32m  ✔[0m[90m should uploadAndPinMetadata with missing params[0m
    [32m  ✔[0m[90m should fails uploadAndPinMetadata[0m
[0m    unPin[0m
2025-07-21T10:16:55.395Z [[36mverbose[39m] Successfully unpinned
Detail : {
  "service": "helpers:PinataHelper",
  "hashToUnpin": "xxx",
  "environment": "development",
  "tags": [
    "aragon-api"
  ]
}
    [32m  ✔[0m[90m should unPin[0m
    [32m  ✔[0m[90m should fails unPin[0m
[0m    pinList[0m
    [32m  ✔[0m[90m should get pinList[0m
    [32m  ✔[0m[90m should fails get pinList[0m

[0m  Helpers: Network[0m
  [32m  ✔[0m[90m should get the supported network[0m
  [32m  ✔[0m[90m should return empty array if no network is supported[0m

[0m  Helpers: Multisig[0m
[0m    findSettings[0m
    [32m  ✔[0m[90m should return settings when minApprovals is present[0m
    [32m  ✔[0m[90m should default onlyListed to false if not provided[0m
    [32m  ✔[0m[90m should log error and return undefined if minApprovals is missing[0m

[0m  Helpers: Monitoring[0m
  [32m  ✔[0m[90m should initialize with default maxLag and interval[0m
  [32m  ✔[0m[90m should accept and set custom maxLag and interval values[0m
  [32m  ✔[0m[90m should properly configure Toobusy-js with maxLag and interval[0m
  [32m  ✔[0m[90m should log warning with current lag when handleLag is called[0m

[0m  Helpers: JwtHelper[0m
  [32m  ✔[0m[90m should get JWT_KEY[0m
  [32m  ✔[0m[90m should generateJWT[0m
  [32m  ✔[0m[90m should decodeJWT[0m
  [32m  ✔[0m[90m should readJWT[0m

[0m  Helpers: GovernanceVe[0m
[0m    getEscrowAddress[0m
    [32m  ✔[0m[90m Should make a successful getEscrowAddress call[0m
    [32m  ✔[0m[90m should handle errors in getEscrowAddress[0m[33m (46ms)[0m
[0m    getClockAddress[0m
    [32m  ✔[0m[90m Should make a successful getClockAddress call[0m[33m (45ms)[0m
    [32m  ✔[0m[90m should handle errors in getClockAddress[0m[33m (46ms)[0m
[0m    getCurveAddress[0m
    [32m  ✔[0m[90m Should make a successful getCurveAddress call[0m[33m (46ms)[0m
    [32m  ✔[0m[90m should handle errors in getCurveAddress[0m[33m (47ms)[0m
[0m    getExitQueueAddress[0m
    [32m  ✔[0m[90m Should make a successful getExitQueueAddress call[0m[33m (45ms)[0m
    [32m  ✔[0m[90m should handle errors in getExitQueueAddress[0m[33m (45ms)[0m
[0m    getNftLockAddress[0m
    [32m  ✔[0m[90m Should make a successful getNftLockAddress call[0m[33m (46ms)[0m
    [32m  ✔[0m[90m should handle errors in getNftLockAddress[0m[33m (45ms)[0m
[0m    getErc20TokenAddress[0m
    [32m  ✔[0m[90m Should make a successful getErc20TokenAddress call[0m[33m (46ms)[0m
    [32m  ✔[0m[90m should handle errors in getErc20TokenAddress[0m[33m (45ms)[0m
[0m    getMinDeposit[0m
    [32m  ✔[0m[90m Should make a successful getMinDeposit call[0m[33m (43ms)[0m
    [32m  ✔[0m[90m should handle errors in getMinDeposit[0m[33m (46ms)[0m
[0m    getMinLock[0m
    [32m  ✔[0m[90m Should make a successful getMinLock call[0m[33m (43ms)[0m
    [32m  ✔[0m[90m should handle errors in getMinLock[0m[33m (46ms)[0m
[0m    getCooldown[0m
    [32m  ✔[0m[90m Should make a successful getCooldown call[0m[33m (46ms)[0m
    [32m  ✔[0m[90m should handle errors in getCooldown[0m[33m (45ms)[0m
[0m    getMaxTime[0m
    [32m  ✔[0m[90m Should make a successful getMaxTime call[0m[33m (45ms)[0m
    [32m  ✔[0m[90m should handle errors in getMaxTime[0m[33m (45ms)[0m
[0m    getSettingFromCoefficients[0m
    [32m  ✔[0m[90m Should make a successful getSettingFromCoefficients call[0m[33m (46ms)[0m
    [32m  ✔[0m[90m should handle errors in getSettingFromCoefficients[0m[33m (45ms)[0m

[0m  Helpers: GovernanceErc20[0m
[0m    getPastVotes[0m
    [32m  ✔[0m[90m should get getAverageBlockTime[0m
    [32m  ✔[0m[90m should get getPastVotes successfully with BlockNumber clock mode[0m[33m (41ms)[0m
    [32m  ✔[0m[90m should get getPastVotes successfully with Timestamp clock mode[0m[31m (94ms)[0m
    [32m  ✔[0m[90m should call fallback when getPastVotes returns 0[0m[33m (45ms)[0m
    [32m  ✔[0m[90m should handle errors in getPastVotes and return fallback value[0m[33m (45ms)[0m
    [32m  ✔[0m[90m should handle getPastVotesForFallback with retries[0m
    [32m  ✔[0m[90m should return 0 when all retries fail in getPastVotesForFallback[0m
[0m    getVotes[0m
    [32m  ✔[0m[90m Should make a successful getVotes call[0m
    [32m  ✔[0m[90m should handle errors in getVotes[0m[33m (45ms)[0m
[0m    getPastTotalSupply[0m
    [32m  ✔[0m[90m Should make a successful getPastTotalSupply call[0m[33m (45ms)[0m
    [32m  ✔[0m[90m should handle errors in getPastTotalSupply[0m[33m (44ms)[0m
    [32m  ✔[0m[90m should get historical total supply when clock mode is passed with timestamp[0m[33m (45ms)[0m
[0m    getDelegates[0m
    [32m  ✔[0m[90m should return a delegate when the call is successful[0m[33m (45ms)[0m
    [32m  ✔[0m[90m should return null when getDelegates fails[0m[33m (46ms)[0m
[0m    getClockMode[0m
    [32m  ✔[0m[90m Should return BlockNumber when CLOCK_MODE returns blocknumber string[0m[33m (44ms)[0m
    [32m  ✔[0m[90m should return default BlockNumber when CLOCK_MODE fails[0m[33m (45ms)[0m
    [32m  ✔[0m[90m should return Timestamp when CLOCK_MODE returns timestamp string[0m[33m (46ms)[0m
    [32m  ✔[0m[90m should return BlockNumber when CLOCK_MODE returns null/undefined[0m[33m (44ms)[0m

[0m  Helpers: Gauge[0m
[0m    getTokenAddress[0m
    [32m  ✔[0m[90m should return the lock token address when escrowAddress is found[0m
    [32m  ✔[0m[90m should return null when escrowAddress is not found[0m
    [32m  ✔[0m[90m should return null and handle errors gracefully[0m

[0m  Helpers: FetchRetry[0m
  [32m  ✔[0m[90m should succeed on the first attempt[0m
  [32m  ✔[0m[90m should succeed on a subsequent attempt[0m
  [32m  ✔[0m[90m should throw an error after all attempts fail[0m
  [32m  ✔[0m[90m should timeout if the action does not complete in time[0m[31m (406ms)[0m
  [32m  ✔[0m[90m should handle retries mixed with a timeout[0m[31m (103ms)[0m
  [32m  ✔[0m[90m should use custom retry options correctly[0m

[0m  Helpers: Etherscan[0m
  [32m  ✔[0m[90m axiosInstance[0m
[0m    _rpCall[0m
    [32m  ✔[0m[90m Should make a successful _rpCall[0m
    [32m  ✔[0m[90m Should handle errors in _rpCall[0m
[0m    fetchAllTransactions[0m
    [32m  ✔[0m[90m should fetch all transactions successfully[0m
    [32m  ✔[0m[90m should handle errors when fetching all transactions fails[0m
[0m    fetchContractSourceCode[0m
    [32m  ✔[0m[90m should fetch contract source code successfully[0m
    [32m  ✔[0m[90m should return null if the network is not configured[0m
    [32m  ✔[0m[90m should handle errors when fetching contract source code fails[0m
[0m    getTokenMetrics[0m
    [32m  ✔[0m[90m should fetch getTokenMetrics[0m
    [32m  ✔[0m[90m should handle errors when fetching getTokenMetrics[0m
    [32m  ✔[0m[90m should return "0" when the API response is invalid or status is not "1"[0m
    [32m  ✔[0m[90m should return "0" when the API call throws an error[0m
[0m    fetchContractCreation[0m
    [32m  ✔[0m[90m should fetch contract creation successfully[0m
    [32m  ✔[0m[90m should return an empty array if the network is not configured[0m
    [32m  ✔[0m[90m should handle errors when fetching contract creation fails[0m

[0m  Helpers:Errors[0m
  [32m  ✔[0m[90m Throw error[0m
  [32m  ✔[0m[90m assert error[0m
  [32m  ✔[0m[90m Assert true[0m
  [32m  ✔[0m[90m Should handle unknown error code in throwExposable[0m
  [32m  ✔[0m[90m Should cast a standard error to an exposable error[0m
  [32m  ✔[0m[90m calls throwExposable with exposeCustom_ property[0m
  [32m  ✔[0m[90m Should handle entity too large error from body parser[0m
  [32m  ✔[0m[90m Should handle other errors from body parser as bad parameters[0m
[0m    assertExposable function[0m
    [32m  ✔[0m[90m does not throw an error when the condition is true[0m
    [32m  ✔[0m[90m throws an exposable error with correct properties when the condition is false[0m

[0m  Helpers: ENS[0m
  [32m  ✔[0m[90m should getEnsWithUniversalResolver[0m
  [32m  ✔[0m[90m should fail[0m[33m (48ms)[0m
  [32m  ✔[0m[90m should _addressToPacket correctly convert address to packet[0m
[0m    _addressToPacket[0m
    [32m  ✔[0m[90m should return a single element Uint8Array when the address is empty[0m
    [32m  ✔[0m[90m should call hexlify(keccak256(encoded)) when encoded length exceeds 255[0m
    [32m  ✔[0m[90m should return a correctly sliced array when bytes length does not match offset + 1[0m
[0m    getDaoEns[0m
    [32m  ✔[0m[90m should return null when subdomain is null[0m
    [32m  ✔[0m[90m should return null when getDaoEthSubdomain returns null[0m
    [32m  ✔[0m[90m should return null when address is not owner of subdomain[0m
    [32m  ✔[0m[90m should return subdomain when address is owner of subdomain[0m
[0m    _namehash[0m
    [32m  ✔[0m[90m should correctly hash domain names[0m
[0m    _stringToBytes[0m
    [32m  ✔[0m[90m should correctly convert string to bytes[0m
[0m    getDaoEthSubdomain[0m
    [32m  ✔[0m[90m should return null when subdomain owner is zero address[0m
    [32m  ✔[0m[90m should return subdomain when owner is not zero address[0m
    [32m  ✔[0m[90m should throw if the owner call is rejected[0m
[0m    isAddressOwnerOfSubdomain[0m
    [32m  ✔[0m[90m should return true when address is the direct owner of the subdomain[0m
    [32m  ✔[0m[90m should return true when address is the resolved address but not the owner[0m
    [32m  ✔[0m[90m should return false when address is neither the owner nor the resolved address[0m
    [32m  ✔[0m[90m should return false when resolver is zero address[0m
    [32m  ✔[0m[90m should handle errors when checking resolver address[0m
    [32m  ✔[0m[90m should handle errors when checking owner[0m

[0m  Helpers: Device[0m
  [32m  ✔[0m[90m should log error empty user agent data[0m
  [32m  ✔[0m[90m should get user agent data mobile[0m
  [32m  ✔[0m[90m should get user agent data web[0m

[0m  Helpers: DecodeActions[0m
  [32m  ✔[0m[90m Should decodeData with fallback[0m
  [32m  ✔[0m[90m Should fail decodeData[0m[33m (74ms)[0m
  [32m  ✔[0m[90m should partially decode from fallback and not with base contract netspec[0m
[0m    decodeData[0m
    [32m  ✔[0m[90m Should decodeData[0m
[0m    decodeTransfer[0m
    [32m  ✔[0m[90m Should decodeTransfer[0m
    [32m  ✔[0m[90m Should decodeTransfer when the reciever is wallet[0m
    [32m  ✔[0m[90m Should not decodeData if not native[0m
[0m    _decodeWithAbi[0m
    [32m  ✔[0m[90m should decode data using the provided ABI[0m
    [32m  ✔[0m[90m should return null if no matching ABI is found[0m
    [32m  ✔[0m[90m should return null if decoding fails[0m
[0m    _decodeFallback[0m
    [32m  ✔[0m[90m should decode data using FourByte fallback[0m
    [32m  ✔[0m[90m should return null if fail to decode[0m
    [32m  ✔[0m[90m should return null if no signatures are found[0m
    [32m  ✔[0m[90m should return null if fail to getSignatures[0m
[0m    _getSignaturesFromAbi[0m
    [32m  ✔[0m[90m should correctly extract signatures from ABI[0m
    [32m  ✔[0m[90m should skip view and pure functions[0m
    [32m  ✔[0m[90m should handle invalid type[0m
    [32m  ✔[0m[90m should handle error[0m
[0m    _setupSignatures[0m
    [32m  ✔[0m[90m should set up signatures correctly[0m
[0m    _getFunctionFragment[0m
    [32m  ✔[0m[90m should return the correct function fragment for a valid function selector[0m
    [32m  ✔[0m[90m should return undefined for an invalid function selector[0m
[0m    parseContractNetspec[0m
    [32m  ✔[0m[90m should return the correct contract netspec[0m
    [32m  ✔[0m[90m should return null if no contract netspec is found[0m
[0m    decodeAction[0m
    [32m  ✔[0m[90m should _parseTokenVotingSettingUpdateAction[0m
    [32m  ✔[0m[90m should fails when the signature is not matched for _parseTokenVotingSettingUpdateAction[0m
    [32m  ✔[0m[90m should parse the multisign settings[0m
    [32m  ✔[0m[90m should fails when the signature is not matched for multisign settings[0m
    [32m  ✔[0m[90m _parseTransferAction[0m
    [32m  ✔[0m[90m should return null when the signature is not correct for transfer[0m
    [32m  ✔[0m[90m should parse the transfer when the action is transferFrom[0m
    [32m  ✔[0m[90m should parse the transfer when the action is safeTransfer From[0m
    [32m  ✔[0m[90m should return null when the signature is not correct for add multisig[0m
    [32m  ✔[0m[90m _parse add multisig action[0m
    [32m  ✔[0m[90m should return null when the signature is not correct for remove multisig[0m
    [32m  ✔[0m[90m should parse _removeMemberAction[0m
    [32m  ✔[0m[90m should return null when the signature is not correct for mint[0m
    [32m  ✔[0m[90m should parse _mintAction[0m
    [32m  ✔[0m[90m should return not proper info when the token is not exist on-chain[0m
    [32m  ✔[0m[90m should retunr null if the signature is not correct for updateDaoMetadata[0m
    [32m  ✔[0m[90m should parse _parseUpdateDaoMetadata[0m
    [32m  ✔[0m[90m should return null if the hash is not correct when updating medatadata in dao[0m
    [32m  ✔[0m[90m should return null if the ipfs content is not valid[0m
    [32m  ✔[0m[90m should return null if the metadata is not valid[0m
    [32m  ✔[0m[90m should return null when parsing if the metadata is not for existing plugin and doo[0m
    [32m  ✔[0m[90m should return null when parsing if the metadata is not for existing plugin and doo[0m
[0m    _parseStageUpdatedOnSppAction[0m
    [32m  ✔[0m[90m should return parsed stages and existing stages when decodedData matches KnownActionSignature.StagesUpdated[0m
    [32m  ✔[0m[90m should return null if decodedData does not match KnownActionSignature.StagesUpdated[0m
    [32m  ✔[0m[90m should handle errors and return an empty stages array[0m

[0m  Model:Utils: dbOperations[0m
[0m    create document[0m
    [32m  ✔[0m[90m should create a new database document[0m
    [32m  ✔[0m[90m should fail to create a new database document[0m
[0m    update document[0m
    [32m  ✔[0m[90m should update a database document[0m
    [36m  - should fail to update a database document[0m

[0m  Helpers: Covalent[0m
  [32m  ✔[0m[90m networksMap[0m
[0m    _rpCall[0m
    [32m  ✔[0m[90m Should _rpCall[0m
    [32m  ✔[0m[90m Should handle errors in _rpCall[0m[33m (46ms)[0m
[0m    getToken[0m
    [32m  ✔[0m[90m should getToken[0m
    [32m  ✔[0m[90m should getToken with zeroAddress[0m
    [32m  ✔[0m[90m should fail getToken[0m
[0m    getTokenBalance[0m
    [32m  ✔[0m[90m should getTokenBalance[0m
    [32m  ✔[0m[90m should fail getTokenBalance[0m
[0m    networkFromCovalent[0m
    [32m  ✔[0m[90m should return the correct network enum for a valid Covalent network string[0m
    [32m  ✔[0m[90m should return undefined for an invalid Covalent network string[0m
[0m    getTokenType[0m
    [32m  ✔[0m[90m should return ITokenType.native if no ERC support is indicated[0m
    [32m  ✔[0m[90m should return ITokenType.ERC20 if token supports ERC20[0m
    [32m  ✔[0m[90m should return ITokenType.ERC721 if token supports ERC721 and not ERC20[0m
[0m    getTokenTotalSupply[0m
    [32m  ✔[0m[90m should get token supply[0m
    [32m  ✔[0m[90m should fail to get token supply[0m
[0m    getTokenTotalHolders[0m
    [32m  ✔[0m[90m should get token holders[0m

[0m  Modules:ContractNetspec[0m
  [32m  ✔[0m[90m should try parsing [0m
  [32m  ✔[0m[90m should fetch the contract code for real[0m

[0m  Helpers: BlockScout[0m
  [32m  ✔[0m[90m parseTokenType[0m
  [32m  ✔[0m[90m should get axios instance[0m
[0m    _rpCall[0m
    [32m  ✔[0m[90m should return null if network is not configured[0m
    [32m  ✔[0m[90m Should make a successful _rpCall[0m
    [32m  ✔[0m[90m Should handle errors in _rpCall[0m[31m (1999ms)[0m
[0m    getTokenFullDetails[0m
    [32m  ✔[0m[90m Should get token full details[0m
    [32m  ✔[0m[90m should parse when token type is ERC-721[0m
    [32m  ✔[0m[90m should parse when token type is ERC20[0m
    [32m  ✔[0m[90m should parse when token type is ERC1155[0m
    [32m  ✔[0m[90m should handle errors in getTokenFullDetails[0m
[0m    getTokenCounters[0m
    [32m  ✔[0m[90m Should get token counters[0m
    [32m  ✔[0m[90m should handle errors in getTokenCounters[0m
[0m    searchDetails[0m
    [32m  ✔[0m[90m Should search details of token or symbol[0m
    [32m  ✔[0m[90m should handle errors in searchDetails[0m
[0m    getContractSourceCode[0m
    [32m  ✔[0m[90m Should get contract source code (happy path)[0m
    [32m  ✔[0m[90m should handle errors in getContractSourceCode[0m
    [32m  ✔[0m[90m should call searchDetails and re-fetch if the initial source_code is null and the contract is verified[0m
    [32m  ✔[0m[90m should return null if search indicates no verified contract[0m
[0m    getContractProxyDetails[0m
    [32m  ✔[0m[90m Should get contract proxy details[0m
    [32m  ✔[0m[90m should return proxy null if the contract does not have implementations[0m
    [32m  ✔[0m[90m should handle errors in getContractProxyDetails[0m
[0m    getTransactionOfAnAddress[0m
    [32m  ✔[0m[90m Should get transaction of an address[0m
    [32m  ✔[0m[90m should handle errors in getTransactionOfAnAddress[0m
[0m    getAllTokenHolders[0m
    [32m  ✔[0m[90m should fetch token holders successfully[0m
    [32m  ✔[0m[90m should use callback function with page info when provided[0m
    [32m  ✔[0m[90m should respect the startPage parameter[0m
[0m    getTokenHoldersPage[0m
    [32m  ✔[0m[90m should fetch a single page of token holders[0m
    [32m  ✔[0m[90m should handle empty results[0m[31m (1997ms)[0m
    [32m  ✔[0m[90m should handle API errors[0m[31m (1989ms)[0m
[0m    _fetchERC20Transfers[0m
    [32m  ✔[0m[90m should fetch ERC20 transfers successfully[0m
    [32m  ✔[0m[90m should filter out scam transfers[0m
    [32m  ✔[0m[90m should handle pagination[0m
    [32m  ✔[0m[90m should handle errors gracefully[0m
[0m    _fetchTxList[0m
    [32m  ✔[0m[90m should fetch ETH transactions successfully[0m
    [32m  ✔[0m[90m should filter out zero value transactions[0m
    [32m  ✔[0m[90m should handle errors gracefully[0m
[0m    _fetchInternalTxs[0m
    [32m  ✔[0m[90m should fetch internal transactions successfully[0m
    [32m  ✔[0m[90m should filter out non-call type transactions[0m
    [32m  ✔[0m[90m should handle errors gracefully[0m
[0m    getTokenBalances[0m
    [32m  ✔[0m[90m should fetch token balances successfully[0m
    [32m  ✔[0m[90m should filter out zero balance tokens[0m
    [32m  ✔[0m[90m should handle pagination[0m
    [32m  ✔[0m[90m should handle empty results[0m
    [32m  ✔[0m[90m should handle ERC-721 and ERC-1155 tokens[0m
    [32m  ✔[0m[90m should handle errors gracefully[0m
    [32m  ✔[0m[90m should include correct API parameters[0m

[0m  Helpers: AnkrHelper[0m
[0m    ankrNetworkMap[0m
    [32m  ✔[0m[90m should have correct network mappings[0m
[0m    _constructUrl[0m
    [32m  ✔[0m[90m should construct URLs correctly for supported networks[0m
    [32m  ✔[0m[90m should return null for unsupported networks[0m
    [32m  ✔[0m[90m should handle different networks correctly[0m
[0m    _rpcCall[0m
    [32m  ✔[0m[90m should make successful RPC call[0m
    [32m  ✔[0m[90m should handle axios errors[0m
    [32m  ✔[0m[90m should include correct request body structure[0m
[0m    getTokenHoldersCount[0m
    [32m  ✔[0m[90m should get token holders count successfully[0m
    [32m  ✔[0m[90m should return null when network mapping not found[0m
    [32m  ✔[0m[90m should return null when API response is invalid[0m
    [32m  ✔[0m[90m should return null when RPC call returns null[0m
    [32m  ✔[0m[90m should handle errors in getTokenHoldersCount[0m
    [32m  ✔[0m[90m should handle multiple holder count history entries[0m
    [32m  ✔[0m[90m should handle zero holder count[0m
    [32m  ✔[0m[90m should work with different networks[0m

[0m  Helpers:AlchemyHelper[0m
[0m    handleAlchemyCrazyBalance[0m
    [32m  ✔[0m[90m handleAlchemyCrazyBalance[0m
    [32m  ✔[0m[90m should handle error for scientific notation with toLocaleString[0m
    [32m  ✔[0m[90m should log an error when amount is a string without "0x"[0m
    [32m  ✔[0m[90m should not log an error when amount includes "0x"[0m
    [32m  ✔[0m[90m should not log an error when amount is not a string[0m
    [32m  ✔[0m[90m should handle undefined amount gracefully without logging an error[0m

[0m  Modules:4Byte[0m
[0m    _rpCall[0m
    [32m  ✔[0m[90m should handle the request successfully[0m
    [32m  ✔[0m[90m should throw an error when the request fails[0m[33m (50ms)[0m
[0m    getSignatures[0m
    [32m  ✔[0m[90m should return signature when the request is successful[0m
    [32m  ✔[0m[90m should handle errors gracefully[0m

[0m  Helpers: 2FA[0m
[0m    generateSecret[0m
    [32m  ✔[0m[90m should generate a secret with default length[0m
    [32m  ✔[0m[90m should generate a secret with a custom length[0m
[0m    verifyTOTP[0m
    [32m  ✔[0m[90m should return true for a valid TOTP token[0m
    [32m  ✔[0m[90m should return false for an invalid TOTP token[0m
    [32m  ✔[0m[90m should use the default encoding (base32) when not provided[0m

[0m  AragonRates: index[0m
2025-07-21T10:17:05.173Z [[32minfo[39m] RatesService service sync start
Detail : {
  "service": "service:RatesService",
  "environment": "development",
  "tags": [
    "aragon-api"
  ]
}
2025-07-21T10:17:05.173Z [[32minfo[39m] RatesService service sync end
Detail : {
  "service": "service:RatesService",
  "environment": "development",
  "tags": [
    "aragon-api"
  ]
}
2025-07-21T10:17:05.275Z [[32minfo[39m] RatesService service stopped
Detail : {
  "service": "service:RatesService",
  "environment": "development",
  "tags": [
    "aragon-api"
  ]
}
  [32m  ✔[0m[90m Should start, schedule tasks, and stop[0m[31m (103ms)[0m
2025-07-21T10:17:05.280Z [[32minfo[39m] RatesService service sync start
Detail : {
  "service": "service:RatesService",
  "environment": "development",
  "tags": [
    "aragon-api"
  ]
}
2025-07-21T10:17:05.281Z [[32minfo[39m] RatesService service sync end
Detail : {
  "service": "service:RatesService",
  "environment": "development",
  "tags": [
    "aragon-api"
  ]
}
  [32m  ✔[0m[90m Should handle errors and call onError[0m

[0m  AragonRates: FetchRates[0m
[0m    start[0m
    [32m  ✔[0m[90m should start the FetchRates[0m
    [32m  ✔[0m[90m should error the FetchRates[0m
2025-07-21T10:17:05.304Z [[36mverbose[39m] Start FetchRates
Detail : {
  "service": "rates:FetchRates",
  "startTime": 1753093025304,
  "environment": "development",
  "tags": [
    "aragon-api"
  ]
}
2025-07-21T10:17:05.313Z [[36mverbose[39m] End FetchRates and dao metrics
Detail : {
  "service": "rates:FetchRates",
  "lastTimeSyncMainnet": "2025-07-21T10:17:05.296Z",
  "lastTimeSyncTestnet": {
    "nbSuccess": 0,
    "nbError": 0,
    "nbTotal": 0,
    "lastCreatedAt": null
  },
  "duration": "9ms",
  "environment": "development",
  "tags": [
    "aragon-api"
  ]
}
    [32m  ✔[0m[90m should query and update the token[0m
[0m    onMainnetDocument[0m
    [32m  ✔[0m[90m should return early if fetchTokenPrice returns null[0m
    [32m  ✔[0m[90m should return early if fetchTokenHolderAndSupply returns null[0m
    [32m  ✔[0m[90m should return early if token data is identical to fetched update[0m
    [32m  ✔[0m[90m should update token with skipFetchRate if shouldSkipFetch returns true[0m
    [32m  ✔[0m[90m should update token with fetched data when shouldSkipFetch returns false[0m
    [32m  ✔[0m[90m should log error when an exception occurs[0m
[0m    onTestnetDocument[0m
    [32m  ✔[0m[90m should return early if fetchTokenHolderAndSupply returns null[0m
    [32m  ✔[0m[90m should return early if totalHolders is missing[0m
    [32m  ✔[0m[90m should return early if totalSupply is missing[0m
    [32m  ✔[0m[90m should return early if token data is identical to fetched update[0m
    [32m  ✔[0m[90m should update token with fetched data[0m
    [32m  ✔[0m[90m should log error when an exception occurs[0m
[0m    updateDaoMetrics[0m
    [32m  ✔[0m[90m should update dao metrics[0m
    [32m  ✔[0m[90m should error the dao metrics update[0m
    [32m  ✔[0m[90m should handle the aggregation query and handle the crawler[0m
    [32m  ✔[0m[90m should handle the onDaoDocument[0m
    [32m  ✔[0m[90m should replicate the crawler[0m

[0m  AragonPlugins: TokenHolderSync[0m
[0m    getTagName[0m
    [32m  ✔[0m[90m should return correct tag name for default type[0m
    [32m  ✔[0m[90m should return correct tag name with suffix for non-default types[0m
[0m    isTokenNotEligibleForSync[0m
    [32m  ✔[0m[90m should return false if token is not a custom token[0m
    [32m  ✔[0m[90m should return false if default tag already exists[0m
    [32m  ✔[0m[90m should return false if token holder count is below threshold[0m
    [32m  ✔[0m[90m should return true if token holder count is above threshold[0m
[0m    syncAllTokenHolders[0m
    [32m  ✔[0m[90m should skip sync if it was already completed[0m
    [32m  ✔[0m[90m should call getAllTokenHolders with correct parameters[0m
    [32m  ✔[0m[90m should process holder with non-zero balance correctly[0m
    [32m  ✔[0m[90m should skip holder with zero balance[0m
    [32m  ✔[0m[90m should handle missing member or balance gracefully[0m
[0m    syncDelegationEvents[0m
    [32m  ✔[0m[90m should create and call crawler for delegation events with correct parameters[0m
[0m    syncTransfersEvents[0m
    [32m  ✔[0m[90m should create and call crawler for transfer events with correct parameters[0m
[0m    convertToStandardSync[0m
    [32m  ✔[0m[90m should convert optimized sync tags to standard sync[0m
    [32m  ✔[0m[90m should use plugin block number when no sync tags exist[0m
[0m    _getGovernanceLogConfigsByName[0m
    [32m  ✔[0m[90m should filter config logs by event name[0m

[0m  AragonPlugins: LogTokenVoting[0m
[0m    start[0m
    [32m  ✔[0m[90m should start veGovernance flow for escrowAdapter token type[0m
    [32m  ✔[0m[90m should start erc20Governance flow for ERC20 token type[0m
    [32m  ✔[0m[90m should pass isHistorical flag to crawlers[0m
[0m    erc20Governance[0m
    [32m  ✔[0m[90m should handle standard flow when token is eligible for sync[0m
    [32m  ✔[0m[90m should skip sync for large tokens when IGNORE_TRANSFER is enabled[0m
    [32m  ✔[0m[90m should use delegation-only sync when token is not eligible but IGNORE_TRANSFER is false[0m
    [32m  ✔[0m[90m should handle errors during plugin crawling[0m
    [32m  ✔[0m[90m should handle errors during token crawling[0m
[0m    veGovernance[0m
    [32m  ✔[0m[90m should handle veGovernance path with proper crawlers[0m
    [32m  ✔[0m[90m should handle errors from veGovernance crawlers[0m
    [32m  ✔[0m[90m should pass isHistorical flag to veGovernance crawlers[0m
[0m    processError[0m
    [32m  ✔[0m[90m should log error with complete details[0m
    [32m  ✔[0m[90m should handle processError with string error[0m

[0m  AragonPlugins: LogMultiSig[0m
[0m    start[0m
    [32m  ✔[0m[90m should start the LogDao[0m
2025-07-21T10:17:05.615Z [[36mverbose[39m] Start LogSpp
Detail : {
  "service": "service:indexer:LogSpp",
  "network": "ethereum-sepolia",
  "pluginAddress": "0x123",
  "environment": "development",
  "tags": [
    "aragon-api"
  ]
}
2025-07-21T10:17:05.615Z [[36mverbose[39m] End LogSpp
Detail : {
  "service": "service:indexer:LogSpp",
  "network": "ethereum-sepolia",
  "latestBlockSync": 0,
  "environment": "development",
  "tags": [
    "aragon-api"
  ]
}
    [32m  ✔[0m[90m should handle errors during crawling[0m
    [32m  ✔[0m[90m should process error[0m

[0m  AragonPlugins: LogSelectorPermission[0m
[0m    start[0m
    [32m  ✔[0m[90m should start the LogSelectorPermission[0m
    [32m  ✔[0m[90m should use plugin blockNumber as fallback if contract creation not found[0m
2025-07-21T10:17:05.627Z [[36mverbose[39m] Start LogSelectorPermission
Detail : {
  "service": "service:indexer:LogSelectorPermission",
  "network": "ethereum-sepolia",
  "address": "0x123",
  "conditionAddress": "0x456",
  "environment": "development",
  "tags": [
    "aragon-api"
  ]
}
2025-07-21T10:17:05.627Z [[36mverbose[39m] End SelectorPermission
Detail : {
  "service": "service:indexer:LogSelectorPermission",
  "network": "ethereum-sepolia",
  "latestBlockSync": 0,
  "environment": "development",
  "tags": [
    "aragon-api"
  ]
}
    [32m  ✔[0m[90m should handle errors during crawling[0m
    [32m  ✔[0m[90m should initialize crawler with correct configuration[0m
    [32m  ✔[0m[90m should filter and use only selector permission events[0m
[0m    processError[0m
    [32m  ✔[0m[90m should log an error when processError is called[0m
    [32m  ✔[0m[90m should include plugin and log details in error message[0m

[0m  AragonPlugins: LogMultiSig[0m
[0m    start[0m
    [32m  ✔[0m[90m should start the LogDao[0m
2025-07-21T10:17:05.647Z [[36mverbose[39m] Start LogMultiSig
Detail : {
  "service": "service:indexer:LogMultiSig",
  "network": "ethereum-sepolia",
  "environment": "development",
  "tags": [
    "aragon-api"
  ]
}
2025-07-21T10:17:05.647Z [[36mverbose[39m] End LogMultiSig
Detail : {
  "service": "service:indexer:LogMultiSig",
  "network": "ethereum-sepolia",
  "latestBlockSync": 0,
  "environment": "development",
  "tags": [
    "aragon-api"
  ]
}
    [32m  ✔[0m[90m should handle errors during crawling[0m
    [32m  ✔[0m[90m should process error[0m

[0m  AragonPlugins: LogGauge[0m
[0m    start[0m
    [32m  ✔[0m[90m should start the LogGauge and process logs successfully[0m
2025-07-21T10:17:05.657Z [[36mverbose[39m] Start LogGauge
Detail : {
  "service": "service:indexer:LogGauge",
  "network": "ethereum-sepolia",
  "pluginAddress": "0x123",
  "environment": "development",
  "tags": [
    "aragon-api"
  ]
}
2025-07-21T10:17:05.657Z [[36mverbose[39m] End LogGauge
Detail : {
  "service": "service:indexer:LogGauge",
  "network": "ethereum-sepolia",
  "latestBlockSync": 0,
  "environment": "development",
  "tags": [
    "aragon-api"
  ]
}
    [32m  ✔[0m[90m should handle errors during crawling[0m
[0m    processError[0m
    [32m  ✔[0m[90m should log an error when processError is called[0m

[0m  AragonPlugins: LogDao[0m
[0m    start[0m
    [32m  ✔[0m[90m should start the LogDao[0m
2025-07-21T10:17:05.667Z [[36mverbose[39m] Start LogDao
Detail : {
  "service": "service:indexer:LogDao",
  "network": "ethereum-sepolia",
  "environment": "development",
  "tags": [
    "aragon-api"
  ]
}
2025-07-21T10:17:05.667Z [[36mverbose[39m] End LogDao
Detail : {
  "service": "service:indexer:LogDao",
  "network": "ethereum-sepolia",
  "latestBlockSync": 0,
  "environment": "development",
  "tags": [
    "aragon-api"
  ]
}
    [32m  ✔[0m[90m should handle errors during crawling[0m
    [32m  ✔[0m[90m should process error[0m

[0m  AragonPlugins: LogAdmin[0m
[0m    start[0m
    [32m  ✔[0m[90m should start the LogAdmin[0m
    [32m  ✔[0m[90m should handle errors during crawling[0m
    [32m  ✔[0m[90m should process error[0m
[0m    _syncAdminMember[0m
    [32m  ✔[0m[90m should sync admin member on grant[0m

[0m  AragonPlugins: index[0m
[0m    start[0m
    [32m  ✔[0m[90m should process the logDao queue[0m
    [32m  ✔[0m[90m should process the plugins queue and handle tokenVoting interface type[0m
    [32m  ✔[0m[90m should log an error if plugin is missing[0m
    [32m  ✔[0m[90m should log an error if interfaceType is missing[0m
[0m    stop[0m
    [32m  ✔[0m[90m should log that the service stopped[0m
[0m    logDao queue[0m
2025-07-21T10:17:05.712Z [[32minfo[39m] PluginSyncService service started
Detail : {
  "service": "service:PluginSyncService",
  "environment": "development",
  "tags": [
    "aragon-api"
  ]
}
    [32m  ✔[0m[90m should process logDao queue and call LogDao.start[0m
2025-07-21T10:17:05.717Z [[32minfo[39m] PluginSyncService service started
Detail : {
  "service": "service:PluginSyncService",
  "environment": "development",
  "tags": [
    "aragon-api"
  ]
}
    [32m  ✔[0m[90m should do nothing if DAO is not found[0m
[0m    plugins queue[0m
2025-07-21T10:17:05.723Z [[32minfo[39m] PluginSyncService service started
Detail : {
  "service": "service:PluginSyncService",
  "environment": "development",
  "tags": [
    "aragon-api"
  ]
}
    [32m  ✔[0m[90m should process plugins queue for admin interface type[0m
2025-07-21T10:17:05.729Z [[32minfo[39m] PluginSyncService service started
Detail : {
  "service": "service:PluginSyncService",
  "environment": "development",
  "tags": [
    "aragon-api"
  ]
}
    [32m  ✔[0m[90m should process plugins queue for multisig interface type[0m
2025-07-21T10:17:05.733Z [[32minfo[39m] PluginSyncService service started
Detail : {
  "service": "service:PluginSyncService",
  "environment": "development",
  "tags": [
    "aragon-api"
  ]
}
2025-07-21T10:17:05.733Z [[32minfo[39m] Sync plugin: token is ERC20
Detail : {
  "service": "service:PluginSyncService",
  "environment": "development",
  "tags": [
    "aragon-api"
  ]
}
    [32m  ✔[0m[90m should process plugins queue for tokenVoting ERC20 interface type[0m
2025-07-21T10:17:05.738Z [[32minfo[39m] PluginSyncService service started
Detail : {
  "service": "service:PluginSyncService",
  "environment": "development",
  "tags": [
    "aragon-api"
  ]
}
2025-07-21T10:17:05.738Z [[32minfo[39m] Sync plugin: token is ERC20
Detail : {
  "service": "service:PluginSyncService",
  "environment": "development",
  "tags": [
    "aragon-api"
  ]
}
    [32m  ✔[0m[90m should process plugins queue for tokenVoting EscrowAdapter interface type[0m
2025-07-21T10:17:05.742Z [[32minfo[39m] PluginSyncService service started
Detail : {
  "service": "service:PluginSyncService",
  "environment": "development",
  "tags": [
    "aragon-api"
  ]
}
    [32m  ✔[0m[90m should log a warning if token is not GovernanceERC20 for tokenVoting[0m
2025-07-21T10:17:05.745Z [[32minfo[39m] PluginSyncService service started
Detail : {
  "service": "service:PluginSyncService",
  "environment": "development",
  "tags": [
    "aragon-api"
  ]
}
    [32m  ✔[0m[90m should process plugins queue for spp interface type[0m
2025-07-21T10:17:05.749Z [[32minfo[39m] PluginSyncService service started
Detail : {
  "service": "service:PluginSyncService",
  "environment": "development",
  "tags": [
    "aragon-api"
  ]
}
2025-07-21T10:17:05.749Z [[32minfo[39m] Sync plugin: token is ERC721
Detail : {
  "service": "service:PluginSyncService",
  "environment": "development",
  "tags": [
    "aragon-api"
  ]
}
    [32m  ✔[0m[90m should process plugins queue for gauge interface type[0m
2025-07-21T10:17:05.752Z [[32minfo[39m] PluginSyncService service started
Detail : {
  "service": "service:PluginSyncService",
  "environment": "development",
  "tags": [
    "aragon-api"
  ]
}
    [32m  ✔[0m[90m should log a warning if token is not ERC721 for gauge interface type[0m
2025-07-21T10:17:05.756Z [[32minfo[39m] PluginSyncService service started
Detail : {
  "service": "service:PluginSyncService",
  "environment": "development",
  "tags": [
    "aragon-api"
  ]
}
    [32m  ✔[0m[90m should log an error if plugin is missing[0m
2025-07-21T10:17:05.759Z [[32minfo[39m] PluginSyncService service started
Detail : {
  "service": "service:PluginSyncService",
  "environment": "development",
  "tags": [
    "aragon-api"
  ]
}
    [32m  ✔[0m[90m should log an error if interfaceType is missing[0m
2025-07-21T10:17:05.762Z [[32minfo[39m] PluginSyncService service started
Detail : {
  "service": "service:PluginSyncService",
  "environment": "development",
  "tags": [
    "aragon-api"
  ]
}
    [32m  ✔[0m[90m should log an error if interfaceType is not supported[0m
[0m    logSelectorPermission queue[0m
    [32m  ✔[0m[90m should process logSelectorPermission queue and call LogSelectorPermission.start[0m
    [32m  ✔[0m[90m should log an error if plugin is not found for logSelectorPermission queue[0m
    [32m  ✔[0m[90m should handle logSelectorPermission queue with all required parameters[0m

[0m  AragonIndexer: SyncAll[0m
[0m    start[0m
    [32m  ✔[0m[90m should start the synchronization process for all supported networks[0m
    [32m  ✔[0m[90m should skip processing if block number cannot be retrieved[0m
    [32m  ✔[0m[90m should error the sync all[0m
[0m    onDocument[0m
    [32m  ✔[0m[90m should send a message to the queue if below the limit[0m
    [32m  ✔[0m[90m should retry sending a message when the queue is full[0m
    [32m  ✔[0m[90m should log an error and retry when unable to get message count[0m
    [32m  ✔[0m[90m should handle the aggregation query and handle the crawler[0m

[0m  AragonIndexer: LogTokenVoting[0m
[0m    start token voting blockchain crawler[0m
    [32m  ✔[0m[90m should start the token voting events log crawler[0m

[0m  AragonIndexer: LogMultiSig[0m
[0m    start indexer[0m
    [32m  ✔[0m[90m should start the multi-sig events log crawler[0m

[0m  AragonIndexer: index[0m
[0m    start[0m
    [32m  ✔[0m[90m should start the indexer service and execute historical crawlers[0m
2025-07-21T10:17:05.820Z [[32minfo[39m] IndexerService historical started
Detail : {
  "service": "service:IndexerService",
  "environment": "development",
  "tags": [
    "aragon-api"
  ]
}
2025-07-21T10:17:05.820Z [[32minfo[39m] Custom install is disabled
Detail : {
  "environment": "development",
  "tags": [
    "aragon-api"
  ]
}
2025-07-21T10:17:05.821Z [[32minfo[39m] HistoricalCrawler start
Detail : {
  "service": "service:IndexerService",
  "networkName": "ethereum-mainnet",
  "environment": "development",
  "tags": [
    "aragon-api"
  ]
}
2025-07-21T10:17:05.821Z [[32minfo[39m] HistoricalCrawler end
Detail : {
  "service": "service:IndexerService",
  "networkName": "ethereum-mainnet",
  "environment": "development",
  "tags": [
    "aragon-api"
  ]
}
2025-07-21T10:17:05.821Z [[32minfo[39m] Sync all metrics start
Detail : {
  "service": "service:IndexerService",
  "networkName": "ethereum-mainnet",
  "environment": "development",
  "tags": [
    "aragon-api"
  ]
}
2025-07-21T10:17:05.821Z [[32minfo[39m] PoolingCrawler start
Detail : {
  "service": "service:IndexerService",
  "networkName": "ethereum-mainnet",
  "environment": "development",
  "tags": [
    "aragon-api"
  ]
}
2025-07-21T10:17:05.821Z [[32minfo[39m] Sync all plugins start
Detail : {
  "service": "service:IndexerService",
  "environment": "development",
  "tags": [
    "aragon-api"
  ]
}
    [32m  ✔[0m[90m should log an error when sync all plugins fails[0m
[0m    stop[0m
    [32m  ✔[0m[90m should stop the indexer service[0m
[0m    historical crawlers[0m
2025-07-21T10:17:05.828Z [[32minfo[39m] IndexerService historical started
Detail : {
  "service": "service:IndexerService",
  "environment": "development",
  "tags": [
    "aragon-api"
  ]
}
2025-07-21T10:17:05.829Z [[32minfo[39m] HistoricalCrawler start
Detail : {
  "service": "service:IndexerService",
  "networkName": "ethereum-mainnet",
  "environment": "development",
  "tags": [
    "aragon-api"
  ]
}
2025-07-21T10:17:05.829Z [[32minfo[39m] HistoricalCrawler end
Detail : {
  "service": "service:IndexerService",
  "networkName": "ethereum-mainnet",
  "environment": "development",
  "tags": [
    "aragon-api"
  ]
}
2025-07-21T10:17:05.829Z [[32minfo[39m] Sync all metrics start
Detail : {
  "service": "service:IndexerService",
  "networkName": "ethereum-mainnet",
  "environment": "development",
  "tags": [
    "aragon-api"
  ]
}
2025-07-21T10:17:05.829Z [[32minfo[39m] PoolingCrawler start
Detail : {
  "service": "service:IndexerService",
  "networkName": "ethereum-mainnet",
  "environment": "development",
  "tags": [
    "aragon-api"
  ]
}
    [32m  ✔[0m[90m should execute crawlers for historical logs[0m[33m (52ms)[0m
2025-07-21T10:17:05.880Z [[32minfo[39m] indexer-ethereum-mainnet task stopped
Detail : {
  "service": "service:TaskScheduler",
  "environment": "development",
  "tags": [
    "aragon-api"
  ]
}
[0m    re-sync plugins[0m
2025-07-21T10:17:05.887Z [[32minfo[39m] IndexerService historical started
Detail : {
  "service": "service:IndexerService",
  "environment": "development",
  "tags": [
    "aragon-api"
  ]
}
2025-07-21T10:17:05.888Z [[32minfo[39m] HistoricalCrawler start
Detail : {
  "service": "service:IndexerService",
  "networkName": "ethereum-mainnet",
  "environment": "development",
  "tags": [
    "aragon-api"
  ]
}
2025-07-21T10:17:05.888Z [[32minfo[39m] HistoricalCrawler end
Detail : {
  "service": "service:IndexerService",
  "networkName": "ethereum-mainnet",
  "environment": "development",
  "tags": [
    "aragon-api"
  ]
}
2025-07-21T10:17:05.888Z [[32minfo[39m] Sync all metrics start
Detail : {
  "service": "service:IndexerService",
  "networkName": "ethereum-mainnet",
  "environment": "development",
  "tags": [
    "aragon-api"
  ]
}
2025-07-21T10:17:05.888Z [[31merror[39m] Error sendMessage
Detail : {
  "service": "helpers:RabbitMQHelper",
  "queueName": "all.metrics",
  "err": {},
  "environment": "development",
  "tags": [
    "aragon-api"
  ]
}
2025-07-21T10:17:05.888Z [[32minfo[39m] PoolingCrawler start
Detail : {
  "service": "service:IndexerService",
  "networkName": "ethereum-mainnet",
  "environment": "development",
  "tags": [
    "aragon-api"
  ]
}
2025-07-21T10:17:05.889Z [[32minfo[39m] Sync all plugins start
Detail : {
  "service": "service:IndexerService",
  "environment": "development",
  "tags": [
    "aragon-api"
  ]
}
    [32m  ✔[0m[90m should start the re-sync task for all plugins[0m
2025-07-21T10:17:05.889Z [[32minfo[39m] indexer-ethereum-mainnet task stopped
Detail : {
  "service": "service:TaskScheduler",
  "environment": "development",
  "tags": [
    "aragon-api"
  ]
}

[0m  AragonIndexer: CustomInstall[0m
[0m    install[0m
2025-07-21T10:17:05.894Z [[32minfo[39m] CustomInstall start
Detail : {
  "service": "service:indexer:CustomInstall",
  "environment": "development",
  "tags": [
    "aragon-api"
  ]
}
2025-07-21T10:17:05.894Z [[32minfo[39m] CustomInstall end
Detail : {
  "service": "service:indexer:CustomInstall",
  "environment": "development",
  "tags": [
    "aragon-api"
  ]
}
    [32m  ✔[0m[90m should log and return if network is not supported[0m
    [32m  ✔[0m[90m should log and return if CUSTOM_INSTALL is disabled[0m
2025-07-21T10:17:05.905Z [[32minfo[39m] CustomInstall start
Detail : {
  "service": "service:indexer:CustomInstall",
  "environment": "development",
  "tags": [
    "aragon-api"
  ]
}
2025-07-21T10:17:05.905Z [[32minfo[39m] CustomInstall end
Detail : {
  "service": "service:indexer:CustomInstall",
  "environment": "development",
  "tags": [
    "aragon-api"
  ]
}
    [32m  ✔[0m[90m should skip DAO installation if DAO already exists[0m
2025-07-21T10:17:05.910Z [[32minfo[39m] CustomInstall start
Detail : {
  "service": "service:indexer:CustomInstall",
  "environment": "development",
  "tags": [
    "aragon-api"
  ]
}
2025-07-21T10:17:05.910Z [[32minfo[39m] CustomInstall end
Detail : {
  "service": "service:indexer:CustomInstall",
  "environment": "development",
  "tags": [
    "aragon-api"
  ]
}
    [32m  ✔[0m[90m should register a new DAO and process plugins if DAO does not exist[0m
2025-07-21T10:17:05.914Z [[32minfo[39m] CustomInstall start
Detail : {
  "service": "service:indexer:CustomInstall",
  "environment": "development",
  "tags": [
    "aragon-api"
  ]
}
2025-07-21T10:17:05.915Z [[32minfo[39m] CustomInstall end
Detail : {
  "service": "service:indexer:CustomInstall",
  "environment": "development",
  "tags": [
    "aragon-api"
  ]
}
    [32m  ✔[0m[90m should not process plugins if `lastSync` is less than `blockNumber`[0m
[0m    pluginEvents[0m
    [32m  ✔[0m[90m should create a BlockchainLogCrawler and crawl logs[0m
    [32m  ✔[0m[90m should handle errors during BlockchainLogCrawler crawling and call onError[0m
    [32m  ✔[0m[90m should fails format address[0m

[0m  TokenFetcher[0m
[0m    start[0m
    [32m  ✔[0m[90m should initialize DBCrawler with correct parameters and start crawling[0m
    [32m  ✔[0m[90m should handle errors during crawling[0m
2025-07-21T10:17:05.947Z [[36mverbose[39m] Start TokenFetcher
Detail : {
  "service": "service:TokenFetcher",
  "startTime": 1753093025947,
  "environment": "development",
  "tags": [
    "aragon-api"
  ]
}
    [32m  ✔[0m[90m should process tokens that need refetching[0m
[0m    onDocument[0m
    [32m  ✔[0m[90m should update token data when plugin is found and token data is valid[0m
    [32m  ✔[0m[90m should handle case when no plugin is found[0m
    [32m  ✔[0m[90m should not update when token data is empty or invalid[0m
    [32m  ✔[0m[90m should handle errors during document processing[0m

[0m  AragonDao:ProposalMetrics[0m
[0m    proposalMultisigMetrics[0m
    [32m  ✔[0m[90m should update multisig proposal metrics with votes[0m
    [32m  ✔[0m[90m should log a warning if the proposal is not found[0m
    [32m  ✔[0m[90m should log an error if `minApprovals` is missing in the proposal settings[0m
    [32m  ✔[0m[90m should throw[0m
[0m    proposalTokenVotingMetrics[0m
    [32m  ✔[0m[90m should update tokenVoting proposal metrics with correct votes and missing votes[0m
    [32m  ✔[0m[90m should log a warning if the proposal is not found[0m
    [32m  ✔[0m[90m should throw[0m

[0m  Plugin[0m
[0m    getInstallationData[0m
    [32m  ✔[0m[90m should return null when plugin is not found[0m
    [32m  ✔[0m[90m should return null when installation log is not found[0m
    [32m  ✔[0m[90m should return null when transaction receipt is not found[0m
    [32m  ✔[0m[90m should return null when no matching log entries are found[0m
    [32m  ✔[0m[90m should return null when plugin log is not found[0m
    [32m  ✔[0m[90m should successfully return installation data[0m
    [32m  ✔[0m[90m should return null when there is an error processing the plugin data[0m

[0m  AragonDao: memberInfo[0m
[0m    getByTokenAddress[0m
    [32m  ✔[0m[90m should return when token is not found[0m
    [32m  ✔[0m[90m should return balance and voting power[0m
    [32m  ✔[0m[90m should return balance, voting power and current delegate[0m
    [32m  ✔[0m[90m should return empty response on error[0m
    [32m  ✔[0m[90m should return if both token and plugin is not passed[0m
    [32m  ✔[0m[90m should return if plugin is not tokenVoting[0m
    [32m  ✔[0m[90m should return if plugin not found[0m
    [32m  ✔[0m[90m should get the token address from the plugin and continue[0m
[0m    canCreateProposal[0m
    [32m  ✔[0m[90m should return false when plugin is not found[0m
    [32m  ✔[0m[90m should return false when settings are not found[0m
    [32m  ✔[0m[90m should return false for unsupported plugin interface type[0m
    [32m  ✔[0m[90m should return false for tokenVoting when tokenAddress is missing[0m
    [32m  ✔[0m[90m should return false for tokenVoting when voting power is 0[0m
    [32m  ✔[0m[90m should return false for tokenVoting when voting power is less than minimum participation[0m
    [32m  ✔[0m[90m should return true for tokenVoting when voting power is greater than minimum participation[0m
    [32m  ✔[0m[90m should return true for multisig when onlyListed is false[0m
    [32m  ✔[0m[90m should return false for multisig when onlyListed is true and member is not listed[0m
    [32m  ✔[0m[90m should return true for multisig when onlyListed is true and member is listed[0m
    [32m  ✔[0m[90m should return true for admin when daoMemberMapping exists[0m
    [32m  ✔[0m[90m should return false for admin when daoMemberMapping does not exist[0m
    [32m  ✔[0m[90m should return false on error[0m
[0m    getVotingPower[0m
    [32m  ✔[0m[90m should return 0 when token is not found[0m
    [32m  ✔[0m[90m should return voting power when token is found[0m
    [32m  ✔[0m[90m should return 0 when an error occurs[0m
[0m    getLockVotingPowerBatch[0m
    [32m  ✔[0m[90m should return empty array when locks array is empty[0m
    [32m  ✔[0m[90m should return voting power for each lock[0m
    [32m  ✔[0m[90m should return zero voting power when an error occurs[0m

[0m  AragonDao: index[0m
[0m    start[0m
2025-07-21T10:17:06.226Z [[36mverbose[39m] Start TokenFetcher
Detail : {
  "service": "service:TokenFetcher",
  "startTime": 1753093026226,
  "environment": "development",
  "tags": [
    "aragon-api"
  ]
}
    [32m  ✔[0m[90m should initialize RabbitMQ processing for all queues[0m[33m (57ms)[0m
2025-07-21T10:17:06.249Z [[32minfo[39m] indexer-ethereum-mainnet task stopped
Detail : {
  "service": "service:TaskScheduler",
  "environment": "development",
  "tags": [
    "aragon-api"
  ]
}
2025-07-21T10:17:06.250Z [[32minfo[39m] token-re-fetch task stopped
Detail : {
  "service": "service:TaskScheduler",
  "environment": "development",
  "tags": [
    "aragon-api"
  ]
}
[0m    stop[0m
    [32m  ✔[0m[90m should log that the service stopped[0m
2025-07-21T10:17:06.256Z [[32minfo[39m] indexer-ethereum-mainnet task stopped
Detail : {
  "service": "service:TaskScheduler",
  "environment": "development",
  "tags": [
    "aragon-api"
  ]
}
2025-07-21T10:17:06.256Z [[32minfo[39m] token-re-fetch task stopped
Detail : {
  "service": "service:TaskScheduler",
  "environment": "development",
  "tags": [
    "aragon-api"
  ]
}
[0m    RabbitMQ queue handlers[0m
2025-07-21T10:17:06.260Z [[33mwarn[39m] Task is already scheduled
Detail : {
  "service": "service:TaskScheduler",
  "key": "token-re-fetch",
  "environment": "development",
  "tags": [
    "aragon-api"
  ]
}
2025-07-21T10:17:06.260Z [[32minfo[39m] AragonDaoService service started
Detail : {
  "service": "service:DaoService",
  "environment": "development",
  "tags": [
    "aragon-api"
  ]
}
    [32m  ✔[0m[90m should handle allMetrics queue[0m
2025-07-21T10:17:06.261Z [[32minfo[39m] indexer-ethereum-mainnet task stopped
Detail : {
  "service": "service:TaskScheduler",
  "environment": "development",
  "tags": [
    "aragon-api"
  ]
}
2025-07-21T10:17:06.261Z [[32minfo[39m] token-re-fetch task stopped
Detail : {
  "service": "service:TaskScheduler",
  "environment": "development",
  "tags": [
    "aragon-api"
  ]
}
2025-07-21T10:17:06.265Z [[33mwarn[39m] Task is already scheduled
Detail : {
  "service": "service:TaskScheduler",
  "key": "token-re-fetch",
  "environment": "development",
  "tags": [
    "aragon-api"
  ]
}
2025-07-21T10:17:06.265Z [[32minfo[39m] AragonDaoService service started
Detail : {
  "service": "service:DaoService",
  "environment": "development",
  "tags": [
    "aragon-api"
  ]
}
    [32m  ✔[0m[90m should handle daoTransactions queue[0m
2025-07-21T10:17:06.265Z [[32minfo[39m] indexer-ethereum-mainnet task stopped
Detail : {
  "service": "service:TaskScheduler",
  "environment": "development",
  "tags": [
    "aragon-api"
  ]
}
2025-07-21T10:17:06.265Z [[32minfo[39m] token-re-fetch task stopped
Detail : {
  "service": "service:TaskScheduler",
  "environment": "development",
  "tags": [
    "aragon-api"
  ]
}
2025-07-21T10:17:06.269Z [[33mwarn[39m] Task is already scheduled
Detail : {
  "service": "service:TaskScheduler",
  "key": "token-re-fetch",
  "environment": "development",
  "tags": [
    "aragon-api"
  ]
}
2025-07-21T10:17:06.269Z [[32minfo[39m] AragonDaoService service started
Detail : {
  "service": "service:DaoService",
  "environment": "development",
  "tags": [
    "aragon-api"
  ]
}
    [32m  ✔[0m[90m should handle daoTransactions queue with proposalId[0m
2025-07-21T10:17:06.269Z [[32minfo[39m] indexer-ethereum-mainnet task stopped
Detail : {
  "service": "service:TaskScheduler",
  "environment": "development",
  "tags": [
    "aragon-api"
  ]
}
2025-07-21T10:17:06.269Z [[32minfo[39m] token-re-fetch task stopped
Detail : {
  "service": "service:TaskScheduler",
  "environment": "development",
  "tags": [
    "aragon-api"
  ]
}
2025-07-21T10:17:06.272Z [[33mwarn[39m] Task is already scheduled
Detail : {
  "service": "service:TaskScheduler",
  "key": "token-re-fetch",
  "environment": "development",
  "tags": [
    "aragon-api"
  ]
}
2025-07-21T10:17:06.273Z [[32minfo[39m] AragonDaoService service started
Detail : {
  "service": "service:DaoService",
  "environment": "development",
  "tags": [
    "aragon-api"
  ]
}
    [32m  ✔[0m[90m should handle daoAssets queue[0m
2025-07-21T10:17:06.273Z [[32minfo[39m] indexer-ethereum-mainnet task stopped
Detail : {
  "service": "service:TaskScheduler",
  "environment": "development",
  "tags": [
    "aragon-api"
  ]
}
2025-07-21T10:17:06.273Z [[32minfo[39m] token-re-fetch task stopped
Detail : {
  "service": "service:TaskScheduler",
  "environment": "development",
  "tags": [
    "aragon-api"
  ]
}
2025-07-21T10:17:06.277Z [[33mwarn[39m] Task is already scheduled
Detail : {
  "service": "service:TaskScheduler",
  "key": "token-re-fetch",
  "environment": "development",
  "tags": [
    "aragon-api"
  ]
}
2025-07-21T10:17:06.277Z [[32minfo[39m] AragonDaoService service started
Detail : {
  "service": "service:DaoService",
  "environment": "development",
  "tags": [
    "aragon-api"
  ]
}
    [32m  ✔[0m[90m should handle daoMetrics queue[0m
2025-07-21T10:17:06.277Z [[32minfo[39m] indexer-ethereum-mainnet task stopped
Detail : {
  "service": "service:TaskScheduler",
  "environment": "development",
  "tags": [
    "aragon-api"
  ]
}
2025-07-21T10:17:06.277Z [[32minfo[39m] token-re-fetch task stopped
Detail : {
  "service": "service:TaskScheduler",
  "environment": "development",
  "tags": [
    "aragon-api"
  ]
}
2025-07-21T10:17:06.281Z [[33mwarn[39m] Task is already scheduled
Detail : {
  "service": "service:TaskScheduler",
  "key": "token-re-fetch",
  "environment": "development",
  "tags": [
    "aragon-api"
  ]
}
2025-07-21T10:17:06.281Z [[32minfo[39m] AragonDaoService service started
Detail : {
  "service": "service:DaoService",
  "environment": "development",
  "tags": [
    "aragon-api"
  ]
}
    [32m  ✔[0m[90m should handle proposalMultisigMetrics queue[0m
2025-07-21T10:17:06.281Z [[32minfo[39m] indexer-ethereum-mainnet task stopped
Detail : {
  "service": "service:TaskScheduler",
  "environment": "development",
  "tags": [
    "aragon-api"
  ]
}
2025-07-21T10:17:06.281Z [[32minfo[39m] token-re-fetch task stopped
Detail : {
  "service": "service:TaskScheduler",
  "environment": "development",
  "tags": [
    "aragon-api"
  ]
}
2025-07-21T10:17:06.285Z [[33mwarn[39m] Task is already scheduled
Detail : {
  "service": "service:TaskScheduler",
  "key": "token-re-fetch",
  "environment": "development",
  "tags": [
    "aragon-api"
  ]
}
2025-07-21T10:17:06.285Z [[32minfo[39m] AragonDaoService service started
Detail : {
  "service": "service:DaoService",
  "environment": "development",
  "tags": [
    "aragon-api"
  ]
}
    [32m  ✔[0m[90m should handle proposalTokenVotingMetrics queue[0m
2025-07-21T10:17:06.285Z [[32minfo[39m] indexer-ethereum-mainnet task stopped
Detail : {
  "service": "service:TaskScheduler",
  "environment": "development",
  "tags": [
    "aragon-api"
  ]
}
2025-07-21T10:17:06.285Z [[32minfo[39m] token-re-fetch task stopped
Detail : {
  "service": "service:TaskScheduler",
  "environment": "development",
  "tags": [
    "aragon-api"
  ]
}
2025-07-21T10:17:06.289Z [[33mwarn[39m] Task is already scheduled
Detail : {
  "service": "service:TaskScheduler",
  "key": "token-re-fetch",
  "environment": "development",
  "tags": [
    "aragon-api"
  ]
}
2025-07-21T10:17:06.289Z [[32minfo[39m] AragonDaoService service started
Detail : {
  "service": "service:DaoService",
  "environment": "development",
  "tags": [
    "aragon-api"
  ]
}
    [32m  ✔[0m[90m should handle contractInfo queue[0m
2025-07-21T10:17:06.289Z [[32minfo[39m] indexer-ethereum-mainnet task stopped
Detail : {
  "service": "service:TaskScheduler",
  "environment": "development",
  "tags": [
    "aragon-api"
  ]
}
2025-07-21T10:17:06.290Z [[32minfo[39m] token-re-fetch task stopped
Detail : {
  "service": "service:TaskScheduler",
  "environment": "development",
  "tags": [
    "aragon-api"
  ]
}
2025-07-21T10:17:06.294Z [[33mwarn[39m] Task is already scheduled
Detail : {
  "service": "service:TaskScheduler",
  "key": "token-re-fetch",
  "environment": "development",
  "tags": [
    "aragon-api"
  ]
}
2025-07-21T10:17:06.294Z [[32minfo[39m] AragonDaoService service started
Detail : {
  "service": "service:DaoService",
  "environment": "development",
  "tags": [
    "aragon-api"
  ]
}
    [32m  ✔[0m[90m should handle getVotingPower queue[0m
2025-07-21T10:17:06.294Z [[32minfo[39m] indexer-ethereum-mainnet task stopped
Detail : {
  "service": "service:TaskScheduler",
  "environment": "development",
  "tags": [
    "aragon-api"
  ]
}
2025-07-21T10:17:06.295Z [[32minfo[39m] token-re-fetch task stopped
Detail : {
  "service": "service:TaskScheduler",
  "environment": "development",
  "tags": [
    "aragon-api"
  ]
}
2025-07-21T10:17:06.300Z [[33mwarn[39m] Task is already scheduled
Detail : {
  "service": "service:TaskScheduler",
  "key": "token-re-fetch",
  "environment": "development",
  "tags": [
    "aragon-api"
  ]
}
2025-07-21T10:17:06.300Z [[32minfo[39m] AragonDaoService service started
Detail : {
  "service": "service:DaoService",
  "environment": "development",
  "tags": [
    "aragon-api"
  ]
}
    [32m  ✔[0m[90m should handle getLockVotingPowerBatch queue[0m
2025-07-21T10:17:06.300Z [[32minfo[39m] indexer-ethereum-mainnet task stopped
Detail : {
  "service": "service:TaskScheduler",
  "environment": "development",
  "tags": [
    "aragon-api"
  ]
}
2025-07-21T10:17:06.300Z [[32minfo[39m] token-re-fetch task stopped
Detail : {
  "service": "service:TaskScheduler",
  "environment": "development",
  "tags": [
    "aragon-api"
  ]
}
2025-07-21T10:17:06.304Z [[33mwarn[39m] Task is already scheduled
Detail : {
  "service": "service:TaskScheduler",
  "key": "token-re-fetch",
  "environment": "development",
  "tags": [
    "aragon-api"
  ]
}
2025-07-21T10:17:06.304Z [[32minfo[39m] AragonDaoService service started
Detail : {
  "service": "service:DaoService",
  "environment": "development",
  "tags": [
    "aragon-api"
  ]
}
    [32m  ✔[0m[90m should handle memberBalance queue[0m
2025-07-21T10:17:06.305Z [[32minfo[39m] indexer-ethereum-mainnet task stopped
Detail : {
  "service": "service:TaskScheduler",
  "environment": "development",
  "tags": [
    "aragon-api"
  ]
}
2025-07-21T10:17:06.305Z [[32minfo[39m] token-re-fetch task stopped
Detail : {
  "service": "service:TaskScheduler",
  "environment": "development",
  "tags": [
    "aragon-api"
  ]
}
2025-07-21T10:17:06.308Z [[33mwarn[39m] Task is already scheduled
Detail : {
  "service": "service:TaskScheduler",
  "key": "token-re-fetch",
  "environment": "development",
  "tags": [
    "aragon-api"
  ]
}
2025-07-21T10:17:06.308Z [[32minfo[39m] AragonDaoService service started
Detail : {
  "service": "service:DaoService",
  "environment": "development",
  "tags": [
    "aragon-api"
  ]
}
    [32m  ✔[0m[90m should handle contractDecoder queue[0m
2025-07-21T10:17:06.309Z [[32minfo[39m] indexer-ethereum-mainnet task stopped
Detail : {
  "service": "service:TaskScheduler",
  "environment": "development",
  "tags": [
    "aragon-api"
  ]
}
2025-07-21T10:17:06.309Z [[32minfo[39m] token-re-fetch task stopped
Detail : {
  "service": "service:TaskScheduler",
  "environment": "development",
  "tags": [
    "aragon-api"
  ]
}
2025-07-21T10:17:06.312Z [[33mwarn[39m] Task is already scheduled
Detail : {
  "service": "service:TaskScheduler",
  "key": "token-re-fetch",
  "environment": "development",
  "tags": [
    "aragon-api"
  ]
}
2025-07-21T10:17:06.312Z [[32minfo[39m] AragonDaoService service started
Detail : {
  "service": "service:DaoService",
  "environment": "development",
  "tags": [
    "aragon-api"
  ]
}
    [32m  ✔[0m[90m should handle proposal actions queue[0m
2025-07-21T10:17:06.312Z [[32minfo[39m] indexer-ethereum-mainnet task stopped
Detail : {
  "service": "service:TaskScheduler",
  "environment": "development",
  "tags": [
    "aragon-api"
  ]
}
2025-07-21T10:17:06.312Z [[32minfo[39m] token-re-fetch task stopped
Detail : {
  "service": "service:TaskScheduler",
  "environment": "development",
  "tags": [
    "aragon-api"
  ]
}
2025-07-21T10:17:06.315Z [[33mwarn[39m] Task is already scheduled
Detail : {
  "service": "service:TaskScheduler",
  "key": "token-re-fetch",
  "environment": "development",
  "tags": [
    "aragon-api"
  ]
}
2025-07-21T10:17:06.315Z [[32minfo[39m] AragonDaoService service started
Detail : {
  "service": "service:DaoService",
  "environment": "development",
  "tags": [
    "aragon-api"
  ]
}
    [32m  ✔[0m[90m should handle canCreateProposal queue[0m
2025-07-21T10:17:06.315Z [[32minfo[39m] indexer-ethereum-mainnet task stopped
Detail : {
  "service": "service:TaskScheduler",
  "environment": "development",
  "tags": [
    "aragon-api"
  ]
}
2025-07-21T10:17:06.316Z [[32minfo[39m] token-re-fetch task stopped
Detail : {
  "service": "service:TaskScheduler",
  "environment": "development",
  "tags": [
    "aragon-api"
  ]
}
2025-07-21T10:17:06.319Z [[33mwarn[39m] Task is already scheduled
Detail : {
  "service": "service:TaskScheduler",
  "key": "token-re-fetch",
  "environment": "development",
  "tags": [
    "aragon-api"
  ]
}
2025-07-21T10:17:06.319Z [[32minfo[39m] AragonDaoService service started
Detail : {
  "service": "service:DaoService",
  "environment": "development",
  "tags": [
    "aragon-api"
  ]
}
    [32m  ✔[0m[90m should handle pluginInstallationData queue[0m
2025-07-21T10:17:06.319Z [[32minfo[39m] indexer-ethereum-mainnet task stopped
Detail : {
  "service": "service:TaskScheduler",
  "environment": "development",
  "tags": [
    "aragon-api"
  ]
}
2025-07-21T10:17:06.319Z [[32minfo[39m] token-re-fetch task stopped
Detail : {
  "service": "service:TaskScheduler",
  "environment": "development",
  "tags": [
    "aragon-api"
  ]
}
[0m    Task Scheduler[0m
    [32m  ✔[0m[90m should initialize the token fetcher task scheduler[0m
2025-07-21T10:17:06.323Z [[32minfo[39m] indexer-ethereum-mainnet task stopped
Detail : {
  "service": "service:TaskScheduler",
  "environment": "development",
  "tags": [
    "aragon-api"
  ]
}
2025-07-21T10:17:06.323Z [[32minfo[39m] token-re-fetch task stopped
Detail : {
  "service": "service:TaskScheduler",
  "environment": "development",
  "tags": [
    "aragon-api"
  ]
}

[0m  AragonDao: DaoTransactions[0m
[0m    start[0m
    [32m  ✔[0m[90m should process transactions successfully[0m
    [32m  ✔[0m[90m should process transactions with proposalId successfully[0m
    [32m  ✔[0m[90m should exit gracefully if DAO is not found[0m
    [32m  ✔[0m[90m should log a message when no transactions are found[0m
    [32m  ✔[0m[90m should handle errors gracefully[0m
[0m    saveTransaction[0m
    [32m  ✔[0m[90m should save a new transaction successfully[0m
    [32m  ✔[0m[90m should skip if transaction already exists[0m
    [32m  ✔[0m[90m should handle when token is not found[0m
2025-07-21T10:17:06.373Z [[36mverbose[39m] New Transaction
Detail : {
  "service": "service:aragon-dao:DaoTransactions",
  "logId": "0xabc123-unique123-erc20-0xdao-ethereum-mainnet",
  "environment": "development",
  "tags": [
    "aragon-api"
  ]
}
    [32m  ✔[0m[90m should handle transaction without raw contract data[0m
    [32m  ✔[0m[90m should handle error during transaction save[0m
    [32m  ✔[0m[90m should handle transaction with ERC721 token data[0m
    [32m  ✔[0m[90m should handle transaction with ERC1155 metadata[0m
    [32m  ✔[0m[90m should process BigInt values correctly[0m
2025-07-21T10:17:06.430Z [[36mverbose[39m] New Transaction
Detail : {
  "service": "service:aragon-dao:DaoTransactions",
  "logId": "0xabc123-unique123-external-0xexecutedAddress-ethereum-mainnet",
  "environment": "development",
  "tags": [
    "aragon-api"
  ]
}
    [32m  ✔[0m[90m should extract proposal information from transaction logs[0m
[0m    parseTransactionFromProposalAction[0m
    [32m  ✔[0m[90m should handle multiple actions: existing, new, and error cases[0m

[0m  AragonDao:DaoMetrics[0m
[0m    start[0m
    [32m  ✔[0m[90m should start the DaoMetrics service and process a DAO[0m
    [32m  ✔[0m[90m should return if DAO is not found[0m
[0m    onDocument[0m
    [32m  ✔[0m[90m should process a DAO document and update metrics[0m
    [32m  ✔[0m[90m should throw error[0m

[0m  AragonDao:Assets[0m
[0m    start[0m
    [32m  ✔[0m[90m should start the AggregatorAssets and process a DAO[0m
    [32m  ✔[0m[90m should return if dao not found[0m
[0m    onDocument[0m
    [32m  ✔[0m[90m should process a document and call required services[0m
[0m    _handleNativeToken[0m
    [32m  ✔[0m[90m should process native token correctly[0m
    [32m  ✔[0m[90m should update existing native asset[0m
    [32m  ✔[0m[90m should log error if token is not found[0m
    [32m  ✔[0m[90m should log error on failure[0m
[0m    _handleErc20Token[0m
    [32m  ✔[0m[90m should process ERC20 token correctly[0m
    [32m  ✔[0m[90m should update existing token asset[0m
    [32m  ✔[0m[90m should log warning if token is marked as spam[0m
    [32m  ✔[0m[90m should log error if token not found[0m
    [32m  ✔[0m[90m should log error on failure[0m
[0m    _removeStaleAssets[0m
    [32m  ✔[0m[90m should remove stale assets correctly[0m
    [32m  ✔[0m[90m should handle errors gracefully[0m
[0m    assets[0m
    [32m  ✔[0m[90m should process DAO assets correctly with native token balance > 0[0m
    [32m  ✔[0m[90m should process DAO assets correctly with native token balance = 0[0m
    [32m  ✔[0m[90m should process _handleErc20Token when token balance not exist[0m
    [32m  ✔[0m[90m should log error when processing assets fails[0m
    [32m  ✔[0m[90m should handle stale assets correctly[0m

[0m  AragonDao: contractInfo[0m
  [32m  ✔[0m[90m should parseContractAbi[0m
[0m    getContractInfo[0m
    [32m  ✔[0m[90m should return if contract is not a verified contract[0m
    [32m  ✔[0m[90m should return contract info if contract is a verified contract and proxy[0m
[0m    fetchVerifiedContractData[0m
    [32m  ✔[0m[90m should return null if contract details are empty[0m
    [32m  ✔[0m[90m should return null if contract source code is not verified[0m
    [32m  ✔[0m[90m should return if the contract netspec returns empty[0m
    [32m  ✔[0m[90m should return contract data if everything is okay[0m

[0m  AragonDao:AllMetrics[0m
[0m    start[0m
    [32m  ✔[0m[90m should start the AllMetrics[0m
[0m    allDaoMetrics[0m
    [32m  ✔[0m[90m should process allDaoMetrics[0m
    [32m  ✔[0m[90m should error the allDaoMetrics[0m
[0m    allProposalMetrics[0m
    [32m  ✔[0m[90m should process tokenVoting proposal metrics[0m
    [32m  ✔[0m[90m should process multisig proposal metrics[0m
    [32m  ✔[0m[90m should log error when processing proposal metrics fails[0m
[0m    rebaseTokens[0m
    [32m  ✔[0m[90m should skip execution if network is not ethereumSepolia[0m
2025-07-21T10:17:06.622Z [[33mwarn[39m] Failed to fetch implementation address
Detail : {
  "service": "helpers:ProxyContractHelper",
  "error": {},
  "address": "0x01403157c847B2c0291c05DF5055876eB4e039bc",
  "network": "ethereum-sepolia",
  "errorStack": "TypeError: Cannot read properties of undefined (reading 'getCode')
    at Job.task (/Users/sishirpokhrel/Projects/aragon/app-backend/src/helpers/proxyContract.ts:94:99)
    at /Users/sishirpokhrel/Projects/aragon/app-backend/node_modules/bottleneck/lib/Job.js:141:109
    at Generator.next (<anonymous>)
    at asyncGeneratorStep (/Users/sishirpokhrel/Projects/aragon/app-backend/node_modules/bottleneck/lib/Job.js:3:103)
    at _next (/Users/sishirpokhrel/Projects/aragon/app-backend/node_modules/bottleneck/lib/Job.js:5:194)
    at /Users/sishirpokhrel/Projects/aragon/app-backend/node_modules/bottleneck/lib/Job.js:5:364
    at new Promise (<anonymous>)
    at /Users/sishirpokhrel/Projects/aragon/app-backend/node_modules/bottleneck/lib/Job.js:5:97
    at Job.doExecute (/Users/sishirpokhrel/Projects/aragon/app-backend/node_modules/bottleneck/lib/Job.js:156:7)
    at Timeout._onTimeout (/Users/sishirpokhrel/Projects/aragon/app-backend/node_modules/bottleneck/lib/Bottleneck.js:199:22)",
  "errorMessage": "Cannot read properties of undefined (reading 'getCode')",
  "environment": "development",
  "tags": [
    "aragon-api"
  ]
}
2025-07-21T10:17:06.622Z [[31merror[39m] Error detecting token type
Detail : {
  "service": "helpers:TokenDetector",
  "address": "0x01403157c847B2c0291c05DF5055876eB4e039bc",
  "network": "ethereum-sepolia",
  "error": {},
  "errorStack": "TypeError: Cannot read properties of undefined (reading 'getCode')
    at Object.detectTokenType (/Users/sishirpokhrel/Projects/aragon/app-backend/src/helpers/tokenDetector.ts:96:39)
    at async Object.createNewToken (/Users/sishirpokhrel/Projects/aragon/app-backend/src/modules/proxyToken.ts:128:27)
    at async /Users/sishirpokhrel/Projects/aragon/app-backend/src/modules/proxyToken.ts:43:16
    at async tryFn (/Users/sishirpokhrel/Projects/aragon/app-backend/src/modules/dbTx.ts:37:26)
    at async Object.executeTxFn (/Users/sishirpokhrel/Projects/aragon/app-backend/src/modules/dbTx.ts:69:14)
    at async Object.saveAndGetToken (/Users/sishirpokhrel/Projects/aragon/app-backend/src/modules/proxyToken.ts:26:14)
    at async DBCrawler.onDocument (/Users/sishirpokhrel/Projects/aragon/app-backend/src/services/aragon-dao/allMetrics.ts:82:23)
    at async DBCrawler.<anonymous> (/Users/sishirpokhrel/Projects/aragon/app-backend/test/unit/services/aragon-dao/allMetrics.spec.ts:178:9)
    at async Object.rebaseTokens (/Users/sishirpokhrel/Projects/aragon/app-backend/src/services/aragon-dao/allMetrics.ts:108:5)
    at async Context.<anonymous> (/Users/sishirpokhrel/Projects/aragon/app-backend/test/unit/services/aragon-dao/allMetrics.spec.ts:181:7)",
  "errorMessage": "Cannot read properties of undefined (reading 'getCode')",
  "environment": "development",
  "tags": [
    "aragon-api"
  ]
}
2025-07-21T10:17:09.036Z [[31merror[39m] Wrong data
Detail : {
  "service": "service:dao:DaoAssets",
  "doc": {
    "address": "0x123",
    "tokenAddress": "0x01403157c847B2c0291c05DF5055876eB4e039bc",
    "lastSyncVotingPowerBlockNumber": 100,
    "votingPower": "300",
    "network": "ethereum-sepolia"
  },
  "memberVotingPower": "500",
  "environment": "development",
  "tags": [
    "aragon-api"
  ]
}
    [32m  ✔[0m[90m should process member balance updates correctly[0m[31m (2422ms)[0m
2025-07-21T10:17:09.048Z [[36mverbose[39m] End rebaseTokens
Detail : {
  "service": "service:dao:DaoAssets",
  "environment": "development",
  "tags": [
    "aragon-api"
  ]
}
    [32m  ✔[0m[90m should log error if processing fails[0m

[0m  AragonDao: actionDecoder[0m
[0m    decodeAction[0m
    [32m  ✔[0m[90m should decode action[0m
    [32m  ✔[0m[90m should decode transfer action[0m
    [32m  ✔[0m[90m should return null if decodedData is null[0m
[0m    proposalActionDecoder[0m
    [32m  ✔[0m[90m should return null if proposal not found[0m
    [32m  ✔[0m[90m should call parseActions if proposal found[0m

[0m  AragonAdminAPI: index[0m
[0m    start[0m
    [32m  ✔[0m[90m should initialize and start the Koa admin API server[0m
[0m    stop[0m
    [32m  ✔[0m[90m should call the Utils.noop function[0m

[0m  AragonAdminApi: app[0m
  [32m  ✔[0m[90m should initialize Koa admin app and start listening[0m
  [32m  ✔[0m[90m should handle unexpected admin API errors[0m

[0m  Web3Provider[0m
[0m    getNativeBalance[0m
    [32m  ✔[0m[90m should return properly formatted balance when valid balance is returned[0m
    [32m  ✔[0m[90m should return 0 when balance is 0[0m
    [32m  ✔[0m[90m should return 0 when token is not found[0m
[0m    getTokenBalances[0m
    [32m  ✔[0m[90m should return properly formatted token balances[0m
    [32m  ✔[0m[90m should filter out tokens with empty data balance[0m
    [32m  ✔[0m[90m should filter out tokens that are not found[0m
[0m    fetchContractCreation[0m
    [32m  ✔[0m[90m should return contract creation info when found[0m
    [32m  ✔[0m[90m should return default values when contract creation info not found[0m
[0m    fetchContractSourceCode[0m
    [32m  ✔[0m[90m should return BlockScout contract details when available[0m
    [32m  ✔[0m[90m should return Etherscan contract details when BlockScout details not available[0m
[0m    fetchBasicTokenInfo[0m
    [32m  ✔[0m[90m should return BlockScout token details when available[0m
    [32m  ✔[0m[90m should return Covalent token details when BlockScout details not available[0m
[0m    fetchTokenHolderAndSupply[0m
    [32m  ✔[0m[90m should return Covalent token holders and supply data when available[0m
    [32m  ✔[0m[90m should return BlockScout token holders and supply data when Covalent data not available[0m
    [32m  ✔[0m[90m should return default values when no data available[0m
[0m    fetchAddressTxns[0m
    [32m  ✔[0m[90m should call onDocument and create deposit and withdraw transactions[0m[33m (54ms)[0m
[0m    fetchTokenPrice[0m
    [32m  ✔[0m[90m should forward to RateModule.fetchRate[0m
[0m    fetchHistoricalTokenPrice[0m
    [32m  ✔[0m[90m should forward to RateModule.fetchHistoricalRate[0m
[0m    searchDetailsOfContract[0m
    [32m  ✔[0m[90m should forward to BlockScoutHelper.searchDetails[0m
[0m    getAllTokenHolders[0m
2025-07-21T10:17:09.235Z [[36mverbose[39m] Update progress in config indexer
Detail : {
  "service": "helpers:ProxyWeb3",
  "page": 0,
  "address": "0xtoken",
  "network": "ethereum-mainnet",
  "syncKey": "test-sync-key",
  "environment": "development",
  "tags": [
    "aragon-api"
  ]
}
    [32m  ✔[0m[90m should forward to BlockScoutHelper.getAllTokenHolders with correct parameters and trigger callback[0m
    [32m  ✔[0m[90m should return early when sync is already completed[0m
    [32m  ✔[0m[90m should continue from last page when sync was interrupted[0m
    [32m  ✔[0m[90m should handle errors gracefully[0m
[0m    getTokenCounters[0m
    [32m  ✔[0m[90m should return Ankr stats when available[0m
    [32m  ✔[0m[90m should fallback to BlockScout when Ankr returns null[0m
    [32m  ✔[0m[90m should fallback to Covalent when BlockScout returns zero stats[0m
    [32m  ✔[0m[90m should return default values when all services fail or return zero[0m

[0m  ProxyUtils[0m
[0m    getProgressFromConfigIndexer[0m
    [32m  ✔[0m[90m should return ConfigIndexer data when a record exists[0m
    [32m  ✔[0m[90m should return null when no record exists[0m
[0m    updateProgressInConfigIndexer[0m
    [32m  ✔[0m[90m should update existing ConfigIndexer record when it exists[0m
    [32m  ✔[0m[90m should create new ConfigIndexer record when none exists[0m

[0m  PeaqProvider[0m
[0m    getTokenBalances[0m
    [32m  ✔[0m[90m should return properly formatted token balances[0m
    [32m  ✔[0m[90m should handle empty token list[0m
[0m    fetchContractCreation[0m
    [32m  ✔[0m[90m should return contract creation info when found[0m
    [32m  ✔[0m[90m should return default values when contract creation info not found[0m
[0m    fetchContractSourceCode[0m
    [32m  ✔[0m[90m should forward request to SubscanApi.getContractSourceCode[0m
[0m    fetchBasicTokenInfo[0m
    [32m  ✔[0m[90m should fetch native token info for zero address[0m
    [32m  ✔[0m[90m should fetch token details for non-zero address[0m
[0m    fetchTokenHolderAndSupply[0m
    [32m  ✔[0m[90m should extract and return holder and supply data from token info[0m
[0m    fetchAddressTxns[0m
    [32m  ✔[0m[90m should process and filter valid transactions[0m
    [32m  ✔[0m[90m should filter out transactions with native token[0m
    [32m  ✔[0m[90m should filter out transactions with scam tokens[0m
    [32m  ✔[0m[90m should skip transactions where token info cannot be found[0m
[0m    fetchTokenPrice[0m
    [32m  ✔[0m[90m should fetch native token price for zero address[0m
    [32m  ✔[0m[90m should handle null price for native token[0m
    [32m  ✔[0m[90m should fetch token price for non-zero address[0m
    [32m  ✔[0m[90m should handle null price for token[0m
[0m    fetchHistoricalTokenPrice[0m
    [32m  ✔[0m[90m should fetch historical native token price for zero address[0m
    [32m  ✔[0m[90m should use default 30 days when no date provided for native token[0m
    [32m  ✔[0m[90m should handle null price for historical native token[0m
    [32m  ✔[0m[90m should fetch token details for non-zero address[0m
    [32m  ✔[0m[90m should handle null price for historical token[0m
[0m    searchDetailsOfContract[0m
    [32m  ✔[0m[90m should return details from contract source code when available[0m
    [32m  ✔[0m[90m should fallback to token details when source code is not available[0m
    [32m  ✔[0m[90m should handle null values in contract name[0m
[0m    getAllTokenHolders[0m
    [32m  ✔[0m[90m should forward to SubscanApi.getAllTokenHolders with correct parameters and trigger callback[0m
    [32m  ✔[0m[90m should return early when sync is already completed[0m
    [32m  ✔[0m[90m should continue from last page when sync was interrupted[0m
    [32m  ✔[0m[90m should handle errors gracefully[0m
[0m    getTokenCounters[0m
    [32m  ✔[0m[90m should return token counters from SubscanApi[0m

[0m  ProxyWeb3Provider[0m
[0m    getProvider[0m
    [32m  ✔[0m[90m should return PeaqProvider for peaqMainnet network[0m
    [32m  ✔[0m[90m should return Web3Provider for other networks[0m
    [32m  ✔[0m[90m should return ChillizProvider for chilizMainnet network[0m
    [32m  ✔[0m[90m should return CornProvider for cornMainnet network[0m
[0m    getDefaultProvider[0m
    [32m  ✔[0m[90m should return Web3Provider[0m
[0m    forward[0m
    [32m  ✔[0m[90m should forward calls to the correct provider[0m
    [32m  ✔[0m[90m should use fallback provider if method not available on primary provider[0m
    [32m  ✔[0m[90m should throw error if method not available on any provider[0m
[0m    Proxy Methods[0m
    [32m  ✔[0m[90m should forward getNativeBalance to the correct provider[0m
    [32m  ✔[0m[90m should forward getTokenBalances to the correct provider[0m
    [32m  ✔[0m[90m should forward fetchContractCreation to the correct provider[0m
    [32m  ✔[0m[90m should forward fetchContractSourceCode to the correct provider[0m
    [32m  ✔[0m[90m should forward fetchBasicTokenInfo to the correct provider[0m
    [32m  ✔[0m[90m should forward fetchTokenHolderAndSupply to the correct provider[0m
    [32m  ✔[0m[90m should forward fetchAddressTxns to the correct provider[0m
    [32m  ✔[0m[90m should forward fetchTokenPrice to the correct provider[0m
    [32m  ✔[0m[90m should forward searchDetailsOfContract to the correct provider[0m
    [32m  ✔[0m[90m should forward getAllTokenHolders to the correct provider[0m
    [32m  ✔[0m[90m should forward getTokenCounters to the correct provider[0m
    [32m  ✔[0m[90m should forward fetchHistoricalTokenPrice to the correct provider[0m

[0m  Modules: CornProvider[0m
[0m    getTokenBalances[0m
    [32m  ✔[0m[90m should delegate to BlockScoutProvider.getTokenBalances[0m
[0m    fetchAddressTxns[0m
    [32m  ✔[0m[90m should delegate to BlockScoutProvider.fetchAddressTxns[0m
[0m    fetchBasicTokenInfo[0m
    [32m  ✔[0m[90m should delegate to BlockScoutProvider.fetchBasicTokenInfo[0m
[0m    fetchContractSourceCode[0m
    [32m  ✔[0m[90m should delegate to RouteScanHelper.fetchContractSourceCode[0m
[0m    fetchContractCreation[0m
    [32m  ✔[0m[90m should delegate to RouteScanHelper.fetchContractCreation[0m

[0m  ChilizProvider[0m
[0m    getTokenBalances[0m
    [32m  ✔[0m[90m should return properly formatted token balances[0m
    [32m  ✔[0m[90m should return empty array when API call fails[0m
    [32m  ✔[0m[90m should return empty array when response message is not OK[0m
[0m    fetchContractCreation[0m
    [32m  ✔[0m[90m should return default values[0m
[0m    fetchContractSourceCode[0m
    [32m  ✔[0m[90m should return contract source code when available[0m
    [32m  ✔[0m[90m should return null when source code is not available[0m
    [32m  ✔[0m[90m should return null when API call fails[0m
[0m    fetchBasicTokenInfo[0m
    [32m  ✔[0m[90m should fetch native token info for zero address[0m
    [32m  ✔[0m[90m should handle price fetch failure for native token[0m
    [32m  ✔[0m[90m should fetch token details for non-zero address[0m
    [32m  ✔[0m[90m should handle API failure for token info[0m
[0m    fetchTokenHolderAndSupply[0m
    [32m  ✔[0m[90m should extract and return holder and supply data from token info[0m
[0m    fetchAddressTxns[0m
    [32m  ✔[0m[90m should process and filter valid transactions with block filtering[0m
    [32m  ✔[0m[90m should handle case when no sync progress exists[0m
[0m    _fetchTxList[0m
    [32m  ✔[0m[90m should fetch external transactions with pagination and filter valid ones[0m
    [32m  ✔[0m[90m should handle API errors gracefully[0m
    [32m  ✔[0m[90m should stop pagination when response is not OK[0m
[0m    _fetchERC20Transfers[0m
    [32m  ✔[0m[90m should fetch ERC20 transfers with pagination and block filtering[0m
    [32m  ✔[0m[90m should stop pagination when response is not OK[0m
    [32m  ✔[0m[90m should stop pagination when result is empty[0m
    [32m  ✔[0m[90m should stop pagination when result length is less than offset[0m
    [32m  ✔[0m[90m should handle API errors gracefully[0m
    [32m  ✔[0m[90m should handle missing result property[0m
[0m    _fetchInternalTxs[0m
    [32m  ✔[0m[90m should fetch internal transactions with pagination and filter valid ones[0m
    [32m  ✔[0m[90m should properly test pagination with 3 calls when needed[0m
    [32m  ✔[0m[90m should stop pagination when response is not OK[0m
    [32m  ✔[0m[90m should stop pagination when result length is less than offset[0m
    [32m  ✔[0m[90m should handle API errors gracefully[0m
    [32m  ✔[0m[90m should handle missing result property[0m
    [32m  ✔[0m[90m should continue pagination until no more data[0m
[0m    fetchTokenPrice[0m
    [32m  ✔[0m[90m should fetch native token price for zero address[0m
    [32m  ✔[0m[90m should return default price when native price fetch fails[0m
    [32m  ✔[0m[90m should return default price for non-zero address[0m
[0m    searchDetailsOfContract[0m
    [32m  ✔[0m[90m should return token details when token type is known[0m
    [32m  ✔[0m[90m should fallback to contract source code when token type is unknown[0m
    [32m  ✔[0m[90m should handle case when contract source code is not available[0m
[0m    getAllTokenHolders[0m
    [32m  ✔[0m[90m should fetch all token holders with callback and sync tracking[0m
    [32m  ✔[0m[90m should return early when sync is already completed[0m
    [32m  ✔[0m[90m should handle errors gracefully[0m
[0m    getTokenCounters[0m
    [32m  ✔[0m[90m should return token counters when API call succeeds[0m
    [32m  ✔[0m[90m should return default values when API call fails[0m
[0m    getTokenHoldersPage[0m
    [32m  ✔[0m[90m should fetch token holders for a specific page[0m
    [32m  ✔[0m[90m should use default page and pageSize when not provided[0m
    [32m  ✔[0m[90m should return empty holders when response is not OK[0m
    [32m  ✔[0m[90m should return empty holders when result is not an array[0m
    [32m  ✔[0m[90m should handle API errors gracefully[0m
[0m    _getAllTokenHolders[0m
    [32m  ✔[0m[90m should fetch all token holders with pagination and callback[0m
    [32m  ✔[0m[90m should work without callback[0m
    [32m  ✔[0m[90m should stop when no more holders are found[0m
    [32m  ✔[0m[90m should handle custom start page[0m
    [32m  ✔[0m[90m should handle errors gracefully[0m
[0m    _rpcCall[0m
    [32m  ✔[0m[90m should make successful API call[0m
    [32m  ✔[0m[90m should handle axios errors[0m
    [32m  ✔[0m[90m should construct correct URL for different paths[0m
    [32m  ✔[0m[90m should handle bottleneck rate limiting[0m
    [32m  ✔[0m[90m should handle retry mechanism[0m

[0m  Modules: BlockScoutProvider[0m
[0m    fetchAddressTxns[0m
    [32m  ✔[0m[90m should fetch and parse all transaction types successfully[0m
    [32m  ✔[0m[90m should determine transaction type correctly (withdraw vs deposit)[0m
    [32m  ✔[0m[90m should filter out transactions with no token info[0m
    [32m  ✔[0m[90m should filter out scam tokens[0m
    [32m  ✔[0m[90m should generate correct unique IDs for transactions[0m
    [32m  ✔[0m[90m should sort transactions by block number[0m
    [32m  ✔[0m[90m should update progress with the latest block number[0m
    [32m  ✔[0m[90m should handle empty transaction lists[0m
    [32m  ✔[0m[90m should handle errors gracefully[0m
    [32m  ✔[0m[90m should handle partial failures (some APIs succeed, others fail)[0m
    [32m  ✔[0m[90m should handle zero-value transactions in native ETH[0m
[0m    getTokenBalances[0m
    [32m  ✔[0m[90m should fetch and parse token balances successfully[0m
    [32m  ✔[0m[90m should handle multiple token balances[0m
    [32m  ✔[0m[90m should filter out tokens with empty data balance[0m
    [32m  ✔[0m[90m should filter out tokens that are not found in database[0m
    [32m  ✔[0m[90m should filter out scam tokens[0m
    [32m  ✔[0m[90m should handle NFT tokens (ERC-721)[0m
    [32m  ✔[0m[90m should handle empty token balance list[0m
    [32m  ✔[0m[90m should handle errors gracefully[0m
    [32m  ✔[0m[90m should properly format addresses using ethers.getAddress[0m
    [32m  ✔[0m[90m should preserve original balance for reference[0m
[0m    fetchBasicTokenInfo[0m
[0m      native token handling[0m
      [32m  ✔[0m[90m should return native token info for zero address on corn mainnet[0m
      [32m  ✔[0m[90m should return default native token info for unsupported networks[0m
[0m      ERC20 token handling[0m
      [32m  ✔[0m[90m should fetch and return ERC20 token details successfully[0m
      [32m  ✔[0m[90m should handle ERC721 tokens[0m
      [32m  ✔[0m[90m should handle ERC1155 tokens[0m
      [32m  ✔[0m[90m should handle missing token details gracefully[0m
      [32m  ✔[0m[90m should handle partial token details[0m
      [32m  ✔[0m[90m should handle BlockScout API errors gracefully[0m
      [32m  ✔[0m[90m should convert totalHolders number to string[0m
      [32m  ✔[0m[90m should preserve unknown token type when API returns unknown type[0m
      [32m  ✔[0m[90m should call BlockScoutHelper.getTokenFullDetails with correct parameters[0m
[0m      edge cases[0m
      [32m  ✔[0m[90m should handle empty string address[0m
      [32m  ✔[0m[90m should handle malformed address[0m

[0m  AragonAPI: index[0m
[0m    start[0m
    [32m  ✔[0m[90m should initialize and start the Koa API server[0m
[0m    stop[0m
    [32m  ✔[0m[90m should call the Utils.noop function[0m

[0m  AragonApi: app[0m
  [32m  ✔[0m[90m should initialize Koa app and start listening[0m
  [32m  ✔[0m[90m should handle unexpected API errors[0m

[0m  Model/Utils: setModels[0m
MongoModel Asset
MongoModel ConfigIndexer
MongoModel Dao
MongoModel DaoMemberMapping
MongoModel DaoPermission
MongoModel Jwt
MongoModel Lock
MongoModel LogMetadata
MongoModel LogPluginSetupProcessor
MongoModel Member
MongoModel MemberBalance
MongoModel MemberMetrics
MongoModel MemberTransaction
MongoModel Migration
MongoModel Plugin
MongoModel PluginRepo
MongoModel PluginSlug
MongoModel Proposal
MongoModel SelectorPermission
MongoModel Setting
MongoModel TaskRun
MongoModel TaskService
MongoModel Token
MongoModel Transaction
MongoModel Vote
  [32m  ✔[0m[90m successfully loads models[0m
  [32m  ✔[0m[90m successfully loads models[0m

[0m  Model/Utils: models[0m
[0m    paginateAndSort[0m
    [32m  ✔[0m[90m should apply default pagination and sorting if no parameters are provided[0m
    [32m  ✔[0m[90m should correctly calculate pagination and apply sorting based on input[0m
[0m    createFilter[0m
    [32m  ✔[0m[90m should create a filter with search terms and date range[0m
    [32m  ✔[0m[90m should create a filter with search terms and date range with same params[0m
[0m    parsePaginationParams[0m
    [32m  ✔[0m[90m should extract pagination parameters from RouterContext with default sort and order[0m
    [32m  ✔[0m[90m should return a checksummed Ethereum address if a valid lowercase address is provided[0m
    [32m  ✔[0m[90m should retain the original search value if Ethereum address parsing fails[0m
[0m    paginateEmptyResponse[0m
    [32m  ✔[0m[90m should return a standardized empty pagination response[0m
[0m    utcDateProp[0m
    [32m  ✔[0m[90m should handle null values correctly[0m
    [32m  ✔[0m[90m should convert input to UTC date[0m

[0m  Model/Utils: dbOperations[0m
[0m    createDocument[0m
    [32m  ✔[0m[90m should create a document and log the action[0m
    [32m  ✔[0m[90m should log an error and rethrow when creating a document fails[0m
[0m    updateDocument[0m
    [32m  ✔[0m[90m should update a document and log the action[0m
    [32m  ✔[0m[90m should log an error and rethrow when updating a document fails[0m

[0m  Model/Utils: crawler[0m
2025-07-21T10:17:09.801Z [[31merror[39m] error on db crawler
Detail : {
  "service": "modules: Crawler",
  "error": {},
  "documentId": "9",
  "errorStack": "Error: Failure on the last call
    at Context.<anonymous> (/Users/sishirpokhrel/Projects/aragon/app-backend/test/unit/models/utils/crawler.spec.ts:34:38)
    at callFn (/Users/sishirpokhrel/Projects/aragon/app-backend/node_modules/mocha/lib/runnable.js:364:21)
    at Test.Runnable.run (/Users/sishirpokhrel/Projects/aragon/app-backend/node_modules/mocha/lib/runnable.js:352:5)
    at Runner.runTest (/Users/sishirpokhrel/Projects/aragon/app-backend/node_modules/mocha/lib/runner.js:677:10)
    at /Users/sishirpokhrel/Projects/aragon/app-backend/node_modules/mocha/lib/runner.js:800:12
    at next (/Users/sishirpokhrel/Projects/aragon/app-backend/node_modules/mocha/lib/runner.js:592:14)
    at /Users/sishirpokhrel/Projects/aragon/app-backend/node_modules/mocha/lib/runner.js:602:7
    at next (/Users/sishirpokhrel/Projects/aragon/app-backend/node_modules/mocha/lib/runner.js:485:14)
    at cbHookRun (/Users/sishirpokhrel/Projects/aragon/app-backend/node_modules/mocha/lib/runner.js:550:7)
    at done (/Users/sishirpokhrel/Projects/aragon/app-backend/node_modules/mocha/lib/runnable.js:308:5)",
  "errorMessage": "Failure on the last call",
  "environment": "development",
  "tags": [
    "aragon-api"
  ]
}
  [32m  ✔[0m[90m processes documents[0m
  [32m  ✔[0m[90m rejects the promise if _fetchNext encounters an error[0m
  [32m  ✔[0m[90m throws an error if required options are missing[0m
2025-07-21T10:17:09.812Z [[31merror[39m] error on db crawler
Detail : {
  "service": "modules: Crawler",
  "error": {},
  "documentId": "5",
  "errorStack": "Error: Simulated error
    at Context.<anonymous> (/Users/sishirpokhrel/Projects/aragon/app-backend/test/unit/models/utils/crawler.spec.ts:80:38)
    at callFn (/Users/sishirpokhrel/Projects/aragon/app-backend/node_modules/mocha/lib/runnable.js:364:21)
    at Test.Runnable.run (/Users/sishirpokhrel/Projects/aragon/app-backend/node_modules/mocha/lib/runnable.js:352:5)
    at Runner.runTest (/Users/sishirpokhrel/Projects/aragon/app-backend/node_modules/mocha/lib/runner.js:677:10)
    at /Users/sishirpokhrel/Projects/aragon/app-backend/node_modules/mocha/lib/runner.js:800:12
    at next (/Users/sishirpokhrel/Projects/aragon/app-backend/node_modules/mocha/lib/runner.js:592:14)
    at /Users/sishirpokhrel/Projects/aragon/app-backend/node_modules/mocha/lib/runner.js:602:7
    at next (/Users/sishirpokhrel/Projects/aragon/app-backend/node_modules/mocha/lib/runner.js:485:14)
    at cbHookRun (/Users/sishirpokhrel/Projects/aragon/app-backend/node_modules/mocha/lib/runner.js:550:7)
    at done (/Users/sishirpokhrel/Projects/aragon/app-backend/node_modules/mocha/lib/runnable.js:308:5)",
  "errorMessage": "Simulated error",
  "environment": "development",
  "tags": [
    "aragon-api"
  ]
}
  [32m  ✔[0m[90m resolves with crawlResult when an error occurs and stopOnError is true[0m
  [32m  ✔[0m[90m correctly handles useAggregate = true[0m
  [32m  ✔[0m[90m correctly handles useAggregate = true with missing lines[0m
  [32m  ✔[0m[90m _worker handles error[0m
  [32m  ✔[0m[90m correctly handles sorting and raw mode[0m
  [32m  ✔[0m[90m defaultOnError[0m
  [32m  ✔[0m[90m crawl error[0m

[0m  AggregationQueryHelper[0m
[0m    dao[0m
    [32m  ✔[0m[90m should construct a valid aggregation query for dao[0m
    [32m  ✔[0m[90m should handle missing project fields[0m
[0m    daoMemberMapping[0m
    [32m  ✔[0m[90m should construct a valid aggregation query for daoMemberMapping[0m
[0m    proposals[0m
    [32m  ✔[0m[90m should construct a valid aggregation query for proposals[0m
[0m    plugin[0m
    [32m  ✔[0m[90m should construct a valid aggregation query for plugin[0m
[0m    token[0m
    [32m  ✔[0m[90m should construct a valid aggregation query for token[0m
[0m    memberCountByToken[0m
    [32m  ✔[0m[90m should construct a valid aggregation query for memberCountByToken[0m
[0m    memberTransactions[0m
    [32m  ✔[0m[90m should construct a valid aggregation query for memberTransactions[0m

[0m  Model: Vote[0m
  [32m  ✔[0m[90m Should getEntityId[0m
  [32m  ✔[0m[90m Should findExistingLog[0m
  [32m  ✔[0m[90m Should findByEntityId[0m
  [32m  ✔[0m[90m Should reload[0m
  [32m  ✔[0m[90m findVotes[0m
  [32m  ✔[0m[90m findVoteOnPlugin[0m
[0m    Create Vote[0m
    [32m  ✔[0m[90m Should create Vote[0m
    [32m  ✔[0m[90m should update Vote[0m
    [32m  ✔[0m[90m Should getEntityId[0m
    [32m  ✔[0m[90m Should findExistingLog[0m
    [32m  ✔[0m[90m should reload Vote[0m
[0m    Pagination[0m
    [32m  ✔[0m[90m should find with pagination[0m
    [32m  ✔[0m[90m should find with pagination with daoAddress[0m
    [32m  ✔[0m[90m should find with pagination with pluginAddress[0m
    [32m  ✔[0m[90m should find with pagination with tokenAddress[0m
    [32m  ✔[0m[90m should find votes with highlighted user[0m
    [32m  ✔[0m[90m should find with pagination empty result[0m
[0m    countUniqueMemberVotesByPlugin[0m
    [32m  ✔[0m[90m should return the count of unique member votes by plugin[0m
    [32m  ✔[0m[90m should return 0 if there are no unique votes[0m

[0m  Model: Transaction[0m
  [32m  ✔[0m[90m Should create Transaction[0m
  [32m  ✔[0m[90m Should getEntityId[0m
  [32m  ✔[0m[90m Should findExistingLog[0m
  [32m  ✔[0m[90m Should findByEntityId[0m
  [32m  ✔[0m[90m Should update Transaction[0m
  [32m  ✔[0m[90m Should reload[0m
  [32m  ✔[0m[90m Should filterKeys[0m
  [32m  ✔[0m[90m Should filterKeys without token[0m
[0m    pagination[0m
    [32m  ✔[0m[90m Should paginate[0m
    [32m  ✔[0m[90m should paginate with daoAddress[0m
    [32m  ✔[0m[90m should paginate with tokenAddress[0m
    [32m  ✔[0m[90m should find with pagination empty result[0m
    [32m  ✔[0m[90m Should not found documents[0m

[0m  Model: Token[0m
  [32m  ✔[0m[90m Should create Token[0m
  [32m  ✔[0m[90m Should getEntityId[0m
  [32m  ✔[0m[90m Should findExistingLog[0m
  [32m  ✔[0m[90m Should findByEntityId[0m
  [32m  ✔[0m[90m Should update Token[0m
  [32m  ✔[0m[90m Should find Token by address and networks[0m
  [32m  ✔[0m[90m Should reload[0m
  [32m  ✔[0m[90m Should filterKeys[0m
  [32m  ✔[0m[90m should get holder count[0m
  [32m  ✔[0m[90m should pick fields[0m
[0m    Pagination[0m
    [32m  ✔[0m[90m Should find Pagination[0m
    [32m  ✔[0m[90m Should find Pagination with type[0m
    [32m  ✔[0m[90m Should not found documents[0m

[0m  Model: TaskService[0m
  [32m  ✔[0m[90m Should create TaskService[0m
  [32m  ✔[0m[90m Should getEntityId[0m
  [32m  ✔[0m[90m Should findByEntityId[0m
  [32m  ✔[0m[90m Should update TaskService[0m
  [32m  ✔[0m[90m Should reload[0m

[0m  Model: TaskRun[0m
  [32m  ✔[0m[90m Should create TaskRun[0m
  [32m  ✔[0m[90m Should getEntityId[0m
  [32m  ✔[0m[90m Should findByEntityId[0m
  [32m  ✔[0m[90m Should update TaskRun[0m
  [32m  ✔[0m[90m Should reload[0m

[0m  Model: Setting[0m
  [32m  ✔[0m[90m Should getEntityId[0m
  [32m  ✔[0m[90m Should findExistingLog[0m
  [32m  ✔[0m[90m Should findByEntityId[0m
  [32m  ✔[0m[90m Should correctly find the active Settings[0m
  [32m  ✔[0m[90m Should correctly find the last setting by blockNumber[0m
  [32m  ✔[0m[90m Should update Setting[0m
  [32m  ✔[0m[90m Should reload[0m
[0m    Create Setting[0m
    [32m  ✔[0m[90m Should create Setting[0m
[0m    findWithPagination[0m
    [32m  ✔[0m[90m Should find all settings with pagination[0m
    [32m  ✔[0m[90m should find the settings by daoAddress[0m
    [32m  ✔[0m[90m should not find the settings by daoAddress[0m
[0m    should find settings[0m
    [32m  ✔[0m[90m should find the settings by different filters[0m

[0m  Model: Proposal[0m
  [32m  ✔[0m[90m Should update Proposal[0m
  [32m  ✔[0m[90m Should getEntityId[0m
  [32m  ✔[0m[90m Should update Proposal[0m
  [32m  ✔[0m[90m Should getEntityId[0m
  [32m  ✔[0m[90m Should findExistingLog[0m
  [32m  ✔[0m[90m Should findByEntityId[0m
  [32m  ✔[0m[90m Should findByProposalId[0m
  [32m  ✔[0m[90m Should findByProposalIndex[0m
  [32m  ✔[0m[90m Should findByProposalIncrementalId[0m
  [32m  ✔[0m[90m Should reload[0m
[0m    Create Proposal[0m
    [32m  ✔[0m[90m Should create Proposal multisig[0m
    [32m  ✔[0m[90m Should create Proposal token-voting[0m
[0m    paginate[0m
    [32m  ✔[0m[90m Should find with pagination[0m
    [32m  ✔[0m[90m Should find with pagination with daoAddress[0m
    [32m  ✔[0m[90m Should find with pagination with pluginAddress[0m
    [32m  ✔[0m[90m should return the metadata at least if no result found[0m
    [32m  ✔[0m[90m Should find with pagination with daoAddress and pluginAddress[0m
[0m    findWithEntityId[0m
    [32m  ✔[0m[90m Should find with entityId[0m
    [32m  ✔[0m[90m should find findLatestProposal[0m
[0m    lastSavedProposal[0m
    [32m  ✔[0m[90m Should find lastSavedProposal[0m

[0m  Model: PluginSlug[0m
  [32m  ✔[0m[90m Should create PluginSlug[0m
  [32m  ✔[0m[90m Should findExistingSlugInDao[0m
  [32m  ✔[0m[90m Should update PluginSlug[0m
  [32m  ✔[0m[90m Should reload[0m

[0m  Model: Plugin Repo[0m
  [32m  ✔[0m[90m should get entity id[0m
  [32m  ✔[0m[90m should find existing log[0m
  [32m  ✔[0m[90m should find by entityId[0m
  [32m  ✔[0m[90m should update plugin repo[0m
  [32m  ✔[0m[90m should reload plugin[0m
[0m    Create Plugin Repo[0m
    [32m  ✔[0m[90m Should create Plugin[0m
    [32m  ✔[0m[90m should save without plugin id present[0m
    [32m  ✔[0m[90m should fail when network is not present[0m
    [32m  ✔[0m[90m should fail when transaction hash is not present[0m
    [32m  ✔[0m[90m should fail when transaction index is not present[0m
    [32m  ✔[0m[90m should fail when log index is not present[0m

[0m  Model: Plugin[0m
  [32m  ✔[0m[90m should get entity id[0m
  [32m  ✔[0m[90m should find existing log[0m
  [32m  ✔[0m[90m should find by entityId[0m
  [32m  ✔[0m[90m should find by address not supported[0m
  [32m  ✔[0m[90m Should find Plugin by address and networks[0m
  [32m  ✔[0m[90m Should find Plugin by address and networks[0m
  [32m  ✔[0m[90m should find by address isSupported[0m
  [32m  ✔[0m[90m should findActivePluginByTokenAddress[0m
  [32m  ✔[0m[90m should find all active plugins for a DAO[0m
  [32m  ✔[0m[90m should update plugin[0m
  [32m  ✔[0m[90m should reload plugin[0m
[0m    Create Plugin[0m
    [32m  ✔[0m[90m Should create Plugin[0m
    [32m  ✔[0m[90m should save without plugin id present[0m
    [32m  ✔[0m[90m should fail when address is not present[0m
    [32m  ✔[0m[90m should fail when network is not present[0m
    [32m  ✔[0m[90m should fail when transactionHash is not present[0m
[0m    getPluginIdBySlugAndDao[0m
    [32m  ✔[0m[90m should getPluginIdBySlugAndDao[0m
    [32m  ✔[0m[90m should not find getPluginIdBySlugAndDao[0m

[0m  Model: Migration[0m
[0m    create[0m
    [32m  ✔[0m[90m Should create Migration[0m
    [32m  ✔[0m[90m Should throw error when filename is missing[0m
[0m    findByFilename[0m
    [32m  ✔[0m[90m Should find migration by filename[0m
    [32m  ✔[0m[90m Should return null when migration not found[0m
[0m    findPendingMigrations[0m
    [32m  ✔[0m[90m Should find only pending migrations sorted by filename[0m
    [32m  ✔[0m[90m Should return empty array when no pending migrations[0m
[0m    findExecutedMigrations[0m
    [32m  ✔[0m[90m Should find completed and failed migrations sorted by executedAt[0m
[0m    getLastExecutedMigration[0m
    [32m  ✔[0m[90m Should return the most recently completed migration[0m
    [32m  ✔[0m[90m Should return null when no completed migrations[0m
[0m    markAsRunning[0m
    [32m  ✔[0m[90m Should mark migration as running with start time[0m
[0m    markAsCompleted[0m
    [32m  ✔[0m[90m Should mark migration as completed with execution time[0m[31m (118ms)[0m
    [32m  ✔[0m[90m Should handle completion without startedAt[0m
[0m    markAsFailed[0m
    [32m  ✔[0m[90m Should mark migration as failed with error details[0m[31m (122ms)[0m
    [32m  ✔[0m[90m Should handle error without stack[0m
[0m    filterKeys[0m
    [32m  ✔[0m[90m Should filter out _id and __v[0m
    [32m  ✔[0m[90m Should pick only specified keys[0m
    [32m  ✔[0m[90m Should return empty object when picking non-existent keys[0m

[0m  Model: Member Transaction[0m
  [32m  ✔[0m[90m Should getEntityId[0m
  [32m  ✔[0m[90m Should findExistingLog[0m
  [32m  ✔[0m[90m should find by entity id[0m
  [32m  ✔[0m[90m should find by address[0m
  [32m  ✔[0m[90m should update[0m
  [32m  ✔[0m[90m should reload[0m
[0m    it should create member balance[0m
    [32m  ✔[0m[90m should create new entry of member balance[0m
    [32m  ✔[0m[90m should save without asset if id present[0m
    [32m  ✔[0m[90m should fail when address is not present[0m
    [32m  ✔[0m[90m should fail if txHash is not present[0m
    [32m  ✔[0m[90m should fail if transaction index is not present[0m
    [32m  ✔[0m[90m should fail if log index is not present[0m

[0m  Model: MemberMetrics[0m
  [32m  ✔[0m[90m Should getEntityId[0m
  [32m  ✔[0m[90m Should findExistingLog[0m
  [32m  ✔[0m[90m Should findByEntityId[0m
  [32m  ✔[0m[90m Should findByAddress[0m
  [32m  ✔[0m[90m should update MemberMetrics[0m
  [32m  ✔[0m[90m Should reload[0m
  [32m  ✔[0m[90m should decreaseDelegateReceivedCount[0m
  [32m  ✔[0m[90m should increaseDelegateReceivedCount[0m
  [32m  ✔[0m[90m should increaseVoteCount[0m
  [32m  ✔[0m[90m should increaseProposalCount[0m
[0m    it should create member balance[0m
    [32m  ✔[0m[90m should create new entry of member balance[0m
    [32m  ✔[0m[90m should save without asset if id present[0m
    [32m  ✔[0m[90m should fail when token address is not present[0m
    [32m  ✔[0m[90m should fail when network is not present[0m
    [32m  ✔[0m[90m should fail when address is not present[0m

[0m  Model: MemberBalance[0m
  [32m  ✔[0m[90m Should getEntityId[0m
  [32m  ✔[0m[90m Should findExistingLog[0m
  [32m  ✔[0m[90m Should findByEntityId[0m
  [32m  ✔[0m[90m Should findByAddress[0m
  [32m  ✔[0m[90m should update Member[0m
  [32m  ✔[0m[90m Should reload[0m
  [32m  ✔[0m[90m should increase the balance[0m
  [32m  ✔[0m[90m should updateVotingPower[0m
  [32m  ✔[0m[90m should find by findByAddressAndToken[0m
[0m    it should create member balance[0m
    [32m  ✔[0m[90m should create new entry of member balance[0m
    [32m  ✔[0m[90m should save without asset if id present[0m
    [32m  ✔[0m[90m should fail when token address is not present[0m
    [32m  ✔[0m[90m should fail when network is not present[0m
    [32m  ✔[0m[90m should fail when address is not present[0m
[0m    increaseBalance[0m
    [32m  ✔[0m[90m should decrease the balance[0m
    [32m  ✔[0m[90m should not decrease the balance if current balance is less than decrement[0m
[0m    pagination[0m
    [32m  ✔[0m[90m should find and paginate member balances with tokenAddress filter[0m
    [32m  ✔[0m[90m should return empty array if no member is found[0m
    [32m  ✔[0m[90m should apply search filter correctly[0m
    [32m  ✔[0m[90m should return correct page size[0m[31m (166ms)[0m
    [32m  ✔[0m[90m should return empty response when page exceeds total pages[0m
    [32m  ✔[0m[90m should sort results correctly[0m

[0m  Model: Member[0m
  [32m  ✔[0m[90m Should create Member[0m
  [32m  ✔[0m[90m Should getEntityId[0m
  [32m  ✔[0m[90m Should findExistingLog[0m
  [32m  ✔[0m[90m Should findByEntityId[0m
  [32m  ✔[0m[90m Should findByEns[0m
  [32m  ✔[0m[90m should findByAddress[0m
  [32m  ✔[0m[90m should update Member[0m
  [32m  ✔[0m[90m Should reload[0m
[0m    findMemberByAddress[0m
    [32m  ✔[0m[90m should find member by address only[0m
    [32m  ✔[0m[90m should return all the details of the member if passed extra params[0m
[0m    findPaginatedMembersOnly[0m
    [32m  ✔[0m[90m should find and paginate members only with all params[0m
    [32m  ✔[0m[90m should apply search filter correctly[0m
    [32m  ✔[0m[90m should return empty response when page exceeds total pages[0m
    [32m  ✔[0m[90m should correctly sort results by specified field[0m
    [32m  ✔[0m[90m should return correct pageSize in response[0m[33m (70ms)[0m
    [32m  ✔[0m[90m should search by address or ENS[0m

[0m  Model: LogPluginSetupProcessor[0m
  [32m  ✔[0m[90m Should update LogPluginSetupProcessor[0m
  [32m  ✔[0m[90m Should getEntityId[0m
  [32m  ✔[0m[90m Should findExistingLog[0m
  [32m  ✔[0m[90m Should findByEntityId[0m
  [32m  ✔[0m[90m should find plugin by token address[0m
  [32m  ✔[0m[90m Should reload[0m
  [32m  ✔[0m[90m should findByPluginAddress[0m
[0m    Create LogPluginSetupProcessor[0m
    [32m  ✔[0m[90m Should create LogPluginSetupProcessor[0m
    [32m  ✔[0m[90m Should create LogPluginSetupProcessor without entityId[0m

[0m  Model: LogMetadata[0m
  [32m  ✔[0m[90m Should update LogDaoMetadata[0m
  [32m  ✔[0m[90m Should getEntityId[0m
  [32m  ✔[0m[90m Should findExistingLog[0m
  [32m  ✔[0m[90m Should findByEntityId[0m
  [32m  ✔[0m[90m Should reload[0m
  [32m  ✔[0m[90m getMetadataAtBlockNumber[0m
[0m    Create LogDaoMetadata[0m
    [32m  ✔[0m[90m Should create LogDaoMetadata[0m
    [32m  ✔[0m[90m Should create without entityId[0m

[0m  Model: Lock[0m
[0m    it should create lock[0m
    [32m  ✔[0m[90m should create new entry of lock[0m
    [32m  ✔[0m[90m should save without calling getEntityId if id is present[0m
    [32m  ✔[0m[90m should fail when network is not present[0m
    [32m  ✔[0m[90m should fail when transactionHash is not present[0m
    [32m  ✔[0m[90m should fail when transactionIndex is not present[0m
    [32m  ✔[0m[90m should fail when logIndex is not present[0m
    [32m  ✔[0m[90m should fail when tokenAddress is not present[0m
    [32m  ✔[0m[90m should fail when memberAddress is not present[0m
    [32m  ✔[0m[90m should fail when escrowAddress is not present[0m
[0m    static methods[0m
    [32m  ✔[0m[90m Should getEntityId[0m
    [32m  ✔[0m[90m Should findExistingLog[0m
    [32m  ✔[0m[90m Should findByEntityId[0m
    [32m  ✔[0m[90m Should findLockMember[0m
[0m    instance methods[0m
    [32m  ✔[0m[90m should update Lock[0m
    [32m  ✔[0m[90m should not update if value is equal[0m
    [32m  ✔[0m[90m Should reload[0m
[0m    nested objects[0m
    [32m  ✔[0m[90m should create lock with default lockExit values[0m
    [32m  ✔[0m[90m should create lock with default lockWithdraw values[0m
    [32m  ✔[0m[90m should update lockExit status[0m
    [32m  ✔[0m[90m should update lockWithdraw status[0m
[0m    entityId generation[0m
    [32m  ✔[0m[90m should generate correct entityId format[0m
[0m    findWithPagination[0m
    [32m  ✔[0m[90m should return 2 locks when 2 locks are created[0m

[0m  Model: Jwt[0m
  [32m  ✔[0m[90m Should create Jwt[0m
  [32m  ✔[0m[90m Should find Jwt by value[0m
  [32m  ✔[0m[90m Should reload[0m
  [32m  ✔[0m[90m should updateOnly[0m

[0m  Dao Permission[0m
  [32m  ✔[0m[90m should get entity id[0m
  [32m  ✔[0m[90m should find existing log[0m
  [32m  ✔[0m[90m should find by entity id[0m
  [32m  ✔[0m[90m should find permission[0m
  [32m  ✔[0m[90m should find permission with no permission[0m
  [32m  ✔[0m[90m should update permission[0m
[0m    create dao permission[0m
    [32m  ✔[0m[90m should create a new dao permission[0m
    [32m  ✔[0m[90m should not create a new dao permission if network is missing[0m
    [32m  ✔[0m[90m should not create a new dao permission if transactionHash is missing[0m
    [32m  ✔[0m[90m should not create a new dao permission if transactionIndex is missing[0m
    [32m  ✔[0m[90m should not create a new dao permission if logIndex is missing[0m
    [32m  ✔[0m[90m should not create a new dao permission if daoAddress is missing[0m

[0m  Model: DaoMemberMappings[0m
  [32m  ✔[0m[90m Should create daoMemberMapping[0m
  [32m  ✔[0m[90m Should findAllMembersOfPlugin[0m
  [32m  ✔[0m[90m Should update daoMember[0m
  [32m  ✔[0m[90m Should reload[0m
  [32m  ✔[0m[90m should removeSelf[0m
  [32m  ✔[0m[90m should countUniqueMembers[0m
  [32m  ✔[0m[90m should count properly unique member[0m
[0m    findMapping[0m
    [32m  ✔[0m[90m Should findMapping[0m
    [32m  ✔[0m[90m should find mapping if no token address is passed[0m
[0m    pagination[0m
    [32m  ✔[0m[90m should find and paginate members with all params[0m
    [32m  ✔[0m[90m should find and paginate members with pluginAddress only[0m
    [32m  ✔[0m[90m should find and paginate members with daoAddress only[0m
    [32m  ✔[0m[90m should find and paginate members with network only[0m
    [32m  ✔[0m[90m should apply search filter when search parameter is provided[0m
    [32m  ✔[0m[90m should return empty response when page exceeds total pages[0m
    [32m  ✔[0m[90m should correctly sort results by specified field[0m
    [32m  ✔[0m[90m should return correct pageSize in response[0m[31m (182ms)[0m

[0m  Model: Dao[0m
  [32m  ✔[0m[90m Should getEntityId[0m
  [32m  ✔[0m[90m Should findExistingLog[0m
  [32m  ✔[0m[90m Should findByEntityId[0m
  [32m  ✔[0m[90m Should findByAddress[0m
  [32m  ✔[0m[90m Should update DAO[0m
  [32m  ✔[0m[90m Should reload[0m
  [32m  ✔[0m[90m should getDaoDetails[0m
  [32m  ✔[0m[90m should update the dao metrics[0m
[0m    Create DAO[0m
    [32m  ✔[0m[90m Should create DAO[0m
[0m    Pagination[0m
    [32m  ✔[0m[90m Should return empty pagination response when memberAddress is provided and extraQueryData.daoAddresses is empty[0m
    [32m  ✔[0m[90m Should find Pagination[0m
    [32m  ✔[0m[90m Should find Pagination with networks and plugin[0m
    [32m  ✔[0m[90m Should find Pagination with from to date[0m
    [32m  ✔[0m[90m Should find Pagination with pageSize[0m
    [32m  ✔[0m[90m Should find Pagination with page and pageSize[0m
    [32m  ✔[0m[90m Should not add excluded keys to the filter[0m
    [32m  ✔[0m[90m Should not found documents[0m

[0m  Model: ConfigIndexer[0m
  [32m  ✔[0m[90m Should create ConfigIndexer[0m
  [32m  ✔[0m[90m Should getEntityId[0m
  [32m  ✔[0m[90m Should findExistingLog[0m
  [32m  ✔[0m[90m Should findByEntityId[0m
  [32m  ✔[0m[90m Should update ConfigIndexer[0m
  [32m  ✔[0m[90m Should reload[0m

[0m  Model: Asset[0m
  [32m  ✔[0m[90m Should create Asset[0m
  [32m  ✔[0m[90m Should getEntityId[0m
  [32m  ✔[0m[90m Should findExistingLog[0m
  [32m  ✔[0m[90m Should findByEntityId[0m
  [32m  ✔[0m[90m Should update Asset[0m
  [32m  ✔[0m[90m Should reload[0m
  [32m  ✔[0m[90m should get dao tvl[0m
[0m    Pagination[0m
    [32m  ✔[0m[90m should find with pagination[0m
    [32m  ✔[0m[90m should find with pagination with daoAddress[0m
    [32m  ✔[0m[90m should find with pagination empty result[0m

[0m  Router: StatusAdmin[0m
  [32m  ✔[0m[90m Should get status[0m

[0m  Router: QueueAdmin[0m
  [32m  ✔[0m[90m queueDaoPlugins[0m
  [32m  ✔[0m[90m queueDaoTransactions[0m
  [32m  ✔[0m[90m queueDaoAssets[0m
  [32m  ✔[0m[90m queueDaoMetrics[0m
  [32m  ✔[0m[90m queueProposalMetrics[0m
[0m    recalculateProposalActions[0m
    [32m  ✔[0m[90m should validate and call controller with query parameters[0m
    [32m  ✔[0m[90m should handle validation errors[0m

[0m  Router: MainAdminRouter[0m
  [32m  ✔[0m[90m Should get main admin router[0m[31m (1003ms)[0m
  [32m  ✔[0m[90m Should setup main router with all child routers[0m

[0m  Router: DaoAdmin[0m
[0m    setVisibilityStatus[0m
    [32m  ✔[0m[90m should call controller with status true and set isHidden false[0m
    [32m  ✔[0m[90m should call controller with status false and set isHidden true[0m
    [32m  ✔[0m[90m should throw if validation fails[0m

[0m  Controller: StatusAdmin[0m
  [32m  ✔[0m[90m get status[0m

[0m  Controller: QueueAdmin[0m
2025-07-21T10:17:17.510Z [[36mverbose[39m] Force queue proposal metrics
Detail : {
  "service": "QueueAdminController",
  "proposalIndex": "1",
  "pluginAddress": "0x456",
  "network": "mainnet",
  "environment": "development",
  "tags": [
    "aragon-api"
  ]
}
  [32m  ✔[0m[90m should queue proposal metrics successfully[0m
  [32m  ✔[0m[90m should throw error if DAO not found[0m
  [32m  ✔[0m[90m should call rabbitMQ with correct params for queue dao asset[0m
[0m    queuePlugins[0m
2025-07-21T10:17:17.523Z [[36mverbose[39m] Force queue generate slug plugin
Detail : {
  "service": "QueueAdminController",
  "address": "0x456",
  "network": "mainnet",
  "environment": "development",
  "tags": [
    "aragon-api"
  ]
}
2025-07-21T10:17:17.524Z [[36mverbose[39m] Force queue plugin
Detail : {
  "service": "QueueAdminController",
  "address": "0x456",
  "network": "mainnet",
  "environment": "development",
  "tags": [
    "aragon-api"
  ]
}
    [32m  ✔[0m[90m should queue plugins successfully[0m
    [32m  ✔[0m[90m should queue plugins successfully when plugin slug exists[0m
    [32m  ✔[0m[90m should throw error if DAO not found for queuePlugins[0m
    [32m  ✔[0m[90m should handle empty plugins array[0m
    [32m  ✔[0m[90m should handle errors when generating slug[0m
    [32m  ✔[0m[90m should handle errors when sending message via RabbitMQ[0m
[0m    queueDaoTransactions[0m
    [32m  ✔[0m[90m should call rabbitMQ with correct params for queue dao transactions[0m
    [32m  ✔[0m[90m should throw error if DAO not found[0m
    [32m  ✔[0m[90m should handle RabbitMQ errors in queueDaoTransactions[0m
[0m    queueDaoMetrics[0m
    [32m  ✔[0m[90m should call rabbitMQ with correct params for queue dao metrics[0m
    [32m  ✔[0m[90m should throw error if DAO not found[0m
    [32m  ✔[0m[90m should handle RabbitMQ errors in queueDaoMetrics[0m
[0m    queueProposalMetrics[0m
2025-07-21T10:17:17.568Z [[36mverbose[39m] Force queue proposal metrics
Detail : {
  "service": "QueueAdminController",
  "proposalIndex": "1",
  "pluginAddress": "0x456",
  "network": "mainnet",
  "environment": "development",
  "tags": [
    "aragon-api"
  ]
}
    [32m  ✔[0m[90m should queue proposal metrics for tokenVoting interface type[0m
2025-07-21T10:17:17.572Z [[36mverbose[39m] Force queue proposal metrics
Detail : {
  "service": "QueueAdminController",
  "proposalIndex": "1",
  "pluginAddress": "0x456",
  "network": "mainnet",
  "environment": "development",
  "tags": [
    "aragon-api"
  ]
}
    [32m  ✔[0m[90m should queue proposal metrics for multisig interface type[0m
    [32m  ✔[0m[90m should throw error if plugin not found[0m
    [32m  ✔[0m[90m should throw error if proposal not found[0m
    [32m  ✔[0m[90m should handle RabbitMQ errors in queueProposalMetrics[0m
    [32m  ✔[0m[90m should properly handle logger verbose calls[0m
[0m    recalculateProposalActions[0m
    [32m  ✔[0m[90m should successfully recalculate proposal actions[0m
2025-07-21T10:17:17.591Z [[32minfo[39m] Recalculating proposal actions
Detail : {
  "service": "QueueAdminController",
  "incrementalId": 1,
  "pluginAddress": "0x456",
  "network": "ethereum-mainnet",
  "environment": "development",
  "tags": [
    "aragon-api"
  ]
}
    [32m  ✔[0m[90m should return false when proposal actions parsing fails[0m
2025-07-21T10:17:17.594Z [[32minfo[39m] Recalculating proposal actions
Detail : {
  "service": "QueueAdminController",
  "incrementalId": 1,
  "pluginAddress": "0x456",
  "network": "ethereum-mainnet",
  "environment": "development",
  "tags": [
    "aragon-api"
  ]
}
    [32m  ✔[0m[90m should return false when plugin is not found[0m
2025-07-21T10:17:17.597Z [[32minfo[39m] Recalculating proposal actions
Detail : {
  "service": "QueueAdminController",
  "incrementalId": 1,
  "pluginAddress": "0x456",
  "network": "ethereum-mainnet",
  "environment": "development",
  "tags": [
    "aragon-api"
  ]
}
    [32m  ✔[0m[90m should return false when proposal is not found[0m
2025-07-21T10:17:17.600Z [[32minfo[39m] Recalculating proposal actions
Detail : {
  "service": "QueueAdminController",
  "incrementalId": 1,
  "pluginAddress": "0x456",
  "network": "ethereum-mainnet",
  "environment": "development",
  "tags": [
    "aragon-api"
  ]
}
    [32m  ✔[0m[90m should handle unexpected errors gracefully[0m

[0m  Controller: DaoAdmin[0m
[0m    setVisibilityStatus[0m
    [32m  ✔[0m[90m should set isHidden to false if status is true (visible)[0m
    [32m  ✔[0m[90m should set isHidden to true if status is false (hidden)[0m
    [32m  ✔[0m[90m should throw error if DAO is not found[0m

[0m  Router: Status[0m
  [32m  ✔[0m[90m Should get status[0m

[0m  Router: MainRouter[0m
[0m    getRouterPaths[0m
    [32m  ✔[0m[90m should extract paths from router stack[0m
    [32m  ✔[0m[90m should return empty array for invalid router[0m
[0m    createVersionedRootPaths[0m
    [32m  ✔[0m[90m should mount v2 routes first, then v1 routes with middleware[0m
[0m    router[0m
    [32m  ✔[0m[90m Should create main router with versioned paths[0m
    [32m  ✔[0m[90m Should handle v2 priority over v1 for overlapping routes[0m

[0m  Controller: Vote[0m
[0m    getVoteWithPagination[0m
    [32m  ✔[0m[90m should get vote with pagination - all params[0m
    [32m  ✔[0m[90m should get vote with pagination - ens[0m
    [32m  ✔[0m[90m should return empty response if filter params is not exist[0m

[0m  TransactionController[0m
[0m    getTransactionIndexingStatus()[0m
[0m      Common functionality[0m
      [32m  ✔[0m[90m should handle errors gracefully and return isProcessed false[0m
[0m      DAO_CREATE indexing[0m
      [32m  ✔[0m[90m should return isProcessed true when DAO creation transaction is found[0m
      [32m  ✔[0m[90m should return isProcessed false when DAO creation transaction is not found[0m
[0m      PROPOSAL_CREATE indexing[0m
      [32m  ✔[0m[90m should return isProcessed true with slug when proposal is created[0m
      [32m  ✔[0m[90m should return slug for sub-proposal when parent plugin exists[0m
      [32m  ✔[0m[90m should log error and return isProcessed true when plugin slug is not found[0m
      [32m  ✔[0m[90m should return isProcessed false when proposal is not found[0m
[0m      PROPOSAL_ADVANCE_STAGE indexing[0m
      [32m  ✔[0m[90m should return isProcessed true when stage execution is found[0m
[0m      PROPOSAL_EXECUTE indexing[0m
      [32m  ✔[0m[90m should return isProcessed true when proposal execution is found[0m
[0m      PROPOSAL_REPORT_RESULTS indexing[0m
      [32m  ✔[0m[90m should return isProcessed false when proposal results do not exist[0m
      [32m  ✔[0m[90m should return isProcessed true with result details when proposal results exist[0m
[0m      LOCK_CREATE indexing[0m
      [32m  ✔[0m[90m should return isProcessed true when lock creation is found[0m
      [32m  ✔[0m[90m should return isProcessed false when lock creation is not found[0m
[0m      EXIT_CREATE indexing[0m
      [32m  ✔[0m[90m should return isProcessed true when lock exit is found[0m
      [32m  ✔[0m[90m should return isProcessed false when lock exit is not found[0m
[0m      WITHDRAW_CREATE indexing[0m
      [32m  ✔[0m[90m should return isProcessed true when lock withdrawal is found[0m
      [32m  ✔[0m[90m should return isProcessed false when lock withdrawal is not found[0m
[0m      PLUGIN_CREATE indexing[0m
      [32m  ✔[0m[90m should return plugin details when supported plugin is found[0m
      [32m  ✔[0m[90m should return plugin details when unsupported plugin is found[0m
      [32m  ✔[0m[90m should return isProcessed false when plugin is not found[0m
[0m    _getQueryForAction()[0m
    [32m  ✔[0m[90m should return base query for PROPOSAL_CREATE[0m
    [32m  ✔[0m[90m should return nested query for PROPOSAL_EXECUTE[0m
    [32m  ✔[0m[90m should return nested query for PROPOSAL_ADVANCE_STAGE[0m
    [32m  ✔[0m[90m should return nested query for PROPOSAL_REPORT_RESULTS[0m
    [32m  ✔[0m[90m should return base query for LOCK_CREATE[0m
    [32m  ✔[0m[90m should return nested query for EXIT_CREATE[0m
    [32m  ✔[0m[90m should return nested query for WITHDRAW_CREATE[0m
    [32m  ✔[0m[90m should return base query for PLUGIN_CREATE[0m
    [32m  ✔[0m[90m should return default query for unknown action[0m

[0m  Controller: Token[0m
[0m    getTokensWithPagination[0m
    [32m  ✔[0m[90m should get proposals with pagination - all params[0m
    [32m  ✔[0m[90m should get proposals no params[0m
[0m    getTokenByAddress[0m
    [32m  ✔[0m[90m getTokenByAddress new token[0m
    [32m  ✔[0m[90m getTokenByAddress existing token[0m
    [32m  ✔[0m[90m getTokenByAddress not found[0m

[0m  Controller: Status[0m
  [32m  ✔[0m[90m get status[0m

[0m  Controller: Setting[0m
[0m    getSettingsWithPagination[0m
    [32m  ✔[0m[90m should get settings with pagination - all params[0m
    [32m  ✔[0m[90m should get settings no params[0m
    [32m  ✔[0m[90m should get settings with pagination - daoId[0m
    [32m  ✔[0m[90m should get settings with pagination - daoId not found[0m
[0m    getActiveSettingOfDao[0m
    [32m  ✔[0m[90m should get active setting by daoId[0m
    [32m  ✔[0m[90m should get active setting by daoAddress[0m
    [32m  ✔[0m[90m should fail when dao not found[0m
    [32m  ✔[0m[90m should fail when setting not found[0m

[0m  Controller: Proposal[0m
[0m    getProposalsWithPagination[0m
    [32m  ✔[0m[90m should get proposals with pagination - all params[0m
    [32m  ✔[0m[90m should get proposals no params[0m
    [32m  ✔[0m[90m should get proposals with pagination - daoId[0m
    [32m  ✔[0m[90m should get proposals with pagination - daoId not found[0m
[0m    getProposalById[0m
    [32m  ✔[0m[90m should getProposalById[0m
    [32m  ✔[0m[90m should fail to getProposalById[0m
[0m    getProposalBySlug[0m
    [32m  ✔[0m[90m should getProposalBySlug[0m
    [32m  ✔[0m[90m should fail to getProposalBySlug[0m
[0m    canCreateProposal[0m
    [32m  ✔[0m[90m should call rabbitMq to check if the user can create proposal[0m
    [32m  ✔[0m[90m should return false when there is an error[0m
[0m    getProposalDecodedActions[0m
    [32m  ✔[0m[90m should getProposalDecodedActions[0m
    [32m  ✔[0m[90m should return empty array when actions are not available[0m
    [32m  ✔[0m[90m should throw error if proposal is not found[0m

[0m  Controller: Plugin[0m
[0m    getInstallationData[0m
    [32m  ✔[0m[90m should fetch installation data via RabbitMQ when data is not locally available[0m

[0m  Controller: Member[0m
[0m    getMembersWithPagination[0m
    [32m  ✔[0m[90m should call findPaginatedMembersOnly when no pluginAddress and daoAddress[0m
    [32m  ✔[0m[90m should call DaoMemberMapping.findAndPaginate when only daoAddress is provided[0m
    [32m  ✔[0m[90m should call MemberBalance.findAndPaginate when plugin has tokenAddress and interfaceType is tokenVoting[0m
    [32m  ✔[0m[90m should call DaoMemberMapping.findAndPaginate when plugin has no tokenAddress or interfaceType is not tokenVoting[0m
    [32m  ✔[0m[90m should throw an error when plugin is not found[0m
[0m    getMemberByAddress[0m
    [32m  ✔[0m[90m should get member by address[0m
    [32m  ✔[0m[90m should get member by address when token address is also provided[0m
    [32m  ✔[0m[90m should return the member even if RabbitMQHelper.sendMessage throws an error[0m
    [32m  ✔[0m[90m should throw an error when member is not found[0m
    [32m  ✔[0m[90m should get member by address when only pluginAddress is provided (without tokenAddress)[0m
[0m    isMemberOfPlugin[0m
    [32m  ✔[0m[90m should return true when member is part of plugin[0m
    [32m  ✔[0m[90m should return false when member is not part of plugin[0m
[0m    getMemberLocks[0m
    [32m  ✔[0m[90m should return empty response when no locks exist[0m
    [32m  ✔[0m[90m should calculate voting power when locks exist[0m

[0m  Controller: ExecuteSelector[0m
[0m    getExecuteSelectorsWithPagination[0m
    [32m  ✔[0m[90m should get execute selectors with pagination - all params[0m
    [32m  ✔[0m[90m should get execute selectors - minimal params[0m
    [32m  ✔[0m[90m should return empty response if filter params do not match[0m
    [32m  ✔[0m[90m should call getExecuteSelectorsWithPagination with no arguments (default parameters)[0m
    [32m  ✔[0m[90m should handle when findWithPagination returns empty results[0m

[0m  Controller: Dao[0m
[0m    get daos getWithPagination[0m
    [32m  ✔[0m[90m get daos with pagination - by network and address[0m
    [32m  ✔[0m[90m get daos with pagination - by pluginAddress[0m
    [32m  ✔[0m[90m get daos with pagination - no params[0m
[0m    getDaoById[0m
    [32m  ✔[0m[90m should getDaoById[0m
    [32m  ✔[0m[90m should fail to getDaoById[0m
[0m    getDaoByAddress[0m
    [32m  ✔[0m[90m should getDaoByAddress[0m
    [32m  ✔[0m[90m should fail to getDaoByAddress[0m
[0m    getDaoByEns[0m
    [32m  ✔[0m[90m should getDaoByEns[0m
    [32m  ✔[0m[90m should fail to getDaoByEns[0m
[0m    getDaosByMember[0m
    [32m  ✔[0m[90m should getDaosByMember[0m
    [32m  ✔[0m[90m should filter out excluded DAO when getting DAOs by member[0m
    [32m  ✔[0m[90m should getDaosByMember with networks parameter[0m

[0m  Controller: Contract[0m
[0m    getContractDetails[0m
    [32m  ✔[0m[90m should return contract details when RabbitMQ returns a response[0m
    [32m  ✔[0m[90m should return an error response if RabbitMQ throws an exception[0m
[0m    decodeContractData[0m
    [32m  ✔[0m[90m should return decoded contract data when RabbitMQ returns a response[0m
    [32m  ✔[0m[90m should return an error response if RabbitMQ throws an exception[0m

[0m  Controller: Asset[0m
[0m    getAssetsWithPagination[0m
    [32m  ✔[0m[90m should get assets with pagination - all params[0m
    [32m  ✔[0m[90m should get assets no params[0m
    [32m  ✔[0m[90m should call getAssetsWithPagination with no arguments (default parameters)[0m
    [32m  ✔[0m[90m should handle when findWithPagination returns empty results[0m
    [32m  ✔[0m[90m should handle when findWithPagination throws an error[0m
    [32m  ✔[0m[90m should handle when pairFromExtraParams throws an error[0m
    [32m  ✔[0m[90m should get proposals with pagination - daoId[0m
    [32m  ✔[0m[90m should get proposals with pagination - daoId not found[0m
    [32m  ✔[0m[90m should handle invalid pagination parameters[0m

[0m  RouterV2: Vote[0m
[0m    getWithPagination[0m
    [32m  ✔[0m[90m Should get vote with pagination - all params[0m
    [32m  ✔[0m[90m Should get vote with pagination - ens[0m
    [32m  ✔[0m[90m Should get vote with pagination - proposalId[0m
    [32m  ✔[0m[90m Should get vote with pagination - missing pagination params[0m
    [32m  ✔[0m[90m Should fail validation when neither daoId nor network with address is provided[0m
    [32m  ✔[0m[90m Should fail validation when network is provided without any address[0m
    [32m  ✔[0m[90m Should handle lowercase addresses and checksum them[0m
true
false
false
false
false
false
false
    [32m  ✔[0m[90m Should handle includeInfo boolean values[0m
    [32m  ✔[0m[90m Should allow address parameter in query (skipParams)[0m
[0m    getMemberVoteInfo[0m
    [32m  ✔[0m[90m Should get member vote info[0m
    [32m  ✔[0m[90m Should handle lowercase addresses and checksum them[0m
    [32m  ✔[0m[90m Should fail validation when memberAddress is missing[0m
    [32m  ✔[0m[90m Should fail validation when pluginAddress is missing[0m
    [32m  ✔[0m[90m Should fail validation when proposalIndex is missing[0m
    [32m  ✔[0m[90m Should fail validation when network is missing[0m
    [32m  ✔[0m[90m Should fail validation when memberAddress is invalid[0m
    [32m  ✔[0m[90m Should fail validation when network is invalid[0m
    [32m  ✔[0m[90m Should handle different proposalIndex values[0m

[0m  RouterV2: Transaction[0m
[0m    getWithPagination[0m
    [32m  ✔[0m[90m Should get transaction with pagination - all params[0m
    [32m  ✔[0m[90m Should get transaction with pagination - daoId[0m
    [32m  ✔[0m[90m Should fail validation when neither daoId nor network with address is provided[0m
    [32m  ✔[0m[90m Should fail validation when network is provided without any address[0m
    [32m  ✔[0m[90m Should handle lowercase addresses and checksum them[0m
    [32m  ✔[0m[90m Should allow address parameter in query (skipParams)[0m
[0m    getTransactionIndexingStatus[0m
    [32m  ✔[0m[90m Should get transaction indexing status[0m
    [32m  ✔[0m[90m Should handle different transaction index check types[0m
    [32m  ✔[0m[90m Should fail validation when network is invalid[0m
    [32m  ✔[0m[90m Should fail validation when type is missing[0m

[0m  RouterV2: Token[0m
[0m    getTokenByAddress[0m
    [32m  ✔[0m[90m Should getTokenByAddress[0m
    [32m  ✔[0m[90m Should handle lowercase address and checksum it[0m
    [32m  ✔[0m[90m Should handle different network values[0m
    [32m  ✔[0m[90m Should fail validation when address is invalid[0m
    [32m  ✔[0m[90m Should fail validation when address is missing[0m
    [32m  ✔[0m[90m Should fail validation when network is invalid[0m
    [32m  ✔[0m[90m Should fail validation when network is missing[0m
    [32m  ✔[0m[90m Should handle token not found response[0m
    [32m  ✔[0m[90m Should handle complex token response[0m

[0m  RouterV2: Setting[0m
[0m    getWithPagination[0m
    [32m  ✔[0m[90m Should get setting with pagination - all params[0m
    [32m  ✔[0m[90m Should get setting with pagination - daoId[0m
    [32m  ✔[0m[90m Should get setting with pagination - missing pagination params[0m
    [32m  ✔[0m[90m Should fail validation when neither daoId nor network with daoAddress is provided[0m
    [32m  ✔[0m[90m Should fail validation when network is provided without daoAddress[0m
    [32m  ✔[0m[90m Should handle lowercase addresses and checksum them[0m
[0m    getActiveSettingByDaoId[0m
    [32m  ✔[0m[90m Should getActiveSettingByDaoId[0m
    [32m  ✔[0m[90m Should handle lowercase pluginAddress and checksum it[0m
    [32m  ✔[0m[90m Should fail validation when pluginAddress is missing[0m
    [32m  ✔[0m[90m Should fail validation when pluginAddress is invalid[0m
[0m    getActiveSettingByDaoAddress[0m
    [32m  ✔[0m[90m Should getActiveSettingByDaoAddress[0m
    [32m  ✔[0m[90m Should handle lowercase addresses and checksum them[0m
    [32m  ✔[0m[90m Should fail validation when network is invalid[0m
    [32m  ✔[0m[90m Should fail validation when daoAddress is invalid[0m
    [32m  ✔[0m[90m Should fail validation when pluginAddress is missing[0m
    [32m  ✔[0m[90m Should fail validation when pluginAddress is invalid[0m

[0m  RouterV2: Proposal[0m
[0m    getWithPagination[0m
    [32m  ✔[0m[90m Should get proposal with pagination - all params[0m
    [32m  ✔[0m[90m Should get proposal with pagination - daoId[0m
    [32m  ✔[0m[90m Should get proposal with pagination - missing pagination params[0m
    [32m  ✔[0m[90m Should fail validation when neither daoId nor network with address is provided[0m
    [32m  ✔[0m[90m Should fail validation when network is provided without any address[0m
    [32m  ✔[0m[90m Should handle incrementalId as number 0[0m
    [32m  ✔[0m[90m Should handle incrementalId as undefined when not provided[0m
[0m    getProposalById[0m
    [32m  ✔[0m[90m Should getProposalById[0m
    [32m  ✔[0m[90m Should handle lowercase address and checksum it[0m
[0m    getProposalBySlug[0m
    [32m  ✔[0m[90m Should getProposalBySlug[0m
    [32m  ✔[0m[90m Should fail validation when daoId is missing[0m
    [32m  ✔[0m[90m Should fail validation when slug is invalid[0m
[0m    getProposalDecodedActions[0m
    [32m  ✔[0m[90m Should getProposalDecodedActions[0m
[ '0xc02aaa39b223fe8d0a0e5c4f27ead9083c756cc2' ]
0xC02aaA39b223FE8D0A0e5C4F27eAD9083C756Cc2
    [32m  ✔[0m[90m Should handle lowercase address and checksum it[0m
[0m    canCreateProposal[0m
    [32m  ✔[0m[90m Should check if a member can create a proposal[0m
    [32m  ✔[0m[90m Should handle lowercase addresses and checksum them[0m
    [32m  ✔[0m[90m Should fail validation when memberAddress is missing[0m
    [32m  ✔[0m[90m Should fail validation when pluginAddress is missing[0m
    [32m  ✔[0m[90m Should fail validation when network is missing[0m
    [32m  ✔[0m[90m Should fail validation when memberAddress is invalid[0m

[0m  RouterV2: Plugin[0m
[0m    getInstallationData[0m
    [32m  ✔[0m[90m should call controller with correct args and return installation data[0m
    [32m  ✔[0m[90m should handle lowercase address and checksum it[0m
    [32m  ✔[0m[90m should handle null response from controller[0m
    [32m  ✔[0m[90m should handle undefined response from controller[0m
    [32m  ✔[0m[90m should fail validation when pluginAddress is missing[0m
    [32m  ✔[0m[90m should fail validation when network is missing[0m
    [32m  ✔[0m[90m should fail validation when pluginAddress is invalid[0m
    [32m  ✔[0m[90m should fail validation when network is invalid[0m
    [32m  ✔[0m[90m should fail validation when extra parameters are provided[0m
    [32m  ✔[0m[90m should handle different network values[0m
    [32m  ✔[0m[90m should handle complex installation data response[0m

[0m  RouterV2: Member[0m
[0m    getMembersWithPagination[0m
    [32m  ✔[0m[90m Should get member with pagination - all params[0m
    [32m  ✔[0m[90m Should get member with pagination - daoId[0m
    [32m  ✔[0m[90m Should get member with pagination - missing pagination params[0m
    [32m  ✔[0m[90m Should fail validation when neither daoId nor network with daoAddress is provided[0m
    [32m  ✔[0m[90m Should fail validation when network is provided without daoAddress[0m
[0m    getMemberByAddress[0m
    [32m  ✔[0m[90m Should getMemberByAddress with network and pluginAddress[0m
    [32m  ✔[0m[90m Should getMemberByAddress with network and tokenAddress[0m
    [32m  ✔[0m[90m Should getMemberByAddress with daoId[0m
    [32m  ✔[0m[90m Should fail validation when neither daoId nor network with address is provided[0m
    [32m  ✔[0m[90m Should fail validation when network is provided without pluginAddress or tokenAddress[0m
[0m    isMemberOfPlugin[0m
    [32m  ✔[0m[90m Should check if a member is part of a plugin[0m
    [32m  ✔[0m[90m Should fail validation when network is missing[0m
[0m    getMemberLocks[0m
    [32m  ✔[0m[90m Should get member locks with all parameters[0m
    [32m  ✔[0m[90m Should get member locks with minimal parameters (using defaults)[0m
    [32m  ✔[0m[90m Should get member locks with onlyActive false[0m
    [32m  ✔[0m[90m Should handle invalid boolean value for onlyActive[0m
    [32m  ✔[0m[90m Should handle undefined onlyActive parameter[0m
    [32m  ✔[0m[90m Should fail validation when network parameter is missing[0m

[0m  RouterV2: V2Router[0m
  [32m  ✔[0m[90m Should correctly initialize and mount all v2 routers[0m[31m (103ms)[0m
  [32m  ✔[0m[90m Should create a functional router that can be used in a Koa app[0m

[0m  RouterV2: ExecuteSelector[0m
[0m    getWithPagination[0m
    [32m  ✔[0m[90m Should get execute selectors with pagination - all params[0m
    [32m  ✔[0m[90m Should get execute selectors with pagination - minimal params[0m
    [32m  ✔[0m[90m Should get execute selectors with pagination - missing pagination params[0m
    [32m  ✔[0m[90m Should fail validation when network is not provided[0m
    [32m  ✔[0m[90m Should fail validation when pluginAddress is not provided[0m

[0m  RouterV2: Dao[0m
  [32m  ✔[0m[90m Should getDaoById[0m
  [32m  ✔[0m[90m Should getDaoByAddress[0m
  [32m  ✔[0m[90m should get daos by member address[0m
  [32m  ✔[0m[90m should get daos by member address with networks filter[0m
  [32m  ✔[0m[90m should get daos by member address with networks filter in CSV format[0m
  [32m  ✔[0m[90m Should getDaoByEns[0m
  [32m  ✔[0m[90m should throw an error for invalid ENS format[0m
[0m    getWithPagination[0m
    [32m  ✔[0m[90m Should get dao with pagination - all params[0m
    [32m  ✔[0m[90m Should get dao with pagination - all string params[0m
    [32m  ✔[0m[90m Should get dao with pagination - wrong string params[0m
    [32m  ✔[0m[90m Should get dao with pagination - missing pagination params[0m

[0m  RouterV2: Contract[0m
[0m    getDetails[0m
    [32m  ✔[0m[90m should call the controller and return contract details[0m
    [32m  ✔[0m[90m should decode the action data of a contract[0m

[0m  RouterV2: Asset[0m
[0m    getWithPagination[0m
    [32m  ✔[0m[90m Should get asset with pagination - all params[0m
    [32m  ✔[0m[90m Should get asset with pagination - daoId[0m
    [32m  ✔[0m[90m Should get asset with pagination - missing pagination params[0m

[0m  RouterV1: Vote[0m
  [32m  ✔[0m[90m Should get member vote info[0m
[0m    getWithPagination[0m
    [32m  ✔[0m[90m Should get vote with pagination - all params[0m
    [32m  ✔[0m[90m Should get vote with pagination - ens[0m
    [32m  ✔[0m[90m Should get vote with pagination - missing pagination params[0m

[0m  RouterV1: Transaction[0m
[0m    getWithPagination[0m
    [32m  ✔[0m[90m Should get transaction with pagination - all params[0m
    [32m  ✔[0m[90m Should get transaction with pagination - daoId[0m
    [32m  ✔[0m[90m Should get transaction with pagination - missing pagination params[0m
[0m    getTransactionIndexingStatus[0m
    [32m  ✔[0m[90m Should get transaction indexing status[0m

[0m  RouterV1: Token[0m
  [32m  ✔[0m[90m Should getTokenByAddress[0m
[0m    getWithPagination[0m
    [32m  ✔[0m[90m Should get token with pagination - all params[0m
    [32m  ✔[0m[90m Should get token with pagination - missing pagination params[0m

[0m  RouterV1: Setting[0m
  [32m  ✔[0m[90m Should getActiveSettingByDaoId[0m
  [32m  ✔[0m[90m Should getActiveSettingByDaoAddress[0m
[0m    getWithPagination[0m
    [32m  ✔[0m[90m Should get setting with pagination - all params[0m
    [32m  ✔[0m[90m Should get setting with pagination - daoId[0m
    [32m  ✔[0m[90m Should get setting with pagination - missing pagination params[0m

[0m  RouterV1: Proposal[0m
  [32m  ✔[0m[90m Should getProposalById[0m
  [32m  ✔[0m[90m Should getProposalBySlug[0m
  [32m  ✔[0m[90m Should getProposalDecodedActions[0m
  [32m  ✔[0m[90m Should check if a member can create a proposal[0m
[0m    getWithPagination[0m
    [32m  ✔[0m[90m Should get proposal with pagination - all params[0m
    [32m  ✔[0m[90m Should get proposal with pagination - daoId[0m
    [32m  ✔[0m[90m Should get proposal with pagination - missing pagination params[0m

[0m  RouterV1: Plugin[0m
[0m    getInstallationData[0m
    [32m  ✔[0m[90m should call controller with correct args and return installation data[0m
    [32m  ✔[0m[90m should handle null response from controller[0m

[0m  RouterV1: Member[0m
  [32m  ✔[0m[90m Should getMemberByAddress using address[0m
  [32m  ✔[0m[90m Should check if a member is part of a plugin[0m
[0m    getMembersWithPagination[0m
    [32m  ✔[0m[90m Should get member with pagination - all params[0m
    [32m  ✔[0m[90m Should get member with pagination - daoId[0m
    [32m  ✔[0m[90m Should get member with pagination - missing pagination params[0m
[0m    getMemberLocks[0m
    [32m  ✔[0m[90m Should get member locks with all parameters[0m
    [32m  ✔[0m[90m Should get member locks with minimal parameters (using defaults)[0m
    [32m  ✔[0m[90m Should get member locks with onlyActive false[0m
    [32m  ✔[0m[90m Should handle validation and call controller with formatted params[0m

[0m  RouterV1: V1Router[0m
  [31m  1) Should correctly initialize and mount all v1 routers[0m
  [32m  ✔[0m[90m Should create a functional router that can be used in a Koa app[0m

[0m  RouterV1: Dao[0m
  [32m  ✔[0m[90m Should getDaoById[0m
  [32m  ✔[0m[90m Should getDaoByAddress[0m
  [32m  ✔[0m[90m should get daos by member address[0m
  [32m  ✔[0m[90m should get daos by member address with networks filter[0m
  [32m  ✔[0m[90m should get daos by member address with networks filter in CSV format[0m
  [32m  ✔[0m[90m Should getDaoByEns[0m
  [32m  ✔[0m[90m should throw an error for invalid ENS format[0m
[0m    getWithPagination[0m
    [32m  ✔[0m[90m Should get dao with pagination - all params[0m
    [32m  ✔[0m[90m Should get dao with pagination - all string params[0m
    [32m  ✔[0m[90m Should get dao with pagination - wrong string params[0m
    [32m  ✔[0m[90m Should get dao with pagination - missing pagination params[0m

[0m  RouterV1: Contract[0m
[0m    getDetails[0m
    [32m  ✔[0m[90m should call the controller and return contract details[0m
    [32m  ✔[0m[90m should decode the action data of a contract[0m

[0m  RouterV1: Asset[0m
[0m    getWithPagination[0m
    [32m  ✔[0m[90m Should get asset with pagination - all params[0m
    [32m  ✔[0m[90m Should get asset with pagination - daoId[0m
    [32m  ✔[0m[90m Should get asset with pagination - missing pagination params[0m


[92m [0m[32m 2576 passing[0m[90m (2m)[0m
[36m [0m[36m 5 pending[0m
[31m  1 failing[0m

[0m  1) RouterV1: V1Router
       Should correctly initialize and mount all v1 routers:

      [31mAssertionError: expected false to be true[0m
      [32m+ expected[0m [31m- actual[0m

      [31m-false[0m
      [32m+true[0m
      [0m[90m
      at expectRouter (/Users/sishirpokhrel/Projects/aragon/app-backend/test/unit/services/aragon-api/routers/v1/index.spec.ts:66:82)
      at Context.<anonymous> (/Users/sishirpokhrel/Projects/aragon/app-backend/test/unit/services/aragon-api/routers/v1/index.spec.ts:77:5)
[0m


info Visit https://yarnpkg.com/en/docs/cli/run for documentation about this command.
